
> comicr@0.1.0 build C:\Users\Alexa\Desktop\SandBox\comicr
> next build

Γû▓ Next.js 16.1.5 (Turbopack)
- Environments: .env.local

  Creating an optimized production build ...

> Build error occurred
Error: Turbopack build failed with 1 errors:
./src/app/globals.css:3:49136
Module not found: Can't resolve '&#39;/images/black.webp&'
  1 | /*! tailwindcss v4.1.18 | MIT License | https://tailwindcss.com */
  2 | @layer properties{@supports (((-webkit-hyphens:none)) and (not (margin-trim:inline))) or ((-moz-orient:inline) and (not (color:rgb(from red r g b)))){*,:before,:after,::backdrop{--tw-translate-x:0;--tw-translate-y:0;--tw-translate-z:0;--tw-scale-x:1;--tw-scale-y:1;--tw-scale-z:1;--tw-rotate-x:initial;--tw-rotate-y:initial;--tw-rotate-z:initial;--tw-skew-x:initial;--tw-skew-y:initial;--tw-pan-x:initial;--tw-pan-y:initial;--tw-pinch-zoom:initial;--tw-space-y-reverse:0;--tw-space-x-reverse:0;--tw-divide-x-reverse:0;--tw-border-style:solid;--tw-divide-y-reverse:0;--tw-gradient-position:initial;--tw-gradient-from:#0000;--tw-gradient-via:#0000;--tw-gradient-to:#0000;--tw-gradient-stops:initial;--tw-gradient-via-stops:initial;--tw-gradient-from-position:0%;--tw-gradient-via-position:50%;--tw-gradient-to-position:100%;--tw-leading:initial;--tw-font-weight:initial;--tw-tracking:initial;--tw-ordinal:initial;--tw-slashed-zero:initial;--tw-numeric-figure:initial;--tw-numeric-spacing:initial;--tw-numeric-fraction:initial;--tw-shadow:0 0 #0000;--tw-shadow-color:initial;--tw-shadow-alpha:100%;--tw-inset-shadow:0 0 #0000;--tw-inset-shadow-color:initial;--tw-inset-shadow-alpha:100%;--tw-ring-color:initial;--tw-ring-shadow:0 0 #0000;--tw-inset-ring-color:initial;--tw-inset-ring-shadow:0 0 #0000;--tw-ring-inset:initial;--tw-ring-offset-width:0px;--tw-ring-offset-color:#fff;--tw-ring-offset-shadow:0 0 #0000;--tw-outline-style:solid;--tw-blur:initial;--tw-brightness:initial;--tw-contrast:initial;--tw-grayscale:initial;--tw-hue-rotate:initial;--tw-invert:initial;--tw-opacity:initial;--tw-saturate:initial;--tw-sepia:initial;--tw-drop-shadow:initial;--tw-drop-shadow-color:initial;--tw-drop-shadow-alpha:100%;--tw-drop-shadow-size:initial;--tw-backdrop-blur:initial;--tw-backdrop-brightness:initial;--tw-backdrop-contrast:initial;--tw-backdrop-grayscale:initial;--tw-backdrop-hue-rotate:initial;--tw-backdrop-invert:initial;--tw-backdrop-opacity:initial;--tw-backdrop-saturate:initial;--tw-backdrop-sepia:initial;--tw-duration:initial;--tw-ease:initial;--tw-content:"";--tw-animation-delay:0s;--tw-animation-direction:normal;--tw-animation-duration:initial;--tw-animation-fill-mode:none;--tw-animation-iteration-count:1;--tw-enter-blur:0;--tw-enter-opacity:1;--tw-enter-rotate:0;--tw-enter-scale:1;--tw-enter-translate-x:0;--tw-enter-translate-y:0;--tw-exit-blur:0;--tw-exit-opacity:1;--tw-exit-rotate:0;--tw-exit-scale:1;--tw-exit-translate-x:0;--tw-exit-translate-y:0}}}@layer theme{:root,:host{--color-red-400:oklch(70.4% .191 22.216);--color-red-500:oklch(63.7% .237 25.331);--color-red-600:oklch(57.7% .245 27.325);--color-amber-400:oklch(82.8% .189 84.429);--color-amber-600:oklch(66.6% .179 58.318);--color-yellow-100:oklch(97.3% .071 103.193);--color-yellow-200:oklch(94.5% .129 101.54);--color-yellow-300:oklch(90.5% .182 98.111);--color-yellow-400:oklch(85.2% .199 91.936);--color-yellow-500:oklch(79.5% .184 86.047);--color-yellow-600:oklch(68.1% .162 75.834);--color-yellow-800:oklch(47.6% .114 61.907);--color-yellow-900:oklch(42.1% .095 57.708);--color-green-500:oklch(72.3% .219 149.579);--color-green-600:oklch(62.7% .194 149.214);--color-green-900:oklch(39.3% .095 152.535);--color-cyan-500:oklch(71.5% .143 215.221);--color-blue-100:oklch(93.2% .032 255.585);--color-blue-200:oklch(88.2% .059 254.128);--color-blue-300:oklch(80.9% .105 251.813);--color-blue-400:oklch(70.7% .165 254.624);--color-blue-500:oklch(62.3% .214 259.815);--color-blue-600:oklch(54.6% .245 262.881);--color-blue-700:oklch(48.8% .243 264.376);--color-blue-900:oklch(37.9% .146 265.522);--color-indigo-200:oklch(87% .065 274.039);--color-indigo-300:oklch(78.5% .115 274.713);--color-indigo-600:oklch(51.1% .262 276.966);--color-indigo-800:oklch(39.8% .195 277.366);--color-indigo-900:oklch(35.9% .144 278.697);--color-violet-600:oklch(54.1% .281 293.009);--color-purple-200:oklch(90.2% .063 306.703);--color-purple-300:oklch(82.7% .119 306.383);--color-purple-400:oklch(71.4% .203 305.504);--color-purple-500:oklch(62.7% .265 303.9);--color-purple-600:oklch(55.8% .288 302.321);--color-purple-700:oklch(49.6% .265 301.924);--color-purple-800:oklch(43.8% .218 303.724);--color-purple-900:oklch(38.1% .176 304.987);--color-pink-500:oklch(65.6% .241 354.308);--color-pink-600:oklch(59.2% .249 .584);--color-slate-50:oklch(98.4% .003 247.858);--color-slate-200:oklch(92.9% .013 255.508);--color-slate-300:oklch(86.9% .022 252.894);--color-slate-400:oklch(70.4% .04 256.788);--color-slate-500:oklch(55.4% .046 257.417);--color-slate-600:oklch(44.6% .043 257.281);--color-slate-700:oklch(37.2% .044 257.287);--color-slate-800:oklch(27.9% .041 260.031);--color-slate-900:oklch(20.8% .042 265.755);--color-slate-950:oklch(12.9% .042 264.695);--color-gray-100:oklch(96.7% .003 264.542);--color-gray-200:oklch(92.8% .006 264.531);--color-gray-300:oklch(87.2% .01 258.338);--color-gray-400:oklch(70.7% .022 261.325);--color-gray-900:oklch(21% .034 264.665);--color-zinc-50:oklch(98.5% 0 0);--color-zinc-100:oklch(96.7% .001 286.375);--color-zinc-200:oklch(92% .004 286.32);--color-zinc-300:oklch(87.1% .006 286.286);--color-zinc-400:oklch(70.5% .015 286.067);--color-zinc-500:oklch(55.2% .016 285.938);--color-zinc-600:oklch(44.2% .017 285.786);--color-zinc-700:oklch(37% .013 285.805);--color-zinc-800:oklch(27.4% .006 286.033);--color-zinc-900:oklch(21% .006 285.885);--color-zinc-950:oklch(14.1% .005 285.823);--color-black:#000;--color-white:#fff;--spacing:.25rem;--container-xs:20rem;--container-sm:24rem;--container-md:28rem;--container-lg:32rem;--container-2xl:42rem;--container-3xl:48rem;--container-4xl:56rem;--container-6xl:72rem;--container-7xl:80rem;--text-xs:.75rem;--text-xs--line-height:calc(1/.75);--text-sm:.875rem;--text-sm--line-height:calc(1.25/.875);--text-base:1rem;--text-base--line-height:calc(1.5/1);--text-lg:1.125rem;--text-lg--line-height:calc(1.75/1.125);--text-xl:1.25rem;--text-xl--line-height:calc(1.75/1.25);--text-2xl:1.5rem;--text-2xl--line-height:calc(2/1.5);--text-3xl:1.875rem;--text-3xl--line-height:calc(2.25/1.875);--text-4xl:2.25rem;--text-4xl--line-height:calc(2.5/2.25);--text-5xl:3rem;--text-5xl--line-height:1;--font-weight-normal:400;--font-weight-medium:500;--font-weight-semibold:600;--font-weight-bold:700;--font-weight-extrabold:800;--font-weight-black:900;--tracking-tight:-.025em;--tracking-wide:.025em;--tracking-wider:.05em;--tracking-widest:.1em;--leading-tight:1.25;--leading-snug:1.375;--leading-normal:1.5;--leading-relaxed:1.625;--radius-xs:.125rem;--drop-shadow-sm:0 1px 2px #00000026;--drop-shadow-md:0 3px 3px #0000001f;--drop-shadow-lg:0 4px 4px #00000026;--drop-shadow-2xl:0 25px 25px #00000026;--ease-in:cubic-bezier(.4,0,1,1);--ease-out:cubic-bezier(0,0,.2,1);--ease-in-out:cubic-bezier(.4,0,.2,1);--animate-spin:spin 1s linear infinite;--animate-pulse:pulse 2s cubic-bezier(.4,0,.6,1)infinite;--animate-bounce:bounce 1s infinite;--blur-sm:8px;--blur-md:12px;--blur-lg:16px;--blur-xl:24px;--blur-2xl:40px;--blur-3xl:64px;--aspect-video:16/9;--default-transition-duration:.15s;--default-transition-timing-function:cubic-bezier(.4,0,.2,1);--default-font-family:var(--font-geist-sans);--default-mono-font-family:var(--font-geist-mono);--color-border:var(--border)}}@layer base{*,:after,:before,::backdrop{box-sizing:border-box;border:0 solid;margin:0;padding:0}::file-selector-button{box-sizing:border-box;border:0 solid;margin:0;padding:0}html,:host{-webkit-text-size-adjust:100%;tab-size:4;line-height:1.5;font-family:var(--default-font-family,ui-sans-serif,system-ui,sans-serif,"Apple Color Emoji","Segoe UI Emoji","Segoe UI Symbol","Noto Color Emoji");font-feature-settings:var(--default-font-feature-settings,normal);font-variation-settings:var(--default-font-variation-settings,normal);-webkit-tap-highlight-color:transparent}hr{height:0;color:inherit;border-top-width:1px}abbr:where([title]){-webkit-text-decoration:underline dotted;text-decoration:underline dotted}h1,h2,h3,h4,h5,h6{font-size:inherit;font-weight:inherit}a{color:inherit;-webkit-text-decoration:inherit;-webkit-text-decoration:inherit;-webkit-text-decoration:inherit;text-decoration:inherit}b,strong{font-weight:bolder}code,kbd,samp,pre{font-family:var(--default-mono-font-family,ui-monospace,SFMono-Regular,Menlo,Monaco,Consolas,"Liberation Mono","Courier New",monospace);font-feature-settings:var(--default-mono-font-feature-settings,normal);font-variation-settings:var(--default-mono-font-variation-settings,normal);font-size:1em}small{font-size:80%}sub,sup{vertical-align:baseline;font-size:75%;line-height:0;position:relative}sub{bottom:-.25em}sup{top:-.5em}table{text-indent:0;border-color:inherit;border-collapse:collapse}:-moz-focusring{outline:auto}progress{vertical-align:baseline}summary{display:list-item}ol,ul,menu{list-style:none}img,svg,video,canvas,audio,iframe,embed,object{vertical-align:middle;display:block}img,video{max-width:100%;height:auto}button,input,select,optgroup,textarea{font:inherit;font-feature-settings:inherit;font-variation-settings:inherit;letter-spacing:inherit;color:inherit;opacity:1;background-color:#0000;border-radius:0}::file-selector-button{font:inherit;font-feature-settings:inherit;font-variation-settings:inherit;letter-spacing:inherit;color:inherit;opacity:1;background-color:#0000;border-radius:0}:where(select:is([multiple],[size])) optgroup{font-weight:bolder}:where(select:is([multiple],[size])) optgroup option{padding-inline-start:20px}::file-selector-button{margin-inline-end:4px}::placeholder{opacity:1}@supports (not ((-webkit-appearance:-apple-pay-button))) or (contain-intrinsic-size:1px){::placeholder{color:currentColor}@supports (color:color-mix(in lab, red, red)){::placeholder{color:color-mix(in oklab,currentcolor 50%,transparent)}}}textarea{resize:vertical}::-webkit-search-decoration{-webkit-appearance:none}::-webkit-date-and-time-value{min-height:1lh;text-align:inherit}::-webkit-datetime-edit{display:inline-flex}::-webkit-datetime-edit-fields-wrapper{padding:0}::-webkit-datetime-edit{padding-block:0}::-webkit-datetime-edit-year-field{padding-block:0}::-webkit-datetime-edit-month-field{padding-block:0}::-webkit-datetime-edit-day-field{padding-block:0}::-webkit-datetime-edit-hour-field{padding-block:0}::-webkit-datetime-edit-minute-field{padding-block:0}::-webkit-datetime-edit-second-field{padding-block:0}::-webkit-datetime-edit-millisecond-field{padding-block:0}::-webkit-datetime-edit-meridiem-field{padding-block:0}::-webkit-calendar-picker-indicator{line-height:1}:-moz-ui-invalid{box-shadow:none}button,input:where([type=button],[type=reset],[type=submit]){appearance:button}::file-selector-button{appearance:button}::-webkit-inner-spin-button{height:auto}::-webkit-outer-spin-button{height:auto}[hidden]:where(:not([hidden=until-found])){display:none!important}*{border-color:var(--border);outline-color:var(--ring)}@supports (color:color-mix(in lab, red, red)){*{outline-color:color-mix(in oklab,var(--ring)50%,transparent)}}body{background-color:var(--background);color:var(--foreground)}}@layer components;@layer utilities{.\@container\/card-header{container:card-header/inline-size}.\@container\/field-group{container:field-group/inline-size}.pointer-events-none{pointer-events:none}.collapse{visibility:collapse}.invisible{visibility:hidden}.visible{visibility:visible}.sr-only{clip-path:inset(50%);white-space:nowrap;border-width:0;width:1px;height:1px;margin:-1px;padding:0;position:absolute;overflow:hidden}.not-sr-only{clip-path:none;white-space:normal;width:auto;height:auto;margin:0;padding:0;position:static;overflow:visible}.absolute{position:absolute}.fixed{position:fixed}.relative{position:relative}.static{position:static}.sticky{position:sticky}.-inset-1{inset:calc(var(--spacing)*-1)}.inset-0{inset:calc(var(--spacing)*0)}.inset-x-0{inset-inline:calc(var(--spacing)*0)}.inset-y-0{inset-block:calc(var(--spacing)*0)}.end-0{inset-inline-end:calc(var(--spacing)*0)}.-top-2{top:calc(var(--spacing)*-2)}.-top-12{top:calc(var(--spacing)*-12)}.-top-32{top:calc(var(--spacing)*-32)}.top-0{top:calc(var(--spacing)*0)}.top-1\.5{top:calc(var(--spacing)*1.5)}.top-1\/2{top:50%}.top-2{top:calc(var(--spacing)*2)}.top-3{top:calc(var(--spacing)*3)}.top-3\.5{top:calc(var(--spacing)*3.5)}.top-4{top:calc(var(--spacing)*4)}.top-5{top:calc(var(--spacing)*5)}.top-6{top:calc(var(--spacing)*6)}.top-\[1px\]{top:1px}.top-\[35\%\]{top:35%}.top-\[50\%\]{top:50%}.top-\[60\%\]{top:60%}.top-full{top:100%}.-right-2{right:calc(var(--spacing)*-2)}.-right-12{right:calc(var(--spacing)*-12)}.-right-32{right:calc(var(--spacing)*-32)}.right-0{right:calc(var(--spacing)*0)}.right-1{right:calc(var(--spacing)*1)}.right-1\/4{right:25%}.right-2{right:calc(var(--spacing)*2)}.right-3{right:calc(var(--spacing)*3)}.right-4{right:calc(var(--spacing)*4)}.right-6{right:calc(var(--spacing)*6)}.right-\[3\%\]{right:3%}.right-\[5\%\]{right:5%}.right-\[12\%\]{right:12%}.-bottom-12{bottom:calc(var(--spacing)*-12)}.-bottom-40{bottom:calc(var(--spacing)*-40)}.bottom-0{bottom:calc(var(--spacing)*0)}.bottom-6{bottom:calc(var(--spacing)*6)}.bottom-\[-18px\]{bottom:-18px}.bottom-\[-40px\]{bottom:-40px}.bottom-\[0px\]{bottom:0}.bottom-\[25\%\]{bottom:25%}.-left-12{left:calc(var(--spacing)*-12)}.-left-40{left:calc(var(--spacing)*-40)}.left-0{left:calc(var(--spacing)*0)}.left-1\/2{left:50%}.left-1\/4{left:25%}.left-2{left:calc(var(--spacing)*2)}.left-3{left:calc(var(--spacing)*3)}.left-6{left:calc(var(--spacing)*6)}.left-\[3\%\]{left:3%}.left-\[5px\]{left:5px}.left-\[8\%\]{left:8%}.left-\[50\%\]{left:50%}.isolate{isolation:isolate}.isolation-auto{isolation:auto}.z-0{z-index:0}.z-1{z-index:1}.z-10{z-index:10}.z-20{z-index:20}.z-30{z-index:30}.z-50{z-index:50}.z-\[1\]{z-index:1}.z-\[9999\]{z-index:9999}.z-\[2147483648\]{z-index:2147483647}.order-first{order:-9999}.order-last{order:9999}.col-span-3{grid-column:span 3/span 3}.col-span-9{grid-column:span 9/span 9}.col-span-12{grid-column:span 12/span 12}.col-span-full{grid-column:1/-1}.col-start-2{grid-column-start:2}.row-span-2{grid-row:span 2/span 2}.row-start-1{grid-row-start:1}.float-left{float:left}.float-right{float:right}.container{width:100%}@media (min-width:40rem){.container{max-width:40rem}}@media (min-width:48rem){.container{max-width:48rem}}@media (min-width:64rem){.container{max-width:64rem}}@media (min-width:80rem){.container{max-width:80rem}}@media (min-width:96rem){.container{max-width:96rem}}.\!m-0{margin:calc(var(--spacing)*0)!important}.m-0{margin:calc(var(--spacing)*0)}.m-1{margin:calc(var(--spacing)*1)}.m-2{margin:calc(var(--spacing)*2)}.m-\[4px\]{margin:4px}.-mx-1{margin-inline:calc(var(--spacing)*-1)}.-mx-5{margin-inline:calc(var(--spacing)*-5)}.mx-2{margin-inline:calc(var(--spacing)*2)}.mx-3\.5{margin-inline:calc(var(--spacing)*3.5)}.mx-auto{margin-inline:auto}.-my-2{margin-block:calc(var(--spacing)*-2)}.my-0{margin-block:calc(var(--spacing)*0)}.my-0\.5{margin-block:calc(var(--spacing)*.5)}.my-1{margin-block:calc(var(--spacing)*1)}.my-4{margin-block:calc(var(--spacing)*4)}.my-20{margin-block:calc(var(--spacing)*20)}.-mt-4{margin-top:calc(var(--spacing)*-4)}.-mt-10{margin-top:calc(var(--spacing)*-10)}.mt-0\.5{margin-top:calc(var(--spacing)*.5)}.mt-1{margin-top:calc(var(--spacing)*1)}.mt-1\.5{margin-top:calc(var(--spacing)*1.5)}.mt-2{margin-top:calc(var(--spacing)*2)}.mt-2\.5{margin-top:calc(var(--spacing)*2.5)}.mt-3{margin-top:calc(var(--spacing)*3)}.mt-4{margin-top:calc(var(--spacing)*4)}.mt-5{margin-top:calc(var(--spacing)*5)}.mt-6{margin-top:calc(var(--spacing)*6)}.mt-8{margin-top:calc(var(--spacing)*8)}.mt-12{margin-top:calc(var(--spacing)*12)}.mt-\[-2px\]{margin-top:-2px}.mt-\[-30px\]{margin-top:-30px}.mt-\[1px\]{margin-top:1px}.mt-\[2px\]{margin-top:2px}.mt-\[3px\]{margin-top:3px}.mt-\[5px\]{margin-top:5px}.mt-\[40\%\]{margin-top:40%}.mt-\[68px\]{margin-top:68px}.mt-auto{margin-top:auto}.mr-0{margin-right:calc(var(--spacing)*0)}.mr-0\.5{margin-right:calc(var(--spacing)*.5)}.mr-1{margin-right:calc(var(--spacing)*1)}.mr-1\.5{margin-right:calc(var(--spacing)*1.5)}.mr-2{margin-right:calc(var(--spacing)*2)}.mr-3{margin-right:calc(var(--spacing)*3)}.mr-8{margin-right:calc(var(--spacing)*8)}.mr-10{margin-right:calc(var(--spacing)*10)}.mr-\[2px\]{margin-right:2px}.mr-\[3px\]{margin-right:3px}.mb-0\.5{margin-bottom:calc(var(--spacing)*.5)}.mb-1{margin-bottom:calc(var(--spacing)*1)}.mb-2{margin-bottom:calc(var(--spacing)*2)}.mb-2\.5{margin-bottom:calc(var(--spacing)*2.5)}.mb-3{margin-bottom:calc(var(--spacing)*3)}.mb-4{margin-bottom:calc(var(--spacing)*4)}.mb-6{margin-bottom:calc(var(--spacing)*6)}.mb-8{margin-bottom:calc(var(--spacing)*8)}.mb-12{margin-bottom:calc(var(--spacing)*12)}.mb-\[-1px\]{margin-bottom:-1px}.mb-\[2px\]{margin-bottom:2px}.mb-\[5px\]{margin-bottom:5px}.mb-\[18px\]{margin-bottom:18px}.\!ml-0{margin-left:calc(var(--spacing)*0)!important}.-ml-4{margin-left:calc(var(--spacing)*-4)}.ml-0{margin-left:calc(var(--spacing)*0)}.ml-1{margin-left:calc(var(--spacing)*1)}.ml-2{margin-left:calc(var(--spacing)*2)}.ml-2\.5{margin-left:calc(var(--spacing)*2.5)}.ml-4{margin-left:calc(var(--spacing)*4)}.ml-5{margin-left:calc(var(--spacing)*5)}.ml-\[2px\]{margin-left:2px}.ml-\[5px\]{margin-left:5px}.ml-\[25px\]{margin-left:25px}.ml-\[37px\]{margin-left:37px}.ml-auto{margin-left:auto}.line-clamp-1{-webkit-line-clamp:1;-webkit-box-orient:vertical;display:-webkit-box;overflow:hidden}.line-clamp-2{-webkit-line-clamp:2;-webkit-box-orient:vertical;display:-webkit-box;overflow:hidden}.block{display:block}.contents{display:contents}.flex{display:flex}.flow-root{display:flow-root}.grid{display:grid}.hidden{display:none}.inline{display:inline}.inline-block{display:inline-block}.inline-flex{display:inline-flex}.inline-grid{display:inline-grid}.inline-table{display:inline-table}.list-item{display:list-item}.table{display:table}.table-caption{display:table-caption}.table-cell{display:table-cell}.table-column{display:table-column}.table-column-group{display:table-column-group}.table-footer-group{display:table-footer-group}.table-header-group{display:table-header-group}.table-row{display:table-row}.table-row-group{display:table-row-group}.field-sizing-content{field-sizing:content}.aspect-square{aspect-ratio:1}.aspect-video{aspect-ratio:var(--aspect-video)}.size-\(--cell-size\){width:var(--cell-size);height:var(--cell-size)}.size-2{width:calc(var(--spacing)*2);height:calc(var(--spacing)*2)}.size-2\.5{width:calc(var(--spacing)*2.5);height:calc(var(--spacing)*2.5)}.size-3{width:calc(var(--spacing)*3);height:calc(var(--spacing)*3)}.size-3\.5{width:calc(var(--spacing)*3.5);height:calc(var(--spacing)*3.5)}.size-4{width:calc(var(--spacing)*4);height:calc(var(--spacing)*4)}.size-6{width:calc(var(--spacing)*6);height:calc(var(--spacing)*6)}.size-7{width:calc(var(--spacing)*7);height:calc(var(--spacing)*7)}.size-8{width:calc(var(--spacing)*8);height:calc(var(--spacing)*8)}.size-9{width:calc(var(--spacing)*9);height:calc(var(--spacing)*9)}.size-10{width:calc(var(--spacing)*10);height:calc(var(--spacing)*10)}.size-16{width:calc(var(--spacing)*16);height:calc(var(--spacing)*16)}.size-auto{width:auto;height:auto}.size-full{width:100%;height:100%}.h-\(--cell-size\){height:var(--cell-size)}.h-1{height:calc(var(--spacing)*1)}.h-1\.5{height:calc(var(--spacing)*1.5)}.h-2{height:calc(var(--spacing)*2)}.h-2\.5{height:calc(var(--spacing)*2.5)}.h-3{height:calc(var(--spacing)*3)}.h-3\.5{height:calc(var(--spacing)*3.5)}.h-4{height:calc(var(--spacing)*4)}.h-5{height:calc(var(--spacing)*5)}.h-5\.5{height:calc(var(--spacing)*5.5)}.h-6{height:calc(var(--spacing)*6)}.h-7{height:calc(var(--spacing)*7)}.h-8{height:calc(var(--spacing)*8)}.h-9{height:calc(var(--spacing)*9)}.h-10{height:calc(var(--spacing)*10)}.h-11{height:calc(var(--spacing)*11)}.h-12{height:calc(var(--spacing)*12)}.h-16{height:calc(var(--spacing)*16)}.h-18{height:calc(var(--spacing)*18)}.h-20{height:calc(var(--spacing)*20)}.h-24{height:calc(var(--spacing)*24)}.h-28{height:calc(var(--spacing)*28)}.h-32{height:calc(var(--spacing)*32)}.h-40{height:calc(var(--spacing)*40)}.h-48{height:calc(var(--spacing)*48)}.h-64{height:calc(var(--spacing)*64)}.h-72{height:calc(var(--spacing)*72)}.h-80{height:calc(var(--spacing)*80)}.h-96{height:calc(var(--spacing)*96)}.h-\[2px\]{height:2px}.h-\[13px\]{height:13px}.h-\[15px\]{height:15px}.h-\[22px\]{height:22px}.h-\[25px\]{height:25px}.h-\[26px\]{height:26px}.h-\[55px\]{height:55px}.h-\[70\%\]{height:70%}.h-\[72px\]{height:72px}.h-\[104px\]{height:104px}.h-\[250px\]{height:250px}.h-\[270px\]{height:270px}.h-\[280px\]{height:280px}.h-\[700px\]{height:700px}.h-\[calc\(100\%-1px\)\]{height:calc(100% - 1px)}.h-\[var\(--radix-navigation-menu-viewport-height\)\]{height:var(--radix-navigation-menu-viewport-height)}.h-\[var\(--radix-select-trigger-height\)\]{height:var(--radix-select-trigger-height)}.h-auto{height:auto}.h-full{height:100%}.h-px{height:1px}.h-svh{height:100svh}.max-h-\(--radix-context-menu-content-available-height\){max-height:var(--radix-context-menu-content-available-height)}.max-h-\(--radix-dropdown-menu-content-available-height\){max-height:var(--radix-dropdown-menu-content-available-height)}.max-h-\(--radix-select-content-available-height\){max-height:var(--radix-select-content-available-height)}.max-h-64{max-height:calc(var(--spacing)*64)}.max-h-\[20rem\]{max-height:20rem}.max-h-\[70vh\]{max-height:70vh}.max-h-\[80px\]{max-height:80px}.max-h-\[300px\]{max-height:300px}.min-h-0{min-height:calc(var(--spacing)*0)}.min-h-4{min-height:calc(var(--spacing)*4)}.min-h-16{min-height:calc(var(--spacing)*16)}.min-h-72{min-height:calc(var(--spacing)*72)}.min-h-\[80px\]{min-height:80px}.min-h-\[180px\]{min-height:180px}.min-h-screen{min-height:100vh}.min-h-svh{min-height:100svh}.w-\(--cell-size\){width:var(--cell-size)}.w-\(--sidebar-width\){width:var(--sidebar-width)}.w-0{width:calc(var(--spacing)*0)}.w-1{width:calc(var(--spacing)*1)}.w-1\.5{width:calc(var(--spacing)*1.5)}.w-1\/2{width:50%}.w-2{width:calc(var(--spacing)*2)}.w-2\.5{width:calc(var(--spacing)*2.5)}.w-3{width:calc(var(--spacing)*3)}.w-3\.5{width:calc(var(--spacing)*3.5)}.w-3\/4{width:75%}.w-4{width:calc(var(--spacing)*4)}.w-5{width:calc(var(--spacing)*5)}.w-5\.5{width:calc(var(--spacing)*5.5)}.w-6{width:calc(var(--spacing)*6)}.w-8{width:calc(var(--spacing)*8)}.w-9{width:calc(var(--spacing)*9)}.w-10{width:calc(var(--spacing)*10)}.w-12{width:calc(var(--spacing)*12)}.w-16{width:calc(var(--spacing)*16)}.w-20{width:calc(var(--spacing)*20)}.w-24{width:calc(var(--spacing)*24)}.w-28{width:calc(var(--spacing)*28)}.w-32{width:calc(var(--spacing)*32)}.w-64{width:calc(var(--spacing)*64)}.w-72{width:calc(var(--spacing)*72)}.w-80{width:calc(var(--spacing)*80)}.w-96{width:calc(var(--spacing)*96)}.w-\[5px\]{width:5px}.w-\[5rem\]{width:5rem}.w-\[10\.5px\]{width:10.5px}.w-\[10px\]{width:10px}.w-\[12px\]{width:12px}.w-\[13px\]{width:13px}.w-\[25px\]{width:25px}.w-\[68\%\]{width:68%}.w-\[70\%\]{width:70%}.w-\[80px\]{width:80px}.w-\[83px\]{width:83px}.w-\[94\%\]{width:94%}.w-\[95\%\]{width:95%}.w-\[100\%\]{width:100%}.w-\[100px\]{width:100px}.w-\[100vw\]{width:100vw}.w-\[110px\]{width:110px}.w-\[120px\]{width:120px}.w-\[200px\]{width:200px}.w-\[calc\(100\%-120px\)\]{width:calc(100% - 120px)}.w-auto{width:auto}.w-fit{width:fit-content}.w-full{width:100%}.w-max{width:max-content}.w-px{width:1px}.max-w-\(--skeleton-width\){max-width:var(--skeleton-width)}.max-w-2xl{max-width:var(--container-2xl)}.max-w-3xl{max-width:var(--container-3xl)}.max-w-4xl{max-width:var(--container-4xl)}.max-w-6xl{max-width:var(--container-6xl)}.max-w-7xl{max-width:var(--container-7xl)}.max-w-60{max-width:calc(var(--spacing)*60)}.max-w-\[55px\]{max-width:55px}.max-w-\[90\%\]{max-width:90%}.max-w-\[215px\]{max-width:215px}.max-w-\[600px\]{max-width:600px}.max-w-\[1220px\]{max-width:1220px}.max-w-\[calc\(100\%-2rem\)\]{max-width:calc(100% - 2rem)}.max-w-lg{max-width:var(--container-lg)}.max-w-max{max-width:max-content}.max-w-md{max-width:var(--container-md)}.max-w-none{max-width:none}.max-w-sm{max-width:var(--container-sm)}.max-w-xs{max-width:var(--container-xs)}.min-w-\(--cell-size\){min-width:var(--cell-size)}.min-w-0{min-width:calc(var(--spacing)*0)}.min-w-5{min-width:calc(var(--spacing)*5)}.min-w-8{min-width:calc(var(--spacing)*8)}.min-w-9{min-width:calc(var(--spacing)*9)}.min-w-10{min-width:calc(var(--spacing)*10)}.min-w-\[8rem\]{min-width:8rem}.min-w-\[12rem\]{min-width:12rem}.min-w-\[var\(--radix-select-trigger-width\)\]{min-width:var(--radix-select-trigger-width)}.flex-1{flex:1}.flex-shrink-0{flex-shrink:0}.shrink{flex-shrink:1}.shrink-0{flex-shrink:0}.flex-grow,.grow{flex-grow:1}.grow\!{flex-grow:1!important}.grow-0{flex-grow:0}.basis-full{flex-basis:100%}.caption-bottom{caption-side:bottom}.border-collapse{border-collapse:collapse}.origin-\(--radix-context-menu-content-transform-origin\){transform-origin:var(--radix-context-menu-content-transform-origin)}.origin-\(--radix-dropdown-menu-content-transform-origin\){transform-origin:var(--radix-dropdown-menu-content-transform-origin)}.origin-\(--radix-hover-card-content-transform-origin\){transform-origin:var(--radix-hover-card-content-transform-origin)}.origin-\(--radix-menubar-content-transform-origin\){transform-origin:var(--radix-menubar-content-transform-origin)}.origin-\(--radix-popover-content-transform-origin\){transform-origin:var(--radix-popover-content-transform-origin)}.origin-\(--radix-select-content-transform-origin\){transform-origin:var(--radix-select-content-transform-origin)}.origin-\(--radix-tooltip-content-transform-origin\){transform-origin:var(--radix-tooltip-content-transform-origin)}.-translate-x-1\/2{--tw-translate-x:calc(calc(1/2*100%)*-1);translate:var(--tw-translate-x)var(--tw-translate-y)}.-translate-x-px{--tw-translate-x:-1px;translate:var(--tw-translate-x)var(--tw-translate-y)}.translate-x-1\/2{--tw-translate-x:calc(1/2*100%);translate:var(--tw-translate-x)var(--tw-translate-y)}.translate-x-5{--tw-translate-x:calc(var(--spacing)*5);translate:var(--tw-translate-x)var(--tw-translate-y)}.translate-x-6{--tw-translate-x:calc(var(--spacing)*6);translate:var(--tw-translate-x)var(--tw-translate-y)}.translate-x-\[-50\%\]{--tw-translate-x:-50%;translate:var(--tw-translate-x)var(--tw-translate-y)}.translate-x-px{--tw-translate-x:1px;translate:var(--tw-translate-x)var(--tw-translate-y)}.-translate-y-1\/2{--tw-translate-y:calc(calc(1/2*100%)*-1);translate:var(--tw-translate-x)var(--tw-translate-y)}.-translate-y-5{--tw-translate-y:calc(var(--spacing)*-5);translate:var(--tw-translate-x)var(--tw-translate-y)}.-translate-y-6{--tw-translate-y:calc(var(--spacing)*-6);translate:var(--tw-translate-x)var(--tw-translate-y)}.translate-y-0\.5{--tw-translate-y:calc(var(--spacing)*.5);translate:var(--tw-translate-x)var(--tw-translate-y)}.translate-y-\[-50\%\]{--tw-translate-y:-50%;translate:var(--tw-translate-x)var(--tw-translate-y)}.translate-y-\[calc\(-50\%_-_2px\)\]{--tw-translate-y:calc(-50% - 2px);translate:var(--tw-translate-x)var(--tw-translate-y)}.scale-95{--tw-scale-x:95%;--tw-scale-y:95%;--tw-scale-z:95%;scale:var(--tw-scale-x)var(--tw-scale-y)}.scale-100{--tw-scale-x:100%;--tw-scale-y:100%;--tw-scale-z:100%;scale:var(--tw-scale-x)var(--tw-scale-y)}.-rotate-45{rotate:-45deg}.rotate-45{rotate:45deg}.rotate-90{rotate:90deg}.rotate-180{rotate:180deg}.transform{transform:var(--tw-rotate-x,)var(--tw-rotate-y,)var(--tw-rotate-z,)var(--tw-skew-x,)var(--tw-skew-y,)}.animate-bounce{animation:var(--animate-bounce)}.animate-caret-blink{animation:1.25s ease-out infinite caret-blink}.animate-in{animation:enter var(--tw-animation-duration,var(--tw-duration,.15s))var(--tw-ease,ease)var(--tw-animation-delay,0s)var(--tw-animation-iteration-count,1)var(--tw-animation-direction,normal)var(--tw-animation-fill-mode,none)}.animate-pulse{animation:var(--animate-pulse)}.animate-spin{animation:var(--animate-spin)}.cursor-default{cursor:default}.cursor-help{cursor:help}.cursor-not-allowed{cursor:not-allowed}.cursor-pointer{cursor:pointer}.cursor-text{cursor:text}.touch-pinch-zoom{--tw-pinch-zoom:pinch-zoom;touch-action:var(--tw-pan-x,)var(--tw-pan-y,)var(--tw-pinch-zoom,)}.touch-none{touch-action:none}.resize{resize:both}.resize-none{resize:none}.scroll-my-1{scroll-margin-block:calc(var(--spacing)*1)}.scroll-py-1{scroll-padding-block:calc(var(--spacing)*1)}.list-decimal{list-style-type:decimal}.list-disc{list-style-type:disc}.list-none{list-style-type:none}.auto-rows-min{grid-auto-rows:min-content}.grid-cols-1{grid-template-columns:repeat(1,minmax(0,1fr))}.grid-cols-2{grid-template-columns:repeat(2,minmax(0,1fr))}.grid-cols-3{grid-template-columns:repeat(3,minmax(0,1fr))}.grid-cols-4{grid-template-columns:repeat(4,minmax(0,1fr))}.grid-cols-12{grid-template-columns:repeat(12,minmax(0,1fr))}.grid-cols-\[0_1fr\]{grid-template-columns:0 1fr}.grid-rows-1{grid-template-rows:repeat(1,minmax(0,1fr))}.grid-rows-\[auto_1fr\]{grid-template-rows:auto 1fr}.grid-rows-\[auto_auto\]{grid-template-rows:auto auto}.flex-col{flex-direction:column}.flex-col-reverse{flex-direction:column-reverse}.flex-row{flex-direction:row}.flex-wrap{flex-wrap:wrap}.place-content-center{place-content:center}.place-items-center{place-items:center}.items-baseline{align-items:baseline}.items-center{align-items:center}.items-end{align-items:flex-end}.items-start{align-items:flex-start}.items-stretch{align-items:stretch}.justify-between{justify-content:space-between}.justify-center{justify-content:center}.justify-end{justify-content:flex-end}.justify-start{justify-content:flex-start}.justify-items-start{justify-items:start}.gap-0\.5{gap:calc(var(--spacing)*.5)}.gap-1{gap:calc(var(--spacing)*1)}.gap-1\.5{gap:calc(var(--spacing)*1.5)}.gap-2{gap:calc(var(--spacing)*2)}.gap-2\.5{gap:calc(var(--spacing)*2.5)}.gap-3{gap:calc(var(--spacing)*3)}.gap-3\.5{gap:calc(var(--spacing)*3.5)}.gap-4{gap:calc(var(--spacing)*4)}.gap-5{gap:calc(var(--spacing)*5)}.gap-6{gap:calc(var(--spacing)*6)}.gap-7{gap:calc(var(--spacing)*7)}.gap-8{gap:calc(var(--spacing)*8)}.gap-\[--spacing\(var\(--gap\)\)\]{gap:calc(var(--spacing)*var(--gap))}.gap-\[3px\]{gap:3px}:where(.space-y-0>:not(:last-child)){--tw-space-y-reverse:0;margin-block-start:calc(calc(var(--spacing)*0)*var(--tw-space-y-reverse));margin-block-end:calc(calc(var(--spacing)*0)*calc(1 - var(--tw-space-y-reverse)))}:where(.space-y-1>:not(:last-child)){--tw-space-y-reverse:0;margin-block-start:calc(calc(var(--spacing)*1)*var(--tw-space-y-reverse));margin-block-end:calc(calc(var(--spacing)*1)*calc(1 - var(--tw-space-y-reverse)))}:where(.space-y-1\.5>:not(:last-child)){--tw-space-y-reverse:0;margin-block-start:calc(calc(var(--spacing)*1.5)*var(--tw-space-y-reverse));margin-block-end:calc(calc(var(--spacing)*1.5)*calc(1 - var(--tw-space-y-reverse)))}:where(.space-y-2>:not(:last-child)){--tw-space-y-reverse:0;margin-block-start:calc(calc(var(--spacing)*2)*var(--tw-space-y-reverse));margin-block-end:calc(calc(var(--spacing)*2)*calc(1 - var(--tw-space-y-reverse)))}:where(.space-y-2\.5>:not(:last-child)){--tw-space-y-reverse:0;margin-block-start:calc(calc(var(--spacing)*2.5)*var(--tw-space-y-reverse));margin-block-end:calc(calc(var(--spacing)*2.5)*calc(1 - var(--tw-space-y-reverse)))}:where(.space-y-3>:not(:last-child)){--tw-space-y-reverse:0;margin-block-start:calc(calc(var(--spacing)*3)*var(--tw-space-y-reverse));margin-block-end:calc(calc(var(--spacing)*3)*calc(1 - var(--tw-space-y-reverse)))}:where(.space-y-4>:not(:last-child)){--tw-space-y-reverse:0;margin-block-start:calc(calc(var(--spacing)*4)*var(--tw-space-y-reverse));margin-block-end:calc(calc(var(--spacing)*4)*calc(1 - var(--tw-space-y-reverse)))}:where(.space-y-5>:not(:last-child)){--tw-space-y-reverse:0;margin-block-start:calc(calc(var(--spacing)*5)*var(--tw-space-y-reverse));margin-block-end:calc(calc(var(--spacing)*5)*calc(1 - var(--tw-space-y-reverse)))}:where(.space-y-6>:not(:last-child)){--tw-space-y-reverse:0;margin-block-start:calc(calc(var(--spacing)*6)*var(--tw-space-y-reverse));margin-block-end:calc(calc(var(--spacing)*6)*calc(1 - var(--tw-space-y-reverse)))}:where(.space-y-7>:not(:last-child)){--tw-space-y-reverse:0;margin-block-start:calc(calc(var(--spacing)*7)*var(--tw-space-y-reverse));margin-block-end:calc(calc(var(--spacing)*7)*calc(1 - var(--tw-space-y-reverse)))}:where(.space-y-reverse>:not(:last-child)){--tw-space-y-reverse:1}.gap-x-1{column-gap:calc(var(--spacing)*1)}.gap-x-2{column-gap:calc(var(--spacing)*2)}.gap-x-3{column-gap:calc(var(--spacing)*3)}:where(.-space-x-2>:not(:last-child)){--tw-space-x-reverse:0;margin-inline-start:calc(calc(var(--spacing)*-2)*var(--tw-space-x-reverse));margin-inline-end:calc(calc(var(--spacing)*-2)*calc(1 - var(--tw-space-x-reverse)))}:where(.space-x-1>:not(:last-child)){--tw-space-x-reverse:0;margin-inline-start:calc(calc(var(--spacing)*1)*var(--tw-space-x-reverse));margin-inline-end:calc(calc(var(--spacing)*1)*calc(1 - var(--tw-space-x-reverse)))}:where(.space-x-2>:not(:last-child)){--tw-space-x-reverse:0;margin-inline-start:calc(calc(var(--spacing)*2)*var(--tw-space-x-reverse));margin-inline-end:calc(calc(var(--spacing)*2)*calc(1 - var(--tw-space-x-reverse)))}:where(.space-x-3>:not(:last-child)){--tw-space-x-reverse:0;margin-inline-start:calc(calc(var(--spacing)*3)*var(--tw-space-x-reverse));margin-inline-end:calc(calc(var(--spacing)*3)*calc(1 - var(--tw-space-x-reverse)))}:where(.space-x-4>:not(:last-child)){--tw-space-x-reverse:0;margin-inline-start:calc(calc(var(--spacing)*4)*var(--tw-space-x-reverse));margin-inline-end:calc(calc(var(--spacing)*4)*calc(1 - var(--tw-space-x-reverse)))}:where(.space-x-6>:not(:last-child)){--tw-space-x-reverse:0;margin-inline-start:calc(calc(var(--spacing)*6)*var(--tw-space-x-reverse));margin-inline-end:calc(calc(var(--spacing)*6)*calc(1 - var(--tw-space-x-reverse)))}:where(.space-x-reverse>:not(:last-child)){--tw-space-x-reverse:1}.gap-y-0\.5{row-gap:calc(var(--spacing)*.5)}.gap-y-1\.5{row-gap:calc(var(--spacing)*1.5)}.gap-y-2{row-gap:calc(var(--spacing)*2)}:where(.divide-x>:not(:last-child)){--tw-divide-x-reverse:0;border-inline-style:var(--tw-border-style);border-inline-start-width:calc(1px*var(--tw-divide-x-reverse));border-inline-end-width:calc(1px*calc(1 - var(--tw-divide-x-reverse)))}:where(.divide-y>:not(:last-child)){--tw-divide-y-reverse:0;border-bottom-style:var(--tw-border-style);border-top-style:var(--tw-border-style);border-top-width:calc(1px*var(--tw-divide-y-reverse));border-bottom-width:calc(1px*calc(1 - var(--tw-divide-y-reverse)))}:where(.divide-y-reverse>:not(:last-child)){--tw-divide-y-reverse:1}:where(.divide-zinc-800\/30>:not(:last-child)){border-color:#27272a4d}@supports (color:color-mix(in lab, red, red)){:where(.divide-zinc-800\/30>:not(:last-child)){border-color:color-mix(in oklab,var(--color-zinc-800)30%,transparent)}}.self-start{align-self:flex-start}.self-stretch{align-self:stretch}.justify-self-end{justify-self:flex-end}.truncate{text-overflow:ellipsis;white-space:nowrap;overflow:hidden}.overflow-auto{overflow:auto}.overflow-hidden{overflow:hidden}.overflow-visible{overflow:visible}.overflow-x-auto{overflow-x:auto}.overflow-x-hidden{overflow-x:hidden}.overflow-y-auto{overflow-y:auto}.rounded{border-radius:.25rem}.rounded-2xl{border-radius:calc(var(--radius) + 8px)}.rounded-3xl{border-radius:calc(var(--radius) + 12px)}.rounded-\[2px\]{border-radius:2px}.rounded-\[3px\]{border-radius:3px}.rounded-\[4px\]{border-radius:4px}.rounded-\[9\.89px\]{border-radius:9.89px}.rounded-\[13\.24px\]{border-radius:13.24px}.rounded-\[18px\]{border-radius:18px}.rounded-\[50\%\]{border-radius:50%}.rounded-\[calc\(var\(--radius\)-5px\)\]{border-radius:calc(var(--radius) - 5px)}.rounded-\[inherit\]{border-radius:inherit}.rounded-full{border-radius:3.40282e38px}.rounded-lg{border-radius:var(--radius)}.rounded-md{border-radius:calc(var(--radius) - 2px)}.rounded-none{border-radius:0}.rounded-sm{border-radius:calc(var(--radius) - 4px)}.rounded-xl{border-radius:calc(var(--radius) + 4px)}.rounded-xs{border-radius:var(--radius-xs)}.rounded-s{border-start-start-radius:.25rem;border-end-start-radius:.25rem}.rounded-ss{border-start-start-radius:.25rem}.rounded-e{border-start-end-radius:.25rem;border-end-end-radius:.25rem}.rounded-se{border-start-end-radius:.25rem}.rounded-ee{border-end-end-radius:.25rem}.rounded-es{border-end-start-radius:.25rem}.rounded-t{border-top-left-radius:.25rem;border-top-right-radius:.25rem}.rounded-l{border-top-left-radius:.25rem;border-bottom-left-radius:.25rem}.rounded-l-md{border-top-left-radius:calc(var(--radius) - 2px);border-bottom-left-radius:calc(var(--radius) - 2px)}.rounded-tl{border-top-left-radius:.25rem}.rounded-tl-sm{border-top-left-radius:calc(var(--radius) - 4px)}.rounded-r{border-top-right-radius:.25rem;border-bottom-right-radius:.25rem}.rounded-r-md{border-top-right-radius:calc(var(--radius) - 2px);border-bottom-right-radius:calc(var(--radius) - 2px)}.rounded-tr{border-top-right-radius:.25rem}.rounded-b{border-bottom-right-radius:.25rem;border-bottom-left-radius:.25rem}.rounded-br{border-bottom-right-radius:.25rem}.rounded-br-lg{border-bottom-right-radius:var(--radius)}.rounded-bl{border-bottom-left-radius:.25rem}.rounded-bl-lg{border-bottom-left-radius:var(--radius)}.border{border-style:var(--tw-border-style);border-width:1px}.border-0{border-style:var(--tw-border-style);border-width:0}.border-2{border-style:var(--tw-border-style);border-width:2px}.border-\[0\.5px\]{border-style:var(--tw-border-style);border-width:.5px}.border-\[1\.5px\]{border-style:var(--tw-border-style);border-width:1.5px}.border-\[1px\]{border-style:var(--tw-border-style);border-width:1px}.border-\[2px\]{border-style:var(--tw-border-style);border-width:2px}.border-x{border-inline-style:var(--tw-border-style);border-inline-width:1px}.border-y{border-block-style:var(--tw-border-style);border-block-width:1px}.border-s{border-inline-start-style:var(--tw-border-style);border-inline-start-width:1px}.border-e{border-inline-end-style:var(--tw-border-style);border-inline-end-width:1px}.border-t,.border-t-\[1px\]{border-top-style:var(--tw-border-style);border-top-width:1px}.border-r{border-right-style:var(--tw-border-style);border-right-width:1px}.border-b,.border-b-\[1px\]{border-bottom-style:var(--tw-border-style);border-bottom-width:1px}.border-l{border-left-style:var(--tw-border-style);border-left-width:1px}.border-l-0{border-left-style:var(--tw-border-style);border-left-width:0}.border-l-2{border-left-style:var(--tw-border-style);border-left-width:2px}.border-dashed{--tw-border-style:dashed;border-style:dashed}.border-none{--tw-border-style:none;border-style:none}.border-solid{--tw-border-style:solid;border-style:solid}.border-\(--color-border\){border-color:var(--color-border)}.border-\[\#3A3A60\]\/50{border-color:oklab(36.6682% .0142836 -.0632197/.5)}.border-\[\#3C3C3C\]{border-color:#3c3c3c}.border-\[\#5d5d5d\]{border-color:#5d5d5d}.border-\[\#312f40\]{border-color:#312f40}.border-\[\#888\]{border-color:#888}.border-\[\#35383F\]{border-color:#35383f}.border-\[\#121212\]{border-color:#121212}.border-\[\#222222\]{border-color:#222}.border-\[\#333333\]{border-color:#333}.border-\[\#383838\]{border-color:#383838}.border-\[\#A2A2A2\]\/20{border-color:oklab(71.2239% 2.98023e-8 5.96046e-8/.2)}.border-black{border-color:var(--color-black)}.border-black\/\[\.08\]{border-color:#00000014}@supports (color:color-mix(in lab, red, red)){.border-black\/\[\.08\]{border-color:color-mix(in oklab,var(--color-black)8%,transparent)}}.border-blue-400\/30{border-color:#54a2ff4d}@supports (color:color-mix(in lab, red, red)){.border-blue-400\/30{border-color:color-mix(in oklab,var(--color-blue-400)30%,transparent)}}.border-blue-400\/40{border-color:#54a2ff66}@supports (color:color-mix(in lab, red, red)){.border-blue-400\/40{border-color:color-mix(in oklab,var(--color-blue-400)40%,transparent)}}.border-blue-500\/20{border-color:#3080ff33}@supports (color:color-mix(in lab, red, red)){.border-blue-500\/20{border-color:color-mix(in oklab,var(--color-blue-500)20%,transparent)}}.border-blue-500\/30{border-color:#3080ff4d}@supports (color:color-mix(in lab, red, red)){.border-blue-500\/30{border-color:color-mix(in oklab,var(--color-blue-500)30%,transparent)}}.border-border,.border-border\/50{border-color:var(--border)}@supports (color:color-mix(in lab, red, red)){.border-border\/50{border-color:color-mix(in oklab,var(--border)50%,transparent)}}.border-gray-200{border-color:var(--color-gray-200)}.border-gray-300{border-color:var(--color-gray-300)}.border-input{border-color:var(--input)}.border-primary{border-color:var(--primary)}.border-purple-500\/20{border-color:#ac4bff33}@supports (color:color-mix(in lab, red, red)){.border-purple-500\/20{border-color:color-mix(in oklab,var(--color-purple-500)20%,transparent)}}.border-red-500{border-color:var(--color-red-500)}.border-sidebar-border{border-color:var(--sidebar-border)}.border-slate-600{border-color:var(--color-slate-600)}.border-slate-700{border-color:var(--color-slate-700)}.border-slate-800{border-color:var(--color-slate-800)}.border-transparent{border-color:#0000}.border-white\/10{border-color:#ffffff1a}@supports (color:color-mix(in lab, red, red)){.border-white\/10{border-color:color-mix(in oklab,var(--color-white)10%,transparent)}}.border-white\/20{border-color:#fff3}@supports (color:color-mix(in lab, red, red)){.border-white\/20{border-color:color-mix(in oklab,var(--color-white)20%,transparent)}}.border-yellow-300\/50{border-color:#ffe02a80}@supports (color:color-mix(in lab, red, red)){.border-yellow-300\/50{border-color:color-mix(in oklab,var(--color-yellow-300)50%,transparent)}}.border-yellow-400\/40{border-color:#fac80066}@supports (color:color-mix(in lab, red, red)){.border-yellow-400\/40{border-color:color-mix(in oklab,var(--color-yellow-400)40%,transparent)}}.border-yellow-400\/60{border-color:#fac80099}@supports (color:color-mix(in lab, red, red)){.border-yellow-400\/60{border-color:color-mix(in oklab,var(--color-yellow-400)60%,transparent)}}.border-zinc-700{border-color:var(--color-zinc-700)}.border-zinc-700\/50{border-color:#3f3f4680}@supports (color:color-mix(in lab, red, red)){.border-zinc-700\/50{border-color:color-mix(in oklab,var(--color-zinc-700)50%,transparent)}}.border-zinc-800{border-color:var(--color-zinc-800)}.border-zinc-800\/30{border-color:#27272a4d}@supports (color:color-mix(in lab, red, red)){.border-zinc-800\/30{border-color:color-mix(in oklab,var(--color-zinc-800)30%,transparent)}}.border-zinc-800\/50{border-color:#27272a80}@supports (color:color-mix(in lab, red, red)){.border-zinc-800\/50{border-color:color-mix(in oklab,var(--color-zinc-800)50%,transparent)}}.border-t-\[\#A2A2A2\]\/20{border-top-color:oklab(71.2239% 2.98023e-8 5.96046e-8/.2)}.border-t-transparent{border-top-color:#0000}.border-b-\[\#312f40\]{border-bottom-color:#312f40}.border-b-\[\#A2A2A2\]\/20{border-bottom-color:oklab(71.2239% 2.98023e-8 5.96046e-8/.2)}.border-l-transparent{border-left-color:#0000}.bg-\(--color-bg\){background-color:var(--color-bg)}.bg-\[\#1a1a1a\]{background-color:#1a1a1a}.bg-\[\#2f477b\]{background-color:#2f477b}.bg-\[\#5d5d5d\]{background-color:#5d5d5d}.bg-\[\#6F2598\]{background-color:#6f2598}.bg-\[\#7E22CE\]{background-color:#7e22ce}.bg-\[\#8E3FDD\]{background-color:#8e3fdd}.bg-\[\#222\]{background-color:#222}.bg-\[\#333\]{background-color:#333}.bg-\[\#1781c3\]{background-color:#1781c3}.bg-\[\#9333ea\]{background-color:#9333ea}.bg-\[\#16151D\]{background-color:#16151d}.bg-\[\#121212\]{background-color:#121212}.bg-\[\#191919\]{background-color:#191919}.bg-\[\#222222\]{background-color:#222}.bg-\[\#343434\]{background-color:#343434}.bg-\[\#a12e24\]{background-color:#a12e24}.bg-\[\#de3b3b\]{background-color:#de3b3b}.bg-accent{background-color:var(--accent)}.bg-background{background-color:var(--background)}.bg-black{background-color:var(--color-black)}.bg-black\/50{background-color:#00000080}@supports (color:color-mix(in lab, red, red)){.bg-black\/50{background-color:color-mix(in oklab,var(--color-black)50%,transparent)}}.bg-black\/70{background-color:#000000b3}@supports (color:color-mix(in lab, red, red)){.bg-black\/70{background-color:color-mix(in oklab,var(--color-black)70%,transparent)}}.bg-black\/80{background-color:#000c}@supports (color:color-mix(in lab, red, red)){.bg-black\/80{background-color:color-mix(in oklab,var(--color-black)80%,transparent)}}.bg-blue-500{background-color:var(--color-blue-500)}.bg-blue-500\/10{background-color:#3080ff1a}@supports (color:color-mix(in lab, red, red)){.bg-blue-500\/10{background-color:color-mix(in oklab,var(--color-blue-500)10%,transparent)}}.bg-blue-600{background-color:var(--color-blue-600)}.bg-blue-700{background-color:var(--color-blue-700)}.bg-border{background-color:var(--border)}.bg-card{background-color:var(--card)}.bg-cyan-500\/5{background-color:#00b7d70d}@supports (color:color-mix(in lab, red, red)){.bg-cyan-500\/5{background-color:color-mix(in oklab,var(--color-cyan-500)5%,transparent)}}.bg-destructive{background-color:var(--destructive)}.bg-foreground{background-color:var(--foreground)}.bg-green-500{background-color:var(--color-green-500)}.bg-green-900\/30{background-color:#0d542b4d}@supports (color:color-mix(in lab, red, red)){.bg-green-900\/30{background-color:color-mix(in oklab,var(--color-green-900)30%,transparent)}}.bg-input{background-color:var(--input)}.bg-muted,.bg-muted\/50{background-color:var(--muted)}@supports (color:color-mix(in lab, red, red)){.bg-muted\/50{background-color:color-mix(in oklab,var(--muted)50%,transparent)}}.bg-popover{background-color:var(--popover)}.bg-primary,.bg-primary\/20{background-color:var(--primary)}@supports (color:color-mix(in lab, red, red)){.bg-primary\/20{background-color:color-mix(in oklab,var(--primary)20%,transparent)}}.bg-purple-500\/10{background-color:#ac4bff1a}@supports (color:color-mix(in lab, red, red)){.bg-purple-500\/10{background-color:color-mix(in oklab,var(--color-purple-500)10%,transparent)}}.bg-purple-600{background-color:var(--color-purple-600)}.bg-purple-800\/50{background-color:#6e11b080}@supports (color:color-mix(in lab, red, red)){.bg-purple-800\/50{background-color:color-mix(in oklab,var(--color-purple-800)50%,transparent)}}.bg-red-500{background-color:var(--color-red-500)}.bg-secondary{background-color:var(--secondary)}.bg-sidebar{background-color:var(--sidebar)}.bg-sidebar-border{background-color:var(--sidebar-border)}.bg-slate-50{background-color:var(--color-slate-50)}.bg-slate-200{background-color:var(--color-slate-200)}.bg-slate-500{background-color:var(--color-slate-500)}.bg-slate-800{background-color:var(--color-slate-800)}.bg-slate-900{background-color:var(--color-slate-900)}.bg-slate-900\/20{background-color:#0f172b33}@supports (color:color-mix(in lab, red, red)){.bg-slate-900\/20{background-color:color-mix(in oklab,var(--color-slate-900)20%,transparent)}}.bg-slate-950{background-color:var(--color-slate-950)}.bg-transparent{background-color:#0000}.bg-white{background-color:var(--color-white)}.bg-white\/10{background-color:#ffffff1a}@supports (color:color-mix(in lab, red, red)){.bg-white\/10{background-color:color-mix(in oklab,var(--color-white)10%,transparent)}}.bg-white\/20{background-color:#fff3}@supports (color:color-mix(in lab, red, red)){.bg-white\/20{background-color:color-mix(in oklab,var(--color-white)20%,transparent)}}.bg-white\/80{background-color:#fffc}@supports (color:color-mix(in lab, red, red)){.bg-white\/80{background-color:color-mix(in oklab,var(--color-white)80%,transparent)}}.bg-yellow-400{background-color:var(--color-yellow-400)}.bg-zinc-50{background-color:var(--color-zinc-50)}.bg-zinc-800\/50{background-color:#27272a80}@supports (color:color-mix(in lab, red, red)){.bg-zinc-800\/50{background-color:color-mix(in oklab,var(--color-zinc-800)50%,transparent)}}.bg-zinc-800\/80{background-color:#27272acc}@supports (color:color-mix(in lab, red, red)){.bg-zinc-800\/80{background-color:color-mix(in oklab,var(--color-zinc-800)80%,transparent)}}.bg-zinc-900{background-color:var(--color-zinc-900)}.bg-zinc-900\/50{background-color:#18181b80}@supports (color:color-mix(in lab, red, red)){.bg-zinc-900\/50{background-color:color-mix(in oklab,var(--color-zinc-900)50%,transparent)}}.bg-gradient-to-b{--tw-gradient-position:to bottom in oklab;background-image:linear-gradient(var(--tw-gradient-stops))}.bg-gradient-to-br{--tw-gradient-position:to bottom right in oklab;background-image:linear-gradient(var(--tw-gradient-stops))}.bg-gradient-to-l{--tw-gradient-position:to left in oklab;background-image:linear-gradient(var(--tw-gradient-stops))}.bg-gradient-to-r{--tw-gradient-position:to right in oklab;background-image:linear-gradient(var(--tw-gradient-stops))}.bg-gradient-to-tr{--tw-gradient-position:to top right in oklab;background-image:linear-gradient(var(--tw-gradient-stops))}.bg-\[linear-gradient\(45deg\,transparent_25\%\,rgba\(255\,255\,255\,\.1\)_25\%\,rgba\(255\,255\,255\,\.1\)_50\%\,transparent_50\%\,transparent_75\%\,rgba\(255\,255\,255\,\.1\)_75\%\)\]{background-image:linear-gradient(45deg,#0000 25%,#ffffff1a 25% 50%,#0000 50% 75%,#ffffff1a 75%)}.bg-\[radial-gradient\(circle\,_rgba\(255\,255\,255\,0\.1\)_1px\,_transparent_1px\)\]{background-image:radial-gradient(circle,#ffffff1a 1px,#0000 1px)}.bg-\[url\(\&\#39\;\/images\/black\.webp\&\#39\;\)\]{background-image:url(&#39;/images/black.webp&#39;)}.bg-\[url\(\'\/images\/black\.webp\'\)\]{background-image:url(/images/black.webp)}.from-\[\#1A1A32\]\/90{--tw-gradient-from:oklab(23.1143% .00969324 -.0447839/.9);--tw-gradient-stops:var(--tw-gradient-via-stops,var(--tw-gradient-position),var(--tw-gradient-from)var(--tw-gradient-from-position),var(--tw-gradient-to)var(--tw-gradient-to-position))}.from-\[\#1a1a1a\]{--tw-gradient-from:#1a1a1a;--tw-gradient-stops:var(--tw-gradient-via-stops,var(--tw-gradient-position),var(--tw-gradient-from)var(--tw-gradient-from-position),var(--tw-gradient-to)var(--tw-gradient-to-position))}.from-blue-400{--tw-gradient-from:var(--color-blue-400);--tw-gradient-stops:var(--tw-gradient-via-stops,var(--tw-gradient-position),var(--tw-gradient-from)var(--tw-gradient-from-position),var(--tw-gradient-to)var(--tw-gradient-to-position))}.from-blue-400\/30{--tw-gradient-from:#54a2ff4d}@supports (color:color-mix(in lab, red, red)){.from-blue-400\/30{--tw-gradient-from:color-mix(in oklab,var(--color-blue-400)30%,transparent)}}.from-blue-400\/30{--tw-gradient-stops:var(--tw-gradient-via-stops,var(--tw-gradient-position),var(--tw-gradient-from)var(--tw-gradient-from-position),var(--tw-gradient-to)var(--tw-gradient-to-position))}.from-blue-500{--tw-gradient-from:var(--color-blue-500);--tw-gradient-stops:var(--tw-gradient-via-stops,var(--tw-gradient-position),var(--tw-gradient-from)var(--tw-gradient-from-position),var(--tw-gradient-to)var(--tw-gradient-to-position))}.from-blue-500\/20{--tw-gradient-from:#3080ff33}@supports (color:color-mix(in lab, red, red)){.from-blue-500\/20{--tw-gradient-from:color-mix(in oklab,var(--color-blue-500)20%,transparent)}}.from-blue-500\/20{--tw-gradient-stops:var(--tw-gradient-via-stops,var(--tw-gradient-position),var(--tw-gradient-from)var(--tw-gradient-from-position),var(--tw-gradient-to)var(--tw-gradient-to-position))}.from-blue-500\/30{--tw-gradient-from:#3080ff4d}@supports (color:color-mix(in lab, red, red)){.from-blue-500\/30{--tw-gradient-from:color-mix(in oklab,var(--color-blue-500)30%,transparent)}}.from-blue-500\/30{--tw-gradient-stops:var(--tw-gradient-via-stops,var(--tw-gradient-position),var(--tw-gradient-from)var(--tw-gradient-from-position),var(--tw-gradient-to)var(--tw-gradient-to-position))}.from-blue-500\/40{--tw-gradient-from:#3080ff66}@supports (color:color-mix(in lab, red, red)){.from-blue-500\/40{--tw-gradient-from:color-mix(in oklab,var(--color-blue-500)40%,transparent)}}.from-blue-500\/40{--tw-gradient-stops:var(--tw-gradient-via-stops,var(--tw-gradient-position),var(--tw-gradient-from)var(--tw-gradient-from-position),var(--tw-gradient-to)var(--tw-gradient-to-position))}.from-blue-600{--tw-gradient-from:var(--color-blue-600);--tw-gradient-stops:var(--tw-gradient-via-stops,var(--tw-gradient-position),var(--tw-gradient-from)var(--tw-gradient-from-position),var(--tw-gradient-to)var(--tw-gradient-to-position))}.from-blue-600\/10{--tw-gradient-from:#155dfc1a}@supports (color:color-mix(in lab, red, red)){.from-blue-600\/10{--tw-gradient-from:color-mix(in oklab,var(--color-blue-600)10%,transparent)}}.from-blue-600\/10{--tw-gradient-stops:var(--tw-gradient-via-stops,var(--tw-gradient-position),var(--tw-gradient-from)var(--tw-gradient-from-position),var(--tw-gradient-to)var(--tw-gradient-to-position))}.from-blue-900\/30{--tw-gradient-from:#1c398e4d}@supports (color:color-mix(in lab, red, red)){.from-blue-900\/30{--tw-gradient-from:color-mix(in oklab,var(--color-blue-900)30%,transparent)}}.from-blue-900\/30{--tw-gradient-stops:var(--tw-gradient-via-stops,var(--tw-gradient-position),var(--tw-gradient-from)var(--tw-gradient-from-position),var(--tw-gradient-to)var(--tw-gradient-to-position))}.from-indigo-900{--tw-gradient-from:var(--color-indigo-900);--tw-gradient-stops:var(--tw-gradient-via-stops,var(--tw-gradient-position),var(--tw-gradient-from)var(--tw-gradient-from-position),var(--tw-gradient-to)var(--tw-gradient-to-position))}.from-purple-400\/40{--tw-gradient-from:#c07eff66}@supports (color:color-mix(in lab, red, red)){.from-purple-400\/40{--tw-gradient-from:color-mix(in oklab,var(--color-purple-400)40%,transparent)}}.from-purple-400\/40{--tw-gradient-stops:var(--tw-gradient-via-stops,var(--tw-gradient-position),var(--tw-gradient-from)var(--tw-gradient-from-position),var(--tw-gradient-to)var(--tw-gradient-to-position))}.from-purple-500\/60{--tw-gradient-from:#ac4bff99}@supports (color:color-mix(in lab, red, red)){.from-purple-500\/60{--tw-gradient-from:color-mix(in oklab,var(--color-purple-500)60%,transparent)}}.from-purple-500\/60{--tw-gradient-stops:var(--tw-gradient-via-stops,var(--tw-gradient-position),var(--tw-gradient-from)var(--tw-gradient-from-position),var(--tw-gradient-to)var(--tw-gradient-to-position))}.from-purple-600{--tw-gradient-from:var(--color-purple-600);--tw-gradient-stops:var(--tw-gradient-via-stops,var(--tw-gradient-position),var(--tw-gradient-from)var(--tw-gradient-from-position),var(--tw-gradient-to)var(--tw-gradient-to-position))}.from-purple-600\/15{--tw-gradient-from:#9810fa26}@supports (color:color-mix(in lab, red, red)){.from-purple-600\/15{--tw-gradient-from:color-mix(in oklab,var(--color-purple-600)15%,transparent)}}.from-purple-600\/15{--tw-gradient-stops:var(--tw-gradient-via-stops,var(--tw-gradient-position),var(--tw-gradient-from)var(--tw-gradient-from-position),var(--tw-gradient-to)var(--tw-gradient-to-position))}.from-purple-700{--tw-gradient-from:var(--color-purple-700);--tw-gradient-stops:var(--tw-gradient-via-stops,var(--tw-gradient-position),var(--tw-gradient-from)var(--tw-gradient-from-position),var(--tw-gradient-to)var(--tw-gradient-to-position))}.from-purple-900\/20{--tw-gradient-from:#59168b33}@supports (color:color-mix(in lab, red, red)){.from-purple-900\/20{--tw-gradient-from:color-mix(in oklab,var(--color-purple-900)20%,transparent)}}.from-purple-900\/20{--tw-gradient-stops:var(--tw-gradient-via-stops,var(--tw-gradient-position),var(--tw-gradient-from)var(--tw-gradient-from-position),var(--tw-gradient-to)var(--tw-gradient-to-position))}.from-slate-800\/90{--tw-gradient-from:#1d293de6}@supports (color:color-mix(in lab, red, red)){.from-slate-800\/90{--tw-gradient-from:color-mix(in oklab,var(--color-slate-800)90%,transparent)}}.from-slate-800\/90{--tw-gradient-stops:var(--tw-gradient-via-stops,var(--tw-gradient-position),var(--tw-gradient-from)var(--tw-gradient-from-position),var(--tw-gradient-to)var(--tw-gradient-to-position))}.from-slate-900{--tw-gradient-from:var(--color-slate-900);--tw-gradient-stops:var(--tw-gradient-via-stops,var(--tw-gradient-position),var(--tw-gradient-from)var(--tw-gradient-from-position),var(--tw-gradient-to)var(--tw-gradient-to-position))}.from-slate-900\/90{--tw-gradient-from:#0f172be6}@supports (color:color-mix(in lab, red, red)){.from-slate-900\/90{--tw-gradient-from:color-mix(in oklab,var(--color-slate-900)90%,transparent)}}.from-slate-900\/90{--tw-gradient-stops:var(--tw-gradient-via-stops,var(--tw-gradient-position),var(--tw-gradient-from)var(--tw-gradient-from-position),var(--tw-gradient-to)var(--tw-gradient-to-position))}.from-transparent{--tw-gradient-from:transparent;--tw-gradient-stops:var(--tw-gradient-via-stops,var(--tw-gradient-position),var(--tw-gradient-from)var(--tw-gradient-from-position),var(--tw-gradient-to)var(--tw-gradient-to-position))}.from-yellow-300{--tw-gradient-from:var(--color-yellow-300);--tw-gradient-stops:var(--tw-gradient-via-stops,var(--tw-gradient-position),var(--tw-gradient-from)var(--tw-gradient-from-position),var(--tw-gradient-to)var(--tw-gradient-to-position))}.from-yellow-400{--tw-gradient-from:var(--color-yellow-400);--tw-gradient-stops:var(--tw-gradient-via-stops,var(--tw-gradient-position),var(--tw-gradient-from)var(--tw-gradient-from-position),var(--tw-gradient-to)var(--tw-gradient-to-position))}.from-yellow-400\/25{--tw-gradient-from:#fac80040}@supports (color:color-mix(in lab, red, red)){.from-yellow-400\/25{--tw-gradient-from:color-mix(in oklab,var(--color-yellow-400)25%,transparent)}}.from-yellow-400\/25{--tw-gradient-stops:var(--tw-gradient-via-stops,var(--tw-gradient-position),var(--tw-gradient-from)var(--tw-gradient-from-position),var(--tw-gradient-to)var(--tw-gradient-to-position))}.from-yellow-400\/30{--tw-gradient-from:#fac8004d}@supports (color:color-mix(in lab, red, red)){.from-yellow-400\/30{--tw-gradient-from:color-mix(in oklab,var(--color-yellow-400)30%,transparent)}}.from-yellow-400\/30{--tw-gradient-stops:var(--tw-gradient-via-stops,var(--tw-gradient-position),var(--tw-gradient-from)var(--tw-gradient-from-position),var(--tw-gradient-to)var(--tw-gradient-to-position))}.from-yellow-400\/40{--tw-gradient-from:#fac80066}@supports (color:color-mix(in lab, red, red)){.from-yellow-400\/40{--tw-gradient-from:color-mix(in oklab,var(--color-yellow-400)40%,transparent)}}.from-yellow-400\/40{--tw-gradient-stops:var(--tw-gradient-via-stops,var(--tw-gradient-position),var(--tw-gradient-from)var(--tw-gradient-from-position),var(--tw-gradient-to)var(--tw-gradient-to-position))}.from-yellow-500{--tw-gradient-from:var(--color-yellow-500);--tw-gradient-stops:var(--tw-gradient-via-stops,var(--tw-gradient-position),var(--tw-gradient-from)var(--tw-gradient-from-position),var(--tw-gradient-to)var(--tw-gradient-to-position))}.from-yellow-500\/40{--tw-gradient-from:#edb20066}@supports (color:color-mix(in lab, red, red)){.from-yellow-500\/40{--tw-gradient-from:color-mix(in oklab,var(--color-yellow-500)40%,transparent)}}.from-yellow-500\/40{--tw-gradient-stops:var(--tw-gradient-via-stops,var(--tw-gradient-position),var(--tw-gradient-from)var(--tw-gradient-from-position),var(--tw-gradient-to)var(--tw-gradient-to-position))}.from-yellow-600\/15{--tw-gradient-from:#cd890026}@supports (color:color-mix(in lab, red, red)){.from-yellow-600\/15{--tw-gradient-from:color-mix(in oklab,var(--color-yellow-600)15%,transparent)}}.from-yellow-600\/15{--tw-gradient-stops:var(--tw-gradient-via-stops,var(--tw-gradient-position),var(--tw-gradient-from)var(--tw-gradient-from-position),var(--tw-gradient-to)var(--tw-gradient-to-position))}.from-yellow-900\/30{--tw-gradient-from:#733e0a4d}@supports (color:color-mix(in lab, red, red)){.from-yellow-900\/30{--tw-gradient-from:color-mix(in oklab,var(--color-yellow-900)30%,transparent)}}.from-yellow-900\/30{--tw-gradient-stops:var(--tw-gradient-via-stops,var(--tw-gradient-position),var(--tw-gradient-from)var(--tw-gradient-from-position),var(--tw-gradient-to)var(--tw-gradient-to-position))}.via-\[\#252545\]\/80{--tw-gradient-via:oklab(28.1642% .0120918 -.0568121/.8);--tw-gradient-via-stops:var(--tw-gradient-position),var(--tw-gradient-from)var(--tw-gradient-from-position),var(--tw-gradient-via)var(--tw-gradient-via-position),var(--tw-gradient-to)var(--tw-gradient-to-position);--tw-gradient-stops:var(--tw-gradient-via-stops)}.via-blue-900{--tw-gradient-via:var(--color-blue-900);--tw-gradient-via-stops:var(--tw-gradient-position),var(--tw-gradient-from)var(--tw-gradient-from-position),var(--tw-gradient-via)var(--tw-gradient-via-position),var(--tw-gradient-to)var(--tw-gradient-to-position);--tw-gradient-stops:var(--tw-gradient-via-stops)}.via-blue-900\/20{--tw-gradient-via:#1c398e33}@supports (color:color-mix(in lab, red, red)){.via-blue-900\/20{--tw-gradient-via:color-mix(in oklab,var(--color-blue-900)20%,transparent)}}.via-blue-900\/20{--tw-gradient-via-stops:var(--tw-gradient-position),var(--tw-gradient-from)var(--tw-gradient-from-position),var(--tw-gradient-via)var(--tw-gradient-via-position),var(--tw-gradient-to)var(--tw-gradient-to-position);--tw-gradient-stops:var(--tw-gradient-via-stops)}.via-blue-900\/50{--tw-gradient-via:#1c398e80}@supports (color:color-mix(in lab, red, red)){.via-blue-900\/50{--tw-gradient-via:color-mix(in oklab,var(--color-blue-900)50%,transparent)}}.via-blue-900\/50{--tw-gradient-via-stops:var(--tw-gradient-position),var(--tw-gradient-from)var(--tw-gradient-from-position),var(--tw-gradient-via)var(--tw-gradient-via-position),var(--tw-gradient-to)var(--tw-gradient-to-position);--tw-gradient-stops:var(--tw-gradient-via-stops)}.via-blue-900\/80{--tw-gradient-via:#1c398ecc}@supports (color:color-mix(in lab, red, red)){.via-blue-900\/80{--tw-gradient-via:color-mix(in oklab,var(--color-blue-900)80%,transparent)}}.via-blue-900\/80{--tw-gradient-via-stops:var(--tw-gradient-position),var(--tw-gradient-from)var(--tw-gradient-from-position),var(--tw-gradient-via)var(--tw-gradient-via-position),var(--tw-gradient-to)var(--tw-gradient-to-position);--tw-gradient-stops:var(--tw-gradient-via-stops)}.via-pink-500{--tw-gradient-via:var(--color-pink-500);--tw-gradient-via-stops:var(--tw-gradient-position),var(--tw-gradient-from)var(--tw-gradient-from-position),var(--tw-gradient-via)var(--tw-gradient-via-position),var(--tw-gradient-to)var(--tw-gradient-to-position);--tw-gradient-stops:var(--tw-gradient-via-stops)}.via-purple-400{--tw-gradient-via:var(--color-purple-400);--tw-gradient-via-stops:var(--tw-gradient-position),var(--tw-gradient-from)var(--tw-gradient-from-position),var(--tw-gradient-via)var(--tw-gradient-via-position),var(--tw-gradient-to)var(--tw-gradient-to-position);--tw-gradient-stops:var(--tw-gradient-via-stops)}.via-purple-500{--tw-gradient-via:var(--color-purple-500);--tw-gradient-via-stops:var(--tw-gradient-position),var(--tw-gradient-from)var(--tw-gradient-from-position),var(--tw-gradient-via)var(--tw-gradient-via-position),var(--tw-gradient-to)var(--tw-gradient-to-position);--tw-gradient-stops:var(--tw-gradient-via-stops)}.via-purple-500\/40{--tw-gradient-via:#ac4bff66}@supports (color:color-mix(in lab, red, red)){.via-purple-500\/40{--tw-gradient-via:color-mix(in oklab,var(--color-purple-500)40%,transparent)}}.via-purple-500\/40{--tw-gradient-via-stops:var(--tw-gradient-position),var(--tw-gradient-from)var(--tw-gradient-from-position),var(--tw-gradient-via)var(--tw-gradient-via-position),var(--tw-gradient-to)var(--tw-gradient-to-position);--tw-gradient-stops:var(--tw-gradient-via-stops)}.via-purple-800\/10{--tw-gradient-via:#6e11b01a}@supports (color:color-mix(in lab, red, red)){.via-purple-800\/10{--tw-gradient-via:color-mix(in oklab,var(--color-purple-800)10%,transparent)}}.via-purple-800\/10{--tw-gradient-via-stops:var(--tw-gradient-position),var(--tw-gradient-from)var(--tw-gradient-from-position),var(--tw-gradient-via)var(--tw-gradient-via-position),var(--tw-gradient-to)var(--tw-gradient-to-position);--tw-gradient-stops:var(--tw-gradient-via-stops)}.via-purple-900{--tw-gradient-via:var(--color-purple-900);--tw-gradient-via-stops:var(--tw-gradient-position),var(--tw-gradient-from)var(--tw-gradient-from-position),var(--tw-gradient-via)var(--tw-gradient-via-position),var(--tw-gradient-to)var(--tw-gradient-to-position);--tw-gradient-stops:var(--tw-gradient-via-stops)}.via-transparent{--tw-gradient-via:transparent;--tw-gradient-via-stops:var(--tw-gradient-position),var(--tw-gradient-from)var(--tw-gradient-from-position),var(--tw-gradient-via)var(--tw-gradient-via-position),var(--tw-gradient-to)var(--tw-gradient-to-position);--tw-gradient-stops:var(--tw-gradient-via-stops)}.via-white\/20{--tw-gradient-via:#fff3}@supports (color:color-mix(in lab, red, red)){.via-white\/20{--tw-gradient-via:color-mix(in oklab,var(--color-white)20%,transparent)}}.via-white\/20{--tw-gradient-via-stops:var(--tw-gradient-position),var(--tw-gradient-from)var(--tw-gradient-from-position),var(--tw-gradient-via)var(--tw-gradient-via-position),var(--tw-gradient-to)var(--tw-gradient-to-position);--tw-gradient-stops:var(--tw-gradient-via-stops)}.via-white\/30{--tw-gradient-via:#ffffff4d}@supports (color:color-mix(in lab, red, red)){.via-white\/30{--tw-gradient-via:color-mix(in oklab,var(--color-white)30%,transparent)}}.via-white\/30{--tw-gradient-via-stops:var(--tw-gradient-position),var(--tw-gradient-from)var(--tw-gradient-from-position),var(--tw-gradient-via)var(--tw-gradient-via-position),var(--tw-gradient-to)var(--tw-gradient-to-position);--tw-gradient-stops:var(--tw-gradient-via-stops)}.via-white\/40{--tw-gradient-via:#fff6}@supports (color:color-mix(in lab, red, red)){.via-white\/40{--tw-gradient-via:color-mix(in oklab,var(--color-white)40%,transparent)}}.via-white\/40{--tw-gradient-via-stops:var(--tw-gradient-position),var(--tw-gradient-from)var(--tw-gradient-from-position),var(--tw-gradient-via)var(--tw-gradient-via-position),var(--tw-gradient-to)var(--tw-gradient-to-position);--tw-gradient-stops:var(--tw-gradient-via-stops)}.via-yellow-300{--tw-gradient-via:var(--color-yellow-300);--tw-gradient-via-stops:var(--tw-gradient-position),var(--tw-gradient-from)var(--tw-gradient-from-position),var(--tw-gradient-via)var(--tw-gradient-via-position),var(--tw-gradient-to)var(--tw-gradient-to-position);--tw-gradient-stops:var(--tw-gradient-via-stops)}.via-yellow-400{--tw-gradient-via:var(--color-yellow-400);--tw-gradient-via-stops:var(--tw-gradient-position),var(--tw-gradient-from)var(--tw-gradient-from-position),var(--tw-gradient-via)var(--tw-gradient-via-position),var(--tw-gradient-to)var(--tw-gradient-to-position);--tw-gradient-stops:var(--tw-gradient-via-stops)}.via-yellow-400\/50{--tw-gradient-via:#fac80080}@supports (color:color-mix(in lab, red, red)){.via-yellow-400\/50{--tw-gradient-via:color-mix(in oklab,var(--color-yellow-400)50%,transparent)}}.via-yellow-400\/50{--tw-gradient-via-stops:var(--tw-gradient-position),var(--tw-gradient-from)var(--tw-gradient-from-position),var(--tw-gradient-via)var(--tw-gradient-via-position),var(--tw-gradient-to)var(--tw-gradient-to-position);--tw-gradient-stops:var(--tw-gradient-via-stops)}.via-yellow-400\/80{--tw-gradient-via:#fac800cc}@supports (color:color-mix(in lab, red, red)){.via-yellow-400\/80{--tw-gradient-via:color-mix(in oklab,var(--color-yellow-400)80%,transparent)}}.via-yellow-400\/80{--tw-gradient-via-stops:var(--tw-gradient-position),var(--tw-gradient-from)var(--tw-gradient-from-position),var(--tw-gradient-via)var(--tw-gradient-via-position),var(--tw-gradient-to)var(--tw-gradient-to-position);--tw-gradient-stops:var(--tw-gradient-via-stops)}.via-yellow-500\/5{--tw-gradient-via:#edb2000d}@supports (color:color-mix(in lab, red, red)){.via-yellow-500\/5{--tw-gradient-via:color-mix(in oklab,var(--color-yellow-500)5%,transparent)}}.via-yellow-500\/5{--tw-gradient-via-stops:var(--tw-gradient-position),var(--tw-gradient-from)var(--tw-gradient-from-position),var(--tw-gradient-via)var(--tw-gradient-via-position),var(--tw-gradient-to)var(--tw-gradient-to-position);--tw-gradient-stops:var(--tw-gradient-via-stops)}.via-yellow-800\/20{--tw-gradient-via:#874b0033}@supports (color:color-mix(in lab, red, red)){.via-yellow-800\/20{--tw-gradient-via:color-mix(in oklab,var(--color-yellow-800)20%,transparent)}}.via-yellow-800\/20{--tw-gradient-via-stops:var(--tw-gradient-position),var(--tw-gradient-from)var(--tw-gradient-from-position),var(--tw-gradient-via)var(--tw-gradient-via-position),var(--tw-gradient-to)var(--tw-gradient-to-position);--tw-gradient-stops:var(--tw-gradient-via-stops)}.to-\[\#1A1A32\]\/90{--tw-gradient-to:oklab(23.1143% .00969324 -.0447839/.9);--tw-gradient-stops:var(--tw-gradient-via-stops,var(--tw-gradient-position),var(--tw-gradient-from)var(--tw-gradient-from-position),var(--tw-gradient-to)var(--tw-gradient-to-position))}.to-\[\#B14EFF\]{--tw-gradient-to:#b14eff;--tw-gradient-stops:var(--tw-gradient-via-stops,var(--tw-gradient-position),var(--tw-gradient-from)var(--tw-gradient-from-position),var(--tw-gradient-to)var(--tw-gradient-to-position))}.to-amber-600\/15{--tw-gradient-to:#dd740026}@supports (color:color-mix(in lab, red, red)){.to-amber-600\/15{--tw-gradient-to:color-mix(in oklab,var(--color-amber-600)15%,transparent)}}.to-amber-600\/15{--tw-gradient-stops:var(--tw-gradient-via-stops,var(--tw-gradient-position),var(--tw-gradient-from)var(--tw-gradient-from-position),var(--tw-gradient-to)var(--tw-gradient-to-position))}.to-indigo-800{--tw-gradient-to:var(--color-indigo-800);--tw-gradient-stops:var(--tw-gradient-via-stops,var(--tw-gradient-position),var(--tw-gradient-from)var(--tw-gradient-from-position),var(--tw-gradient-to)var(--tw-gradient-to-position))}.to-purple-300{--tw-gradient-to:var(--color-purple-300);--tw-gradient-stops:var(--tw-gradient-via-stops,var(--tw-gradient-position),var(--tw-gradient-from)var(--tw-gradient-from-position),var(--tw-gradient-to)var(--tw-gradient-to-position))}.to-purple-400{--tw-gradient-to:var(--color-purple-400);--tw-gradient-stops:var(--tw-gradient-via-stops,var(--tw-gradient-position),var(--tw-gradient-from)var(--tw-gradient-from-position),var(--tw-gradient-to)var(--tw-gradient-to-position))}.to-purple-400\/25{--tw-gradient-to:#c07eff40}@supports (color:color-mix(in lab, red, red)){.to-purple-400\/25{--tw-gradient-to:color-mix(in oklab,var(--color-purple-400)25%,transparent)}}.to-purple-400\/25{--tw-gradient-stops:var(--tw-gradient-via-stops,var(--tw-gradient-position),var(--tw-gradient-from)var(--tw-gradient-from-position),var(--tw-gradient-to)var(--tw-gradient-to-position))}.to-purple-400\/30{--tw-gradient-to:#c07eff4d}@supports (color:color-mix(in lab, red, red)){.to-purple-400\/30{--tw-gradient-to:color-mix(in oklab,var(--color-purple-400)30%,transparent)}}.to-purple-400\/30{--tw-gradient-stops:var(--tw-gradient-via-stops,var(--tw-gradient-position),var(--tw-gradient-from)var(--tw-gradient-from-position),var(--tw-gradient-to)var(--tw-gradient-to-position))}.to-purple-400\/40{--tw-gradient-to:#c07eff66}@supports (color:color-mix(in lab, red, red)){.to-purple-400\/40{--tw-gradient-to:color-mix(in oklab,var(--color-purple-400)40%,transparent)}}.to-purple-400\/40{--tw-gradient-stops:var(--tw-gradient-via-stops,var(--tw-gradient-position),var(--tw-gradient-from)var(--tw-gradient-from-position),var(--tw-gradient-to)var(--tw-gradient-to-position))}.to-purple-500{--tw-gradient-to:var(--color-purple-500);--tw-gradient-stops:var(--tw-gradient-via-stops,var(--tw-gradient-position),var(--tw-gradient-from)var(--tw-gradient-from-position),var(--tw-gradient-to)var(--tw-gradient-to-position))}.to-purple-500\/20{--tw-gradient-to:#ac4bff33}@supports (color:color-mix(in lab, red, red)){.to-purple-500\/20{--tw-gradient-to:color-mix(in oklab,var(--color-purple-500)20%,transparent)}}.to-purple-500\/20{--tw-gradient-stops:var(--tw-gradient-via-stops,var(--tw-gradient-position),var(--tw-gradient-from)var(--tw-gradient-from-position),var(--tw-gradient-to)var(--tw-gradient-to-position))}.to-purple-500\/30{--tw-gradient-to:#ac4bff4d}@supports (color:color-mix(in lab, red, red)){.to-purple-500\/30{--tw-gradient-to:color-mix(in oklab,var(--color-purple-500)30%,transparent)}}.to-purple-500\/30{--tw-gradient-stops:var(--tw-gradient-via-stops,var(--tw-gradient-position),var(--tw-gradient-from)var(--tw-gradient-from-position),var(--tw-gradient-to)var(--tw-gradient-to-position))}.to-purple-500\/80{--tw-gradient-to:#ac4bffcc}@supports (color:color-mix(in lab, red, red)){.to-purple-500\/80{--tw-gradient-to:color-mix(in oklab,var(--color-purple-500)80%,transparent)}}.to-purple-500\/80{--tw-gradient-stops:var(--tw-gradient-via-stops,var(--tw-gradient-position),var(--tw-gradient-from)var(--tw-gradient-from-position),var(--tw-gradient-to)var(--tw-gradient-to-position))}.to-purple-600{--tw-gradient-to:var(--color-purple-600);--tw-gradient-stops:var(--tw-gradient-via-stops,var(--tw-gradient-position),var(--tw-gradient-from)var(--tw-gradient-from-position),var(--tw-gradient-to)var(--tw-gradient-to-position))}.to-purple-600\/10{--tw-gradient-to:#9810fa1a}@supports (color:color-mix(in lab, red, red)){.to-purple-600\/10{--tw-gradient-to:color-mix(in oklab,var(--color-purple-600)10%,transparent)}}.to-purple-600\/10{--tw-gradient-stops:var(--tw-gradient-via-stops,var(--tw-gradient-position),var(--tw-gradient-from)var(--tw-gradient-from-position),var(--tw-gradient-to)var(--tw-gradient-to-position))}.to-purple-900{--tw-gradient-to:var(--color-purple-900);--tw-gradient-stops:var(--tw-gradient-via-stops,var(--tw-gradient-position),var(--tw-gradient-from)var(--tw-gradient-from-position),var(--tw-gradient-to)var(--tw-gradient-to-position))}.to-purple-900\/30{--tw-gradient-to:#59168b4d}@supports (color:color-mix(in lab, red, red)){.to-purple-900\/30{--tw-gradient-to:color-mix(in oklab,var(--color-purple-900)30%,transparent)}}.to-purple-900\/30{--tw-gradient-stops:var(--tw-gradient-via-stops,var(--tw-gradient-position),var(--tw-gradient-from)var(--tw-gradient-from-position),var(--tw-gradient-to)var(--tw-gradient-to-position))}.to-purple-900\/90{--tw-gradient-to:#59168be6}@supports (color:color-mix(in lab, red, red)){.to-purple-900\/90{--tw-gradient-to:color-mix(in oklab,var(--color-purple-900)90%,transparent)}}.to-purple-900\/90{--tw-gradient-stops:var(--tw-gradient-via-stops,var(--tw-gradient-position),var(--tw-gradient-from)var(--tw-gradient-from-position),var(--tw-gradient-to)var(--tw-gradient-to-position))}.to-slate-800\/90{--tw-gradient-to:#1d293de6}@supports (color:color-mix(in lab, red, red)){.to-slate-800\/90{--tw-gradient-to:color-mix(in oklab,var(--color-slate-800)90%,transparent)}}.to-slate-800\/90{--tw-gradient-stops:var(--tw-gradient-via-stops,var(--tw-gradient-position),var(--tw-gradient-from)var(--tw-gradient-from-position),var(--tw-gradient-to)var(--tw-gradient-to-position))}.to-slate-900{--tw-gradient-to:var(--color-slate-900);--tw-gradient-stops:var(--tw-gradient-via-stops,var(--tw-gradient-position),var(--tw-gradient-from)var(--tw-gradient-from-position),var(--tw-gradient-to)var(--tw-gradient-to-position))}.to-transparent{--tw-gradient-to:transparent;--tw-gradient-stops:var(--tw-gradient-via-stops,var(--tw-gradient-position),var(--tw-gradient-from)var(--tw-gradient-from-position),var(--tw-gradient-to)var(--tw-gradient-to-position))}.to-violet-600\/15{--tw-gradient-to:#7f22fe26}@supports (color:color-mix(in lab, red, red)){.to-violet-600\/15{--tw-gradient-to:color-mix(in oklab,var(--color-violet-600)15%,transparent)}}.to-violet-600\/15{--tw-gradient-stops:var(--tw-gradient-via-stops,var(--tw-gradient-position),var(--tw-gradient-from)var(--tw-gradient-from-position),var(--tw-gradient-to)var(--tw-gradient-to-position))}.to-yellow-400{--tw-gradient-to:var(--color-yellow-400);--tw-gradient-stops:var(--tw-gradient-via-stops,var(--tw-gradient-position),var(--tw-gradient-from)var(--tw-gradient-from-position),var(--tw-gradient-to)var(--tw-gradient-to-position))}.to-yellow-400\/60{--tw-gradient-to:#fac80099}@supports (color:color-mix(in lab, red, red)){.to-yellow-400\/60{--tw-gradient-to:color-mix(in oklab,var(--color-yellow-400)60%,transparent)}}.to-yellow-400\/60{--tw-gradient-stops:var(--tw-gradient-via-stops,var(--tw-gradient-position),var(--tw-gradient-from)var(--tw-gradient-from-position),var(--tw-gradient-to)var(--tw-gradient-to-position))}.to-yellow-500{--tw-gradient-to:var(--color-yellow-500);--tw-gradient-stops:var(--tw-gradient-via-stops,var(--tw-gradient-position),var(--tw-gradient-from)var(--tw-gradient-from-position),var(--tw-gradient-to)var(--tw-gradient-to-position))}.to-yellow-500\/40{--tw-gradient-to:#edb20066}@supports (color:color-mix(in lab, red, red)){.to-yellow-500\/40{--tw-gradient-to:color-mix(in oklab,var(--color-yellow-500)40%,transparent)}}.to-yellow-500\/40{--tw-gradient-stops:var(--tw-gradient-via-stops,var(--tw-gradient-position),var(--tw-gradient-from)var(--tw-gradient-from-position),var(--tw-gradient-to)var(--tw-gradient-to-position))}.to-yellow-600{--tw-gradient-to:var(--color-yellow-600);--tw-gradient-stops:var(--tw-gradient-via-stops,var(--tw-gradient-position),var(--tw-gradient-from)var(--tw-gradient-from-position),var(--tw-gradient-to)var(--tw-gradient-to-position))}.to-yellow-900\/20{--tw-gradient-to:#733e0a33}@supports (color:color-mix(in lab, red, red)){.to-yellow-900\/20{--tw-gradient-to:color-mix(in oklab,var(--color-yellow-900)20%,transparent)}}.to-yellow-900\/20{--tw-gradient-stops:var(--tw-gradient-via-stops,var(--tw-gradient-position),var(--tw-gradient-from)var(--tw-gradient-from-position),var(--tw-gradient-to)var(--tw-gradient-to-position))}.bg-\[length\:10px_10px\]{background-size:10px 10px}.bg-\[length\:20px_20px\]{background-size:20px 20px}.bg-cover{background-size:cover}.bg-clip-text{-webkit-background-clip:text;background-clip:text}.bg-center{background-position:50%}.bg-repeat{background-repeat:repeat}.fill-current{fill:currentColor}.fill-foreground{fill:var(--foreground)}.fill-primary{fill:var(--primary)}.fill-transparent{fill:#0000}.fill-yellow-400{fill:var(--color-yellow-400)}.object-contain{object-fit:contain}.object-cover{object-fit:cover}.object-fill{object-fit:fill}.object-center{object-position:center}.p-0{padding:calc(var(--spacing)*0)}.p-1{padding:calc(var(--spacing)*1)}.p-1\.5{padding:calc(var(--spacing)*1.5)}.p-2{padding:calc(var(--spacing)*2)}.p-2\.5{padding:calc(var(--spacing)*2.5)}.p-3{padding:calc(var(--spacing)*3)}.p-4{padding:calc(var(--spacing)*4)}.p-6{padding:calc(var(--spacing)*6)}.p-8{padding:calc(var(--spacing)*8)}.p-\[0\.5em\]{padding:.5em}.p-\[3px\]{padding:3px}.p-\[10px\]{padding:10px}.p-px{padding:1px}.px-\(--cell-size\){padding-inline:var(--cell-size)}.px-0{padding-inline:calc(var(--spacing)*0)}.px-1{padding-inline:calc(var(--spacing)*1)}.px-1\.5{padding-inline:calc(var(--spacing)*1.5)}.px-2{padding-inline:calc(var(--spacing)*2)}.px-2\.5{padding-inline:calc(var(--spacing)*2.5)}.px-3{padding-inline:calc(var(--spacing)*3)}.px-4{padding-inline:calc(var(--spacing)*4)}.px-5{padding-inline:calc(var(--spacing)*5)}.px-6{padding-inline:calc(var(--spacing)*6)}.px-8{padding-inline:calc(var(--spacing)*8)}.px-10{padding-inline:calc(var(--spacing)*10)}.px-16{padding-inline:calc(var(--spacing)*16)}.px-\[5\%\]{padding-inline:5%}.px-\[7px\]{padding-inline:7px}.px-\[15px\]{padding-inline:15px}.py-0{padding-block:calc(var(--spacing)*0)}.py-0\.5{padding-block:calc(var(--spacing)*.5)}.py-1{padding-block:calc(var(--spacing)*1)}.py-1\.5{padding-block:calc(var(--spacing)*1.5)}.py-2{padding-block:calc(var(--spacing)*2)}.py-2\.5{padding-block:calc(var(--spacing)*2.5)}.py-3{padding-block:calc(var(--spacing)*3)}.py-4{padding-block:calc(var(--spacing)*4)}.py-6{padding-block:calc(var(--spacing)*6)}.py-8{padding-block:calc(var(--spacing)*8)}.py-12{padding-block:calc(var(--spacing)*12)}.py-16{padding-block:calc(var(--spacing)*16)}.py-32{padding-block:calc(var(--spacing)*32)}.py-\[2px\]{padding-block:2px}.py-\[8px\]{padding-block:8px}.py-\[15px\]{padding-block:15px}.py-\[21\.5px\]{padding-block:21.5px}.pt-0{padding-top:calc(var(--spacing)*0)}.pt-0\.5{padding-top:calc(var(--spacing)*.5)}.pt-1{padding-top:calc(var(--spacing)*1)}.pt-2{padding-top:calc(var(--spacing)*2)}.pt-3{padding-top:calc(var(--spacing)*3)}.pt-4{padding-top:calc(var(--spacing)*4)}.pt-6{padding-top:calc(var(--spacing)*6)}.pt-7{padding-top:calc(var(--spacing)*7)}.pt-10{padding-top:calc(var(--spacing)*10)}.pt-\[-300px\]{padding-top:-300px}.pt-\[1\.5px\]{padding-top:1.5px}.pt-\[1px\]{padding-top:1px}.pt-\[2\.5px\]{padding-top:2.5px}.pt-\[11px\]{padding-top:11px}.pt-\[12px\]{padding-top:12px}.pt-\[18px\]{padding-top:18px}.pr-1{padding-right:calc(var(--spacing)*1)}.pr-2{padding-right:calc(var(--spacing)*2)}.pr-2\.5{padding-right:calc(var(--spacing)*2.5)}.pr-3{padding-right:calc(var(--spacing)*3)}.pr-3\.5{padding-right:calc(var(--spacing)*3.5)}.pr-4{padding-right:calc(var(--spacing)*4)}.pr-6{padding-right:calc(var(--spacing)*6)}.pr-8{padding-right:calc(var(--spacing)*8)}.pr-\[10px\]{padding-right:10px}.pb-0{padding-bottom:calc(var(--spacing)*0)}.pb-1{padding-bottom:calc(var(--spacing)*1)}.pb-3{padding-bottom:calc(var(--spacing)*3)}.pb-3\.5{padding-bottom:calc(var(--spacing)*3.5)}.pb-4{padding-bottom:calc(var(--spacing)*4)}.pb-12{padding-bottom:calc(var(--spacing)*12)}.pb-\[19px\]{padding-bottom:19px}.pl-1{padding-left:calc(var(--spacing)*1)}.pl-2{padding-left:calc(var(--spacing)*2)}.pl-3{padding-left:calc(var(--spacing)*3)}.pl-4{padding-left:calc(var(--spacing)*4)}.pl-6{padding-left:calc(var(--spacing)*6)}.pl-8{padding-left:calc(var(--spacing)*8)}.pl-9{padding-left:calc(var(--spacing)*9)}.pl-10{padding-left:calc(var(--spacing)*10)}.pl-\[1px\]{padding-left:1px}.pl-\[8px\]{padding-left:8px}.pl-\[9px\]{padding-left:9px}.pl-\[20px\]{padding-left:20px}.pl-\[25\.78px\]{padding-left:25.78px}.pl-\[30px\]{padding-left:30px}.\!text-left{text-align:left!important}.text-center{text-align:center}.text-justify{text-align:justify}.text-left{text-align:left}.text-start{text-align:start}.align-baseline{vertical-align:baseline}.align-middle{vertical-align:middle}.font-mono{font-family:var(--font-geist-mono)}.font-sans{font-family:var(--font-geist-sans)}.text-2xl{font-size:var(--text-2xl);line-height:var(--tw-leading,var(--text-2xl--line-height))}.text-3xl{font-size:var(--text-3xl);line-height:var(--tw-leading,var(--text-3xl--line-height))}.text-4xl{font-size:var(--text-4xl);line-height:var(--tw-leading,var(--text-4xl--line-height))}.text-5xl{font-size:var(--text-5xl);line-height:var(--tw-leading,var(--text-5xl--line-height))}.text-base{font-size:var(--text-base);line-height:var(--tw-leading,var(--text-base--line-height))}.text-lg{font-size:var(--text-lg);line-height:var(--tw-leading,var(--text-lg--line-height))}.text-sm{font-size:var(--text-sm);line-height:var(--tw-leading,var(--text-sm--line-height))}.text-sm\/relaxed{font-size:var(--text-sm);line-height:var(--leading-relaxed)}.text-xl{font-size:var(--text-xl);line-height:var(--tw-leading,var(--text-xl--line-height))}.text-xs{font-size:var(--text-xs);line-height:var(--tw-leading,var(--text-xs--line-height))}.text-\[0\.8rem\]{font-size:.8rem}.text-\[8\.5px\]{font-size:8.5px}.text-\[10px\]{font-size:10px}.text-\[11px\]{font-size:11px}.text-\[12px\]{font-size:12px}.text-\[13\.3px\]{font-size:13.3px}.text-\[13px\]{font-size:13px}.text-\[14px\]{font-size:14px}.text-\[15px\]{font-size:15px}.text-\[16px\]{font-size:16px}.text-\[17px\]{font-size:17px}.text-\[18px\]{font-size:18px}.text-\[28px\]{font-size:28px}.leading-5{--tw-leading:calc(var(--spacing)*5);line-height:calc(var(--spacing)*5)}.leading-8{--tw-leading:calc(var(--spacing)*8);line-height:calc(var(--spacing)*8)}.leading-10{--tw-leading:calc(var(--spacing)*10);line-height:calc(var(--spacing)*10)}.leading-\[1\.2\]{--tw-leading:1.2;line-height:1.2}.leading-\[1\.3\]{--tw-leading:1.3;line-height:1.3}.leading-\[19px\]{--tw-leading:19px;line-height:19px}.leading-\[25px\]{--tw-leading:25px;line-height:25px}.leading-\[33\.6px\]{--tw-leading:33.6px;line-height:33.6px}.leading-\[36\.53px\]{--tw-leading:36.53px;line-height:36.53px}.leading-\[39\.2px\]{--tw-leading:39.2px;line-height:39.2px}.leading-\[42px\]{--tw-leading:42px;line-height:42px}.leading-none{--tw-leading:1;line-height:1}.leading-normal{--tw-leading:var(--leading-normal);line-height:var(--leading-normal)}.leading-relaxed{--tw-leading:var(--leading-relaxed);line-height:var(--leading-relaxed)}.leading-snug{--tw-leading:var(--leading-snug);line-height:var(--leading-snug)}.leading-tight{--tw-leading:var(--leading-tight);line-height:var(--leading-tight)}.font-\[400\]{--tw-font-weight:400;font-weight:400}.font-\[500\]{--tw-font-weight:500;font-weight:500}.font-black{--tw-font-weight:var(--font-weight-black);font-weight:var(--font-weight-black)}.font-bold{--tw-font-weight:var(--font-weight-bold);font-weight:var(--font-weight-bold)}.font-extrabold{--tw-font-weight:var(--font-weight-extrabold);font-weight:var(--font-weight-extrabold)}.font-medium{--tw-font-weight:var(--font-weight-medium);font-weight:var(--font-weight-medium)}.font-normal{--tw-font-weight:var(--font-weight-normal);font-weight:var(--font-weight-normal)}.font-semibold{--tw-font-weight:var(--font-weight-semibold);font-weight:var(--font-weight-semibold)}.tracking-\[0\.27px\]{--tw-tracking:.27px;letter-spacing:.27px}.tracking-tight{--tw-tracking:var(--tracking-tight);letter-spacing:var(--tracking-tight)}.tracking-wide{--tw-tracking:var(--tracking-wide);letter-spacing:var(--tracking-wide)}.tracking-wider{--tw-tracking:var(--tracking-wider);letter-spacing:var(--tracking-wider)}.tracking-widest{--tw-tracking:var(--tracking-widest);letter-spacing:var(--tracking-widest)}.text-balance{text-wrap:balance}.text-wrap{text-wrap:wrap}.break-words{overflow-wrap:break-word}.text-clip{text-overflow:clip}.text-ellipsis{text-overflow:ellipsis}.whitespace-nowrap{white-space:nowrap}.whitespace-pre-wrap{white-space:pre-wrap}.text-\[\#0a0a0a\]{color:#0a0a0a}.text-\[\#0e6860\]{color:#0e6860}.text-\[\#1A1A32\]{color:#1a1a32}.text-\[\#9B9B9B\]{color:#9b9b9b}.text-\[\#9d4942\]{color:#9d4942}.text-\[\#888\]{color:#888}.text-\[\#913FE2\]{color:#913fe2}.text-\[\#999\]{color:#999}.text-\[\#9333ea\]{color:#9333ea}.text-\[\#555555\]{color:#555}.text-\[\#999999\]{color:#999}.text-\[\#A0A0B0\]{color:#a0a0b0}.text-\[\#A2A2A2\]{color:#a2a2a2}.text-\[\#B8B8B8\]{color:#b8b8b8}.text-\[\#BBBBBB\]{color:#bbb}.text-\[\#D9D9D9\]{color:#d9d9d9}.text-\[\#DDDDDD\]{color:#ddd}.text-\[\#ccc\]{color:#ccc}.text-\[\#f5f5f5\]{color:#f5f5f5}.text-\[\#fff\]{color:#fff}.text-accent-foreground{color:var(--accent-foreground)}.text-amber-400{color:var(--color-amber-400)}.text-background{color:var(--background)}.text-black{color:var(--color-black)}.text-blue-200{color:var(--color-blue-200)}.text-blue-300{color:var(--color-blue-300)}.text-blue-400{color:var(--color-blue-400)}.text-blue-400\/30{color:#54a2ff4d}@supports (color:color-mix(in lab, red, red)){.text-blue-400\/30{color:color-mix(in oklab,var(--color-blue-400)30%,transparent)}}.text-blue-500{color:var(--color-blue-500)}.text-blue-600{color:var(--color-blue-600)}.text-card-foreground{color:var(--card-foreground)}.text-current{color:currentColor}.text-destructive{color:var(--destructive)}.text-foreground,.text-foreground\/60{color:var(--foreground)}@supports (color:color-mix(in lab, red, red)){.text-foreground\/60{color:color-mix(in oklab,var(--foreground)60%,transparent)}}.text-gray-100{color:var(--color-gray-100)}.text-gray-200{color:var(--color-gray-200)}.text-gray-300{color:var(--color-gray-300)}.text-gray-400{color:var(--color-gray-400)}.text-green-500{color:var(--color-green-500)}.text-indigo-600{color:var(--color-indigo-600)}.text-muted-foreground{color:var(--muted-foreground)}.text-popover-foreground{color:var(--popover-foreground)}.text-primary{color:var(--primary)}.text-primary-foreground{color:var(--primary-foreground)}.text-purple-300{color:var(--color-purple-300)}.text-purple-300\/40{color:#d9b3ff66}@supports (color:color-mix(in lab, red, red)){.text-purple-300\/40{color:color-mix(in oklab,var(--color-purple-300)40%,transparent)}}.text-purple-400{color:var(--color-purple-400)}.text-purple-500{color:var(--color-purple-500)}.text-purple-700{color:var(--color-purple-700)}.text-purple-900{color:var(--color-purple-900)}.text-red-400{color:var(--color-red-400)}.text-red-500{color:var(--color-red-500)}.text-secondary-foreground{color:var(--secondary-foreground)}.text-sidebar-foreground,.text-sidebar-foreground\/70{color:var(--sidebar-foreground)}@supports (color:color-mix(in lab, red, red)){.text-sidebar-foreground\/70{color:color-mix(in oklab,var(--sidebar-foreground)70%,transparent)}}.text-slate-200{color:var(--color-slate-200)}.text-slate-300{color:var(--color-slate-300)}.text-slate-400{color:var(--color-slate-400)}.text-slate-500{color:var(--color-slate-500)}.text-slate-600{color:var(--color-slate-600)}.text-slate-700{color:var(--color-slate-700)}.text-slate-900{color:var(--color-slate-900)}.text-slate-950{color:var(--color-slate-950)}.text-transparent{color:#0000}.text-white{color:var(--color-white)}.text-white\/70{color:#ffffffb3}@supports (color:color-mix(in lab, red, red)){.text-white\/70{color:color-mix(in oklab,var(--color-white)70%,transparent)}}.text-yellow-100{color:var(--color-yellow-100)}.text-yellow-200{color:var(--color-yellow-200)}.text-yellow-300{color:var(--color-yellow-300)}.text-yellow-300\/40{color:#ffe02a66}@supports (color:color-mix(in lab, red, red)){.text-yellow-300\/40{color:color-mix(in oklab,var(--color-yellow-300)40%,transparent)}}.text-yellow-400{color:var(--color-yellow-400)}.text-yellow-400\/30{color:#fac8004d}@supports (color:color-mix(in lab, red, red)){.text-yellow-400\/30{color:color-mix(in oklab,var(--color-yellow-400)30%,transparent)}}.text-zinc-100{color:var(--color-zinc-100)}.text-zinc-200{color:var(--color-zinc-200)}.text-zinc-300{color:var(--color-zinc-300)}.text-zinc-400{color:var(--color-zinc-400)}.text-zinc-500{color:var(--color-zinc-500)}.text-zinc-600{color:var(--color-zinc-600)}.text-zinc-950{color:var(--color-zinc-950)}.capitalize{text-transform:capitalize}.lowercase{text-transform:lowercase}.normal-case{text-transform:none}.uppercase{text-transform:uppercase}.italic{font-style:italic}.not-italic{font-style:normal}.diagonal-fractions{--tw-numeric-fraction:diagonal-fractions;font-variant-numeric:var(--tw-ordinal,)var(--tw-slashed-zero,)var(--tw-numeric-figure,)var(--tw-numeric-spacing,)var(--tw-numeric-fraction,)}.lining-nums{--tw-numeric-figure:lining-nums;font-variant-numeric:var(--tw-ordinal,)var(--tw-slashed-zero,)var(--tw-numeric-figure,)var(--tw-numeric-spacing,)var(--tw-numeric-fraction,)}.oldstyle-nums{--tw-numeric-figure:oldstyle-nums;font-variant-numeric:var(--tw-ordinal,)var(--tw-slashed-zero,)var(--tw-numeric-figure,)var(--tw-numeric-spacing,)var(--tw-numeric-fraction,)}.ordinal{--tw-ordinal:ordinal;font-variant-numeric:var(--tw-ordinal,)var(--tw-slashed-zero,)var(--tw-numeric-figure,)var(--tw-numeric-spacing,)var(--tw-numeric-fraction,)}.proportional-nums{--tw-numeric-spacing:proportional-nums;font-variant-numeric:var(--tw-ordinal,)var(--tw-slashed-zero,)var(--tw-numeric-figure,)var(--tw-numeric-spacing,)var(--tw-numeric-fraction,)}.slashed-zero{--tw-slashed-zero:slashed-zero;font-variant-numeric:var(--tw-ordinal,)var(--tw-slashed-zero,)var(--tw-numeric-figure,)var(--tw-numeric-spacing,)var(--tw-numeric-fraction,)}.stacked-fractions{--tw-numeric-fraction:stacked-fractions;font-variant-numeric:var(--tw-ordinal,)var(--tw-slashed-zero,)var(--tw-numeric-figure,)var(--tw-numeric-spacing,)var(--tw-numeric-fraction,)}.tabular-nums{--tw-numeric-spacing:tabular-nums;font-variant-numeric:var(--tw-ordinal,)var(--tw-slashed-zero,)var(--tw-numeric-figure,)var(--tw-numeric-spacing,)var(--tw-numeric-fraction,)}.normal-nums{font-variant-numeric:normal}.line-through{text-decoration-line:line-through}.no-underline{text-decoration-line:none}.overline{text-decoration-line:overline}.underline{text-decoration-line:underline}.underline-offset-4{text-underline-offset:4px}.antialiased{-webkit-font-smoothing:antialiased;-moz-osx-font-smoothing:grayscale}.subpixel-antialiased{-webkit-font-smoothing:auto;-moz-osx-font-smoothing:auto}.placeholder-gray-400::placeholder{color:var(--color-gray-400)}.opacity-0{opacity:0}.opacity-20{opacity:.2}.opacity-30{opacity:.3}.opacity-50{opacity:.5}.opacity-60{opacity:.6}.opacity-70{opacity:.7}.opacity-90{opacity:.9}.opacity-100{opacity:1}.shadow{--tw-shadow:0 1px 3px 0 var(--tw-shadow-color,#0000001a),0 1px 2px -1px var(--tw-shadow-color,#0000001a);box-shadow:var(--tw-inset-shadow),var(--tw-inset-ring-shadow),var(--tw-ring-offset-shadow),var(--tw-ring-shadow),var(--tw-shadow)}.shadow-2xl{--tw-shadow:0 25px 50px -12px var(--tw-shadow-color,#00000040);box-shadow:var(--tw-inset-shadow),var(--tw-inset-ring-shadow),var(--tw-ring-offset-shadow),var(--tw-ring-shadow),var(--tw-shadow)}.shadow-\[0_0_0_1px_hsl\(var\(--sidebar-border\)\)\]{--tw-shadow:0 0 0 1px var(--tw-shadow-color,hsl(var(--sidebar-border)));box-shadow:var(--tw-inset-shadow),var(--tw-inset-ring-shadow),var(--tw-ring-offset-shadow),var(--tw-ring-shadow),var(--tw-shadow)}.shadow-lg{--tw-shadow:0 10px 15px -3px var(--tw-shadow-color,#0000001a),0 4px 6px -4px var(--tw-shadow-color,#0000001a);box-shadow:var(--tw-inset-shadow),var(--tw-inset-ring-shadow),var(--tw-ring-offset-shadow),var(--tw-ring-shadow),var(--tw-shadow)}.shadow-md{--tw-shadow:0 4px 6px -1px var(--tw-shadow-color,#0000001a),0 2px 4px -2px var(--tw-shadow-color,#0000001a);box-shadow:var(--tw-inset-shadow),var(--tw-inset-ring-shadow),var(--tw-ring-offset-shadow),var(--tw-ring-shadow),var(--tw-shadow)}.shadow-none{--tw-shadow:0 0 #0000;box-shadow:var(--tw-inset-shadow),var(--tw-inset-ring-shadow),var(--tw-ring-offset-shadow),var(--tw-ring-shadow),var(--tw-shadow)}.shadow-sm{--tw-shadow:0 1px 3px 0 var(--tw-shadow-color,#0000001a),0 1px 2px -1px var(--tw-shadow-color,#0000001a);box-shadow:var(--tw-inset-shadow),var(--tw-inset-ring-shadow),var(--tw-ring-offset-shadow),var(--tw-ring-shadow),var(--tw-shadow)}.shadow-xl{--tw-shadow:0 20px 25px -5px var(--tw-shadow-color,#0000001a),0 8px 10px -6px var(--tw-shadow-color,#0000001a);box-shadow:var(--tw-inset-shadow),var(--tw-inset-ring-shadow),var(--tw-ring-offset-shadow),var(--tw-ring-shadow),var(--tw-shadow)}.shadow-xs{--tw-shadow:0 1px 2px 0 var(--tw-shadow-color,#0000000d);box-shadow:var(--tw-inset-shadow),var(--tw-inset-ring-shadow),var(--tw-ring-offset-shadow),var(--tw-ring-shadow),var(--tw-shadow)}.ring-0{--tw-ring-shadow:var(--tw-ring-inset,)0 0 0 calc(0px + var(--tw-ring-offset-width))var(--tw-ring-color,currentcolor);box-shadow:var(--tw-inset-shadow),var(--tw-inset-ring-shadow),var(--tw-ring-offset-shadow),var(--tw-ring-shadow),var(--tw-shadow)}.ring-1{--tw-ring-shadow:var(--tw-ring-inset,)0 0 0 calc(1px + var(--tw-ring-offset-width))var(--tw-ring-color,currentcolor);box-shadow:var(--tw-inset-shadow),var(--tw-inset-ring-shadow),var(--tw-ring-offset-shadow),var(--tw-ring-shadow),var(--tw-shadow)}.ring-2{--tw-ring-shadow:var(--tw-ring-inset,)0 0 0 calc(2px + var(--tw-ring-offset-width))var(--tw-ring-color,currentcolor);box-shadow:var(--tw-inset-shadow),var(--tw-inset-ring-shadow),var(--tw-ring-offset-shadow),var(--tw-ring-shadow),var(--tw-shadow)}.shadow-purple-500\/10{--tw-shadow-color:#ac4bff1a}@supports (color:color-mix(in lab, red, red)){.shadow-purple-500\/10{--tw-shadow-color:color-mix(in oklab,color-mix(in oklab,var(--color-purple-500)10%,transparent)var(--tw-shadow-alpha),transparent)}}.ring-background{--tw-ring-color:var(--background)}.ring-black\/5{--tw-ring-color:#0000000d}@supports (color:color-mix(in lab, red, red)){.ring-black\/5{--tw-ring-color:color-mix(in oklab,var(--color-black)5%,transparent)}}.ring-purple-400\/20{--tw-ring-color:#c07eff33}@supports (color:color-mix(in lab, red, red)){.ring-purple-400\/20{--tw-ring-color:color-mix(in oklab,var(--color-purple-400)20%,transparent)}}.ring-purple-500\/50{--tw-ring-color:#ac4bff80}@supports (color:color-mix(in lab, red, red)){.ring-purple-500\/50{--tw-ring-color:color-mix(in oklab,var(--color-purple-500)50%,transparent)}}.ring-ring\/50{--tw-ring-color:var(--ring)}@supports (color:color-mix(in lab, red, red)){.ring-ring\/50{--tw-ring-color:color-mix(in oklab,var(--ring)50%,transparent)}}.ring-sidebar-ring{--tw-ring-color:var(--sidebar-ring)}.ring-offset-1{--tw-ring-offset-width:1px;--tw-ring-offset-shadow:var(--tw-ring-inset,)0 0 0 var(--tw-ring-offset-width)var(--tw-ring-offset-color)}.ring-offset-background{--tw-ring-offset-color:var(--background)}.ring-offset-zinc-900{--tw-ring-offset-color:var(--color-zinc-900)}.outline-hidden{--tw-outline-style:none;outline-style:none}@media (forced-colors:active){.outline-hidden{outline-offset:2px;outline:2px solid #0000}}.outline{outline-style:var(--tw-outline-style);outline-width:1px}.blur{--tw-blur:blur(8px);filter:var(--tw-blur,)var(--tw-brightness,)var(--tw-contrast,)var(--tw-grayscale,)var(--tw-hue-rotate,)var(--tw-invert,)var(--tw-saturate,)var(--tw-sepia,)var(--tw-drop-shadow,)}.blur-2xl{--tw-blur:blur(var(--blur-2xl));filter:var(--tw-blur,)var(--tw-brightness,)var(--tw-contrast,)var(--tw-grayscale,)var(--tw-hue-rotate,)var(--tw-invert,)var(--tw-saturate,)var(--tw-sepia,)var(--tw-drop-shadow,)}.blur-3xl{--tw-blur:blur(var(--blur-3xl));filter:var(--tw-blur,)var(--tw-brightness,)var(--tw-contrast,)var(--tw-grayscale,)var(--tw-hue-rotate,)var(--tw-invert,)var(--tw-saturate,)var(--tw-sepia,)var(--tw-drop-shadow,)}.blur-lg{--tw-blur:blur(var(--blur-lg));filter:var(--tw-blur,)var(--tw-brightness,)var(--tw-contrast,)var(--tw-grayscale,)var(--tw-hue-rotate,)var(--tw-invert,)var(--tw-saturate,)var(--tw-sepia,)var(--tw-drop-shadow,)}.blur-xl{--tw-blur:blur(var(--blur-xl));filter:var(--tw-blur,)var(--tw-brightness,)var(--tw-contrast,)var(--tw-grayscale,)var(--tw-hue-rotate,)var(--tw-invert,)var(--tw-saturate,)var(--tw-sepia,)var(--tw-drop-shadow,)}.brightness-\[0\.2\]{--tw-brightness:brightness(.2);filter:var(--tw-blur,)var(--tw-brightness,)var(--tw-contrast,)var(--tw-grayscale,)var(--tw-hue-rotate,)var(--tw-invert,)var(--tw-saturate,)var(--tw-sepia,)var(--tw-drop-shadow,)}.drop-shadow{--tw-drop-shadow-size:drop-shadow(0 1px 2px var(--tw-drop-shadow-color,#0000001a))drop-shadow(0 1px 1px var(--tw-drop-shadow-color,#0000000f));--tw-drop-shadow:drop-shadow(0 1px 2px #0000001a)drop-shadow(0 1px 1px #0000000f);filter:var(--tw-blur,)var(--tw-brightness,)var(--tw-contrast,)var(--tw-grayscale,)var(--tw-hue-rotate,)var(--tw-invert,)var(--tw-saturate,)var(--tw-sepia,)var(--tw-drop-shadow,)}.drop-shadow-2xl{--tw-drop-shadow-size:drop-shadow(0 25px 25px var(--tw-drop-shadow-color,#00000026));--tw-drop-shadow:drop-shadow(var(--drop-shadow-2xl));filter:var(--tw-blur,)var(--tw-brightness,)var(--tw-contrast,)var(--tw-grayscale,)var(--tw-hue-rotate,)var(--tw-invert,)var(--tw-saturate,)var(--tw-sepia,)var(--tw-drop-shadow,)}.drop-shadow-lg{--tw-drop-shadow-size:drop-shadow(0 4px 4px var(--tw-drop-shadow-color,#00000026));--tw-drop-shadow:drop-shadow(var(--drop-shadow-lg));filter:var(--tw-blur,)var(--tw-brightness,)var(--tw-contrast,)var(--tw-grayscale,)var(--tw-hue-rotate,)var(--tw-invert,)var(--tw-saturate,)var(--tw-sepia,)var(--tw-drop-shadow,)}.drop-shadow-md{--tw-drop-shadow-size:drop-shadow(0 3px 3px var(--tw-drop-shadow-color,#0000001f));--tw-drop-shadow:drop-shadow(var(--drop-shadow-md));filter:var(--tw-blur,)var(--tw-brightness,)var(--tw-contrast,)var(--tw-grayscale,)var(--tw-hue-rotate,)var(--tw-invert,)var(--tw-saturate,)var(--tw-sepia,)var(--tw-drop-shadow,)}.drop-shadow-sm{--tw-drop-shadow-size:drop-shadow(0 1px 2px var(--tw-drop-shadow-color,#00000026));--tw-drop-shadow:drop-shadow(var(--drop-shadow-sm));filter:var(--tw-blur,)var(--tw-brightness,)var(--tw-contrast,)var(--tw-grayscale,)var(--tw-hue-rotate,)var(--tw-invert,)var(--tw-saturate,)var(--tw-sepia,)var(--tw-drop-shadow,)}.grayscale{--tw-grayscale:grayscale(100%);filter:var(--tw-blur,)var(--tw-brightness,)var(--tw-contrast,)var(--tw-grayscale,)var(--tw-hue-rotate,)var(--tw-invert,)var(--tw-saturate,)var(--tw-sepia,)var(--tw-drop-shadow,)}.invert{--tw-invert:invert(100%);filter:var(--tw-blur,)var(--tw-brightness,)var(--tw-contrast,)var(--tw-grayscale,)var(--tw-hue-rotate,)var(--tw-invert,)var(--tw-saturate,)var(--tw-sepia,)var(--tw-drop-shadow,)}.sepia{--tw-sepia:sepia(100%);filter:var(--tw-blur,)var(--tw-brightness,)var(--tw-contrast,)var(--tw-grayscale,)var(--tw-hue-rotate,)var(--tw-invert,)var(--tw-saturate,)var(--tw-sepia,)var(--tw-drop-shadow,)}.filter{filter:var(--tw-blur,)var(--tw-brightness,)var(--tw-contrast,)var(--tw-grayscale,)var(--tw-hue-rotate,)var(--tw-invert,)var(--tw-saturate,)var(--tw-sepia,)var(--tw-drop-shadow,)}.backdrop-blur{--tw-backdrop-blur:blur(8px);-webkit-backdrop-filter:var(--tw-backdrop-blur,)var(--tw-backdrop-brightness,)var(--tw-backdrop-contrast,)var(--tw-backdrop-grayscale,)var(--tw-backdrop-hue-rotate,)var(--tw-backdrop-invert,)var(--tw-backdrop-opacity,)var(--tw-backdrop-saturate,)var(--tw-backdrop-sepia,);backdrop-filter:var(--tw-backdrop-blur,)var(--tw-backdrop-brightness,)var(--tw-backdrop-contrast,)var(--tw-backdrop-grayscale,)var(--tw-backdrop-hue-rotate,)var(--tw-backdrop-invert,)var(--tw-backdrop-opacity,)var(--tw-backdrop-saturate,)var(--tw-backdrop-sepia,)}.backdrop-blur-lg{--tw-backdrop-blur:blur(var(--blur-lg));-webkit-backdrop-filter:var(--tw-backdrop-blur,)var(--tw-backdrop-brightness,)var(--tw-backdrop-contrast,)var(--tw-backdrop-grayscale,)var(--tw-backdrop-hue-rotate,)var(--tw-backdrop-invert,)var(--tw-backdrop-opacity,)var(--tw-backdrop-saturate,)var(--tw-backdrop-sepia,);backdrop-filter:var(--tw-backdrop-blur,)var(--tw-backdrop-brightness,)var(--tw-backdrop-contrast,)var(--tw-backdrop-grayscale,)var(--tw-backdrop-hue-rotate,)var(--tw-backdrop-invert,)var(--tw-backdrop-opacity,)var(--tw-backdrop-saturate,)var(--tw-backdrop-sepia,)}.backdrop-blur-md{--tw-backdrop-blur:blur(var(--blur-md));-webkit-backdrop-filter:var(--tw-backdrop-blur,)var(--tw-backdrop-brightness,)var(--tw-backdrop-contrast,)var(--tw-backdrop-grayscale,)var(--tw-backdrop-hue-rotate,)var(--tw-backdrop-invert,)var(--tw-backdrop-opacity,)var(--tw-backdrop-saturate,)var(--tw-backdrop-sepia,);backdrop-filter:var(--tw-backdrop-blur,)var(--tw-backdrop-brightness,)var(--tw-backdrop-contrast,)var(--tw-backdrop-grayscale,)var(--tw-backdrop-hue-rotate,)var(--tw-backdrop-invert,)var(--tw-backdrop-opacity,)var(--tw-backdrop-saturate,)var(--tw-backdrop-sepia,)}.backdrop-blur-sm{--tw-backdrop-blur:blur(var(--blur-sm));-webkit-backdrop-filter:var(--tw-backdrop-blur,)var(--tw-backdrop-brightness,)var(--tw-backdrop-contrast,)var(--tw-backdrop-grayscale,)var(--tw-backdrop-hue-rotate,)var(--tw-backdrop-invert,)var(--tw-backdrop-opacity,)var(--tw-backdrop-saturate,)var(--tw-backdrop-sepia,);backdrop-filter:var(--tw-backdrop-blur,)var(--tw-backdrop-brightness,)var(--tw-backdrop-contrast,)var(--tw-backdrop-grayscale,)var(--tw-backdrop-hue-rotate,)var(--tw-backdrop-invert,)var(--tw-backdrop-opacity,)var(--tw-backdrop-saturate,)var(--tw-backdrop-sepia,)}.backdrop-grayscale{--tw-backdrop-grayscale:grayscale(100%);-webkit-backdrop-filter:var(--tw-backdrop-blur,)var(--tw-backdrop-brightness,)var(--tw-backdrop-contrast,)var(--tw-backdrop-grayscale,)var(--tw-backdrop-hue-rotate,)var(--tw-backdrop-invert,)var(--tw-backdrop-opacity,)var(--tw-backdrop-saturate,)var(--tw-backdrop-sepia,);backdrop-filter:var(--tw-backdrop-blur,)var(--tw-backdrop-brightness,)var(--tw-backdrop-contrast,)var(--tw-backdrop-grayscale,)var(--tw-backdrop-hue-rotate,)var(--tw-backdrop-invert,)var(--tw-backdrop-opacity,)var(--tw-backdrop-saturate,)var(--tw-backdrop-sepia,)}.backdrop-invert{--tw-backdrop-invert:invert(100%);-webkit-backdrop-filter:var(--tw-backdrop-blur,)var(--tw-backdrop-brightness,)var(--tw-backdrop-contrast,)var(--tw-backdrop-grayscale,)var(--tw-backdrop-hue-rotate,)var(--tw-backdrop-invert,)var(--tw-backdrop-opacity,)var(--tw-backdrop-saturate,)var(--tw-backdrop-sepia,);backdrop-filter:var(--tw-backdrop-blur,)var(--tw-backdrop-brightness,)var(--tw-backdrop-contrast,)var(--tw-backdrop-grayscale,)var(--tw-backdrop-hue-rotate,)var(--tw-backdrop-invert,)var(--tw-backdrop-opacity,)var(--tw-backdrop-saturate,)var(--tw-backdrop-sepia,)}.backdrop-sepia{--tw-backdrop-sepia:sepia(100%);-webkit-backdrop-filter:var(--tw-backdrop-blur,)var(--tw-backdrop-brightness,)var(--tw-backdrop-contrast,)var(--tw-backdrop-grayscale,)var(--tw-backdrop-hue-rotate,)var(--tw-backdrop-invert,)var(--tw-backdrop-opacity,)var(--tw-backdrop-saturate,)var(--tw-backdrop-sepia,);backdrop-filter:var(--tw-backdrop-blur,)var(--tw-backdrop-brightness,)var(--tw-backdrop-contrast,)var(--tw-backdrop-grayscale,)var(--tw-backdrop-hue-rotate,)var(--tw-backdrop-invert,)var(--tw-backdrop-opacity,)var(--tw-backdrop-saturate,)var(--tw-backdrop-sepia,)}.backdrop-filter{-webkit-backdrop-filter:var(--tw-backdrop-blur,)var(--tw-backdrop-brightness,)var(--tw-backdrop-contrast,)var(--tw-backdrop-grayscale,)var(--tw-backdrop-hue-rotate,)var(--tw-backdrop-invert,)var(--tw-backdrop-opacity,)var(--tw-backdrop-saturate,)var(--tw-backdrop-sepia,);backdrop-filter:var(--tw-backdrop-blur,)var(--tw-backdrop-brightness,)var(--tw-backdrop-contrast,)var(--tw-backdrop-grayscale,)var(--tw-backdrop-hue-rotate,)var(--tw-backdrop-invert,)var(--tw-backdrop-opacity,)var(--tw-backdrop-saturate,)var(--tw-backdrop-sepia,)}.transition{transition-property:color,background-color,border-color,outline-color,text-decoration-color,fill,stroke,--tw-gradient-from,--tw-gradient-via,--tw-gradient-to,opacity,box-shadow,transform,translate,scale,rotate,filter,-webkit-backdrop-filter,backdrop-filter,display,content-visibility,overlay,pointer-events;transition-timing-function:var(--tw-ease,var(--default-transition-timing-function));transition-duration:var(--tw-duration,var(--default-transition-duration))}.transition-\[color\,box-shadow\]{transition-property:color,box-shadow;transition-timing-function:var(--tw-ease,var(--default-transition-timing-function));transition-duration:var(--tw-duration,var(--default-transition-duration))}.transition-\[left\,right\,width\]{transition-property:left,right,width;transition-timing-function:var(--tw-ease,var(--default-transition-timing-function));transition-duration:var(--tw-duration,var(--default-transition-duration))}.transition-\[margin\,opacity\]{transition-property:margin,opacity;transition-timing-function:var(--tw-ease,var(--default-transition-timing-function));transition-duration:var(--tw-duration,var(--default-transition-duration))}.transition-\[width\,height\,padding\]{transition-property:width,height,padding;transition-timing-function:var(--tw-ease,var(--default-transition-timing-function));transition-duration:var(--tw-duration,var(--default-transition-duration))}.transition-\[width\]{transition-property:width;transition-timing-function:var(--tw-ease,var(--default-transition-timing-function));transition-duration:var(--tw-duration,var(--default-transition-duration))}.transition-all{transition-property:all;transition-timing-function:var(--tw-ease,var(--default-transition-timing-function));transition-duration:var(--tw-duration,var(--default-transition-duration))}.transition-colors{transition-property:color,background-color,border-color,outline-color,text-decoration-color,fill,stroke,--tw-gradient-from,--tw-gradient-via,--tw-gradient-to;transition-timing-function:var(--tw-ease,var(--default-transition-timing-function));transition-duration:var(--tw-duration,var(--default-transition-duration))}.transition-opacity{transition-property:opacity;transition-timing-function:var(--tw-ease,var(--default-transition-timing-function));transition-duration:var(--tw-duration,var(--default-transition-duration))}.transition-shadow{transition-property:box-shadow;transition-timing-function:var(--tw-ease,var(--default-transition-timing-function));transition-duration:var(--tw-duration,var(--default-transition-duration))}.transition-transform{transition-property:transform,translate,scale,rotate;transition-timing-function:var(--tw-ease,var(--default-transition-timing-function));transition-duration:var(--tw-duration,var(--default-transition-duration))}.transition-none{transition-property:none}.delay-500{transition-delay:.5s}.delay-1000{transition-delay:1s}.duration-75{--tw-duration:75ms;transition-duration:75ms}.duration-100{--tw-duration:.1s;transition-duration:.1s}.duration-200{--tw-duration:.2s;transition-duration:.2s}.duration-300{--tw-duration:.3s;transition-duration:.3s}.duration-500{--tw-duration:.5s;transition-duration:.5s}.duration-1000{--tw-duration:1s;transition-duration:1s}.ease-in{--tw-ease:var(--ease-in);transition-timing-function:var(--ease-in)}.ease-in-out{--tw-ease:var(--ease-in-out);transition-timing-function:var(--ease-in-out)}.ease-linear{--tw-ease:linear;transition-timing-function:linear}.ease-out{--tw-ease:var(--ease-out);transition-timing-function:var(--ease-out)}.delay-500{--tw-animation-delay:.5s;animation-delay:.5s}.delay-1000{--tw-animation-delay:1s;animation-delay:1s}.fade-in-0{--tw-enter-opacity:0}.outline-none{--tw-outline-style:none;outline-style:none}.select-none{-webkit-user-select:none;user-select:none}.slide-in-from-bottom-5{--tw-enter-translate-y:calc(.05*100%)}.zoom-in-95{--tw-enter-scale:.95}.\[--cell-size\:--spacing\(8\)\]{--cell-size:calc(var(--spacing)*8)}:where(.divide-x-reverse>:not(:last-child)){--tw-divide-x-reverse:1}.paused{animation-play-state:paused}.ring-inset{--tw-ring-inset:inset}.running{animation-play-state:running}.zoom-in{--tw-enter-scale:0}.zoom-out{--tw-exit-scale:0}.group-focus-within\/menu-item\:opacity-100:is(:where(.group\/menu-item):focus-within *){opacity:1}@media (hover:hover){.group-hover\:translate-x-1:is(:where(.group):hover *){--tw-translate-x:calc(var(--spacing)*1);translate:var(--tw-translate-x)var(--tw-translate-y)}.group-hover\:translate-x-2:is(:where(.group):hover *){--tw-translate-x:calc(var(--spacing)*2);translate:var(--tw-translate-x)var(--tw-translate-y)}.group-hover\:border-blue-400\/50:is(:where(.group):hover *){border-color:#54a2ff80}@supports (color:color-mix(in lab, red, red)){.group-hover\:border-blue-400\/50:is(:where(.group):hover *){border-color:color-mix(in oklab,var(--color-blue-400)50%,transparent)}}.group-hover\:border-yellow-400\/70:is(:where(.group):hover *){border-color:#fac800b3}@supports (color:color-mix(in lab, red, red)){.group-hover\:border-yellow-400\/70:is(:where(.group):hover *){border-color:color-mix(in oklab,var(--color-yellow-400)70%,transparent)}}.group-hover\:from-blue-500\/30:is(:where(.group):hover *){--tw-gradient-from:#3080ff4d}@supports (color:color-mix(in lab, red, red)){.group-hover\:from-blue-500\/30:is(:where(.group):hover *){--tw-gradient-from:color-mix(in oklab,var(--color-blue-500)30%,transparent)}}.group-hover\:from-blue-500\/30:is(:where(.group):hover *){--tw-gradient-stops:var(--tw-gradient-via-stops,var(--tw-gradient-position),var(--tw-gradient-from)var(--tw-gradient-from-position),var(--tw-gradient-to)var(--tw-gradient-to-position))}.group-hover\:from-yellow-400\/40:is(:where(.group):hover *){--tw-gradient-from:#fac80066}@supports (color:color-mix(in lab, red, red)){.group-hover\:from-yellow-400\/40:is(:where(.group):hover *){--tw-gradient-from:color-mix(in oklab,var(--color-yellow-400)40%,transparent)}}.group-hover\:from-yellow-400\/40:is(:where(.group):hover *){--tw-gradient-stops:var(--tw-gradient-via-stops,var(--tw-gradient-position),var(--tw-gradient-from)var(--tw-gradient-from-position),var(--tw-gradient-to)var(--tw-gradient-to-position))}.group-hover\:to-purple-400\/40:is(:where(.group):hover *){--tw-gradient-to:#c07eff66}@supports (color:color-mix(in lab, red, red)){.group-hover\:to-purple-400\/40:is(:where(.group):hover *){--tw-gradient-to:color-mix(in oklab,var(--color-purple-400)40%,transparent)}}.group-hover\:to-purple-400\/40:is(:where(.group):hover *){--tw-gradient-stops:var(--tw-gradient-via-stops,var(--tw-gradient-position),var(--tw-gradient-from)var(--tw-gradient-from-position),var(--tw-gradient-to)var(--tw-gradient-to-position))}.group-hover\:to-purple-500\/30:is(:where(.group):hover *){--tw-gradient-to:#ac4bff4d}@supports (color:color-mix(in lab, red, red)){.group-hover\:to-purple-500\/30:is(:where(.group):hover *){--tw-gradient-to:color-mix(in oklab,var(--color-purple-500)30%,transparent)}}.group-hover\:to-purple-500\/30:is(:where(.group):hover *){--tw-gradient-stops:var(--tw-gradient-via-stops,var(--tw-gradient-position),var(--tw-gradient-from)var(--tw-gradient-from-position),var(--tw-gradient-to)var(--tw-gradient-to-position))}.group-hover\:text-blue-100:is(:where(.group):hover *){color:var(--color-blue-100)}.group-hover\:text-yellow-100:is(:where(.group):hover *){color:var(--color-yellow-100)}.group-hover\/menu-item\:opacity-100:is(:where(.group\/menu-item):hover *){opacity:1}}.group-has-data-\[sidebar\=menu-action\]\/menu-item\:pr-8:is(:where(.group\/menu-item):has([data-sidebar=menu-action]) *){padding-right:calc(var(--spacing)*8)}.group-has-data-\[size\=lg\]\/avatar-group\:size-10:is(:where(.group\/avatar-group):has([data-size=lg]) *){width:calc(var(--spacing)*10);height:calc(var(--spacing)*10)}.group-has-data-\[size\=sm\]\/avatar-group\:size-6:is(:where(.group\/avatar-group):has([data-size=sm]) *){width:calc(var(--spacing)*6);height:calc(var(--spacing)*6)}.group-has-\[\[data-orientation\=horizontal\]\]\/field\:text-balance:is(:where(.group\/field):has([data-orientation=horizontal]) *){text-wrap:balance}.group-has-\[\[data-slot\=item-description\]\]\/item\:translate-y-0\.5:is(:where(.group\/item):has([data-slot=item-description]) *){--tw-translate-y:calc(var(--spacing)*.5);translate:var(--tw-translate-x)var(--tw-translate-y)}.group-has-\[\[data-slot\=item-description\]\]\/item\:self-start:is(:where(.group\/item):has([data-slot=item-description]) *){align-self:flex-start}.group-has-\[\>input\]\/input-group\:pt-2\.5:is(:where(.group\/input-group):has(>input) *){padding-top:calc(var(--spacing)*2.5)}.group-has-\[\>input\]\/input-group\:pb-2\.5:is(:where(.group\/input-group):has(>input) *){padding-bottom:calc(var(--spacing)*2.5)}.group-data-\[collapsible\=icon\]\:-mt-8:is(:where(.group)[data-collapsible=icon] *){margin-top:calc(var(--spacing)*-8)}.group-data-\[collapsible\=icon\]\:hidden:is(:where(.group)[data-collapsible=icon] *){display:none}.group-data-\[collapsible\=icon\]\:size-8\!:is(:where(.group)[data-collapsible=icon] *){width:calc(var(--spacing)*8)!important;height:calc(var(--spacing)*8)!important}.group-data-\[collapsible\=icon\]\:w-\(--sidebar-width-icon\):is(:where(.group)[data-collapsible=icon] *){width:var(--sidebar-width-icon)}.group-data-\[collapsible\=icon\]\:w-\[calc\(var\(--sidebar-width-icon\)\+\(--spacing\(4\)\)\)\]:is(:where(.group)[data-collapsible=icon] *){width:calc(var(--sidebar-width-icon) + (calc(var(--spacing)*4)))}.group-data-\[collapsible\=icon\]\:w-\[calc\(var\(--sidebar-width-icon\)\+\(--spacing\(4\)\)\+2px\)\]:is(:where(.group)[data-collapsible=icon] *){width:calc(var(--sidebar-width-icon) + (calc(var(--spacing)*4)) + 2px)}.group-data-\[collapsible\=icon\]\:overflow-hidden:is(:where(.group)[data-collapsible=icon] *){overflow:hidden}.group-data-\[collapsible\=icon\]\:p-0\!:is(:where(.group)[data-collapsible=icon] *){padding:calc(var(--spacing)*0)!important}.group-data-\[collapsible\=icon\]\:p-2\!:is(:where(.group)[data-collapsible=icon] *){padding:calc(var(--spacing)*2)!important}.group-data-\[collapsible\=icon\]\:opacity-0:is(:where(.group)[data-collapsible=icon] *){opacity:0}.group-data-\[collapsible\=offcanvas\]\:right-\[calc\(var\(--sidebar-width\)\*-1\)\]:is(:where(.group)[data-collapsible=offcanvas] *){right:calc(var(--sidebar-width)*-1)}.group-data-\[collapsible\=offcanvas\]\:left-\[calc\(var\(--sidebar-width\)\*-1\)\]:is(:where(.group)[data-collapsible=offcanvas] *){left:calc(var(--sidebar-width)*-1)}.group-data-\[collapsible\=offcanvas\]\:w-0:is(:where(.group)[data-collapsible=offcanvas] *){width:calc(var(--spacing)*0)}.group-data-\[collapsible\=offcanvas\]\:translate-x-0:is(:where(.group)[data-collapsible=offcanvas] *){--tw-translate-x:calc(var(--spacing)*0);translate:var(--tw-translate-x)var(--tw-translate-y)}.group-data-\[disabled\=true\]\:pointer-events-none:is(:where(.group)[data-disabled=true] *){pointer-events:none}.group-data-\[disabled\=true\]\:opacity-50:is(:where(.group)[data-disabled=true] *),.group-data-\[disabled\=true\]\/field\:opacity-50:is(:where(.group\/field)[data-disabled=true] *),.group-data-\[disabled\=true\]\/input-group\:opacity-50:is(:where(.group\/input-group)[data-disabled=true] *){opacity:.5}.group-data-\[focused\=true\]\/day\:relative:is(:where(.group\/day)[data-focused=true] *){position:relative}.group-data-\[focused\=true\]\/day\:z-10:is(:where(.group\/day)[data-focused=true] *){z-index:10}.group-data-\[focused\=true\]\/day\:border-ring:is(:where(.group\/day)[data-focused=true] *){border-color:var(--ring)}.group-data-\[focused\=true\]\/day\:ring-\[3px\]:is(:where(.group\/day)[data-focused=true] *){--tw-ring-shadow:var(--tw-ring-inset,)0 0 0 calc(3px + var(--tw-ring-offset-width))var(--tw-ring-color,currentcolor);box-shadow:var(--tw-inset-shadow),var(--tw-inset-ring-shadow),var(--tw-ring-offset-shadow),var(--tw-ring-shadow),var(--tw-shadow)}.group-data-\[focused\=true\]\/day\:ring-ring\/50:is(:where(.group\/day)[data-focused=true] *){--tw-ring-color:var(--ring)}@supports (color:color-mix(in lab, red, red)){.group-data-\[focused\=true\]\/day\:ring-ring\/50:is(:where(.group\/day)[data-focused=true] *){--tw-ring-color:color-mix(in oklab,var(--ring)50%,transparent)}}.group-data-\[orientation\=horizontal\]\/tabs\:h-9:is(:where(.group\/tabs)[data-orientation=horizontal] *){height:calc(var(--spacing)*9)}.group-data-\[orientation\=vertical\]\/tabs\:h-fit:is(:where(.group\/tabs)[data-orientation=vertical] *){height:fit-content}.group-data-\[orientation\=vertical\]\/tabs\:w-full:is(:where(.group\/tabs)[data-orientation=vertical] *){width:100%}.group-data-\[orientation\=vertical\]\/tabs\:flex-col:is(:where(.group\/tabs)[data-orientation=vertical] *){flex-direction:column}.group-data-\[orientation\=vertical\]\/tabs\:justify-start:is(:where(.group\/tabs)[data-orientation=vertical] *){justify-content:flex-start}.group-data-\[side\=left\]\:-right-4:is(:where(.group)[data-side=left] *){right:calc(var(--spacing)*-4)}.group-data-\[side\=left\]\:border-r:is(:where(.group)[data-side=left] *){border-right-style:var(--tw-border-style);border-right-width:1px}.group-data-\[side\=right\]\:left-0:is(:where(.group)[data-side=right] *){left:calc(var(--spacing)*0)}.group-data-\[side\=right\]\:rotate-180:is(:where(.group)[data-side=right] *){rotate:180deg}.group-data-\[side\=right\]\:border-l:is(:where(.group)[data-side=right] *){border-left-style:var(--tw-border-style);border-left-width:1px}.group-data-\[size\=default\]\/avatar\:size-2\.5:is(:where(.group\/avatar)[data-size=default] *){width:calc(var(--spacing)*2.5);height:calc(var(--spacing)*2.5)}.group-data-\[size\=default\]\/switch\:size-4:is(:where(.group\/switch)[data-size=default] *){width:calc(var(--spacing)*4);height:calc(var(--spacing)*4)}.group-data-\[size\=lg\]\/avatar\:size-3:is(:where(.group\/avatar)[data-size=lg] *){width:calc(var(--spacing)*3);height:calc(var(--spacing)*3)}.group-data-\[size\=sm\]\/alert-dialog-content\:grid:is(:where(.group\/alert-dialog-content)[data-size=sm] *){display:grid}.group-data-\[size\=sm\]\/alert-dialog-content\:grid-cols-2:is(:where(.group\/alert-dialog-content)[data-size=sm] *){grid-template-columns:repeat(2,minmax(0,1fr))}.group-data-\[size\=sm\]\/avatar\:size-2:is(:where(.group\/avatar)[data-size=sm] *){width:calc(var(--spacing)*2);height:calc(var(--spacing)*2)}.group-data-\[size\=sm\]\/avatar\:text-xs:is(:where(.group\/avatar)[data-size=sm] *){font-size:var(--text-xs);line-height:var(--tw-leading,var(--text-xs--line-height))}.group-data-\[size\=sm\]\/switch\:size-3:is(:where(.group\/switch)[data-size=sm] *){width:calc(var(--spacing)*3);height:calc(var(--spacing)*3)}.group-data-\[state\=open\]\:rotate-180:is(:where(.group)[data-state=open] *){rotate:180deg}.group-data-\[variant\=floating\]\:rounded-lg:is(:where(.group)[data-variant=floating] *){border-radius:var(--radius)}.group-data-\[variant\=floating\]\:border:is(:where(.group)[data-variant=floating] *){border-style:var(--tw-border-style);border-width:1px}.group-data-\[variant\=floating\]\:border-sidebar-border:is(:where(.group)[data-variant=floating] *){border-color:var(--sidebar-border)}.group-data-\[variant\=floating\]\:shadow-sm:is(:where(.group)[data-variant=floating] *){--tw-shadow:0 1px 3px 0 var(--tw-shadow-color,#0000001a),0 1px 2px -1px var(--tw-shadow-color,#0000001a);box-shadow:var(--tw-inset-shadow),var(--tw-inset-ring-shadow),var(--tw-ring-offset-shadow),var(--tw-ring-shadow),var(--tw-shadow)}.group-data-\[variant\=line\]\/tabs-list\:bg-transparent:is(:where(.group\/tabs-list)[data-variant=line] *){background-color:#0000}.group-data-\[variant\=outline\]\/field-group\:-mb-2:is(:where(.group\/field-group)[data-variant=outline] *){margin-bottom:calc(var(--spacing)*-2)}.group-data-\[vaul-drawer-direction\=bottom\]\/drawer-content\:block:is(:where(.group\/drawer-content)[data-vaul-drawer-direction=bottom] *){display:block}.group-data-\[vaul-drawer-direction\=bottom\]\/drawer-content\:text-center:is(:where(.group\/drawer-content)[data-vaul-drawer-direction=bottom] *),.group-data-\[vaul-drawer-direction\=top\]\/drawer-content\:text-center:is(:where(.group\/drawer-content)[data-vaul-drawer-direction=top] *){text-align:center}.group-data-\[viewport\=false\]\/navigation-menu\:top-full:is(:where(.group\/navigation-menu)[data-viewport=false] *){top:100%}.group-data-\[viewport\=false\]\/navigation-menu\:mt-1\.5:is(:where(.group\/navigation-menu)[data-viewport=false] *){margin-top:calc(var(--spacing)*1.5)}.group-data-\[viewport\=false\]\/navigation-menu\:overflow-hidden:is(:where(.group\/navigation-menu)[data-viewport=false] *){overflow:hidden}.group-data-\[viewport\=false\]\/navigation-menu\:rounded-md:is(:where(.group\/navigation-menu)[data-viewport=false] *){border-radius:calc(var(--radius) - 2px)}.group-data-\[viewport\=false\]\/navigation-menu\:border:is(:where(.group\/navigation-menu)[data-viewport=false] *){border-style:var(--tw-border-style);border-width:1px}.group-data-\[viewport\=false\]\/navigation-menu\:bg-popover:is(:where(.group\/navigation-menu)[data-viewport=false] *){background-color:var(--popover)}.group-data-\[viewport\=false\]\/navigation-menu\:text-popover-foreground:is(:where(.group\/navigation-menu)[data-viewport=false] *){color:var(--popover-foreground)}.group-data-\[viewport\=false\]\/navigation-menu\:shadow:is(:where(.group\/navigation-menu)[data-viewport=false] *){--tw-shadow:0 1px 3px 0 var(--tw-shadow-color,#0000001a),0 1px 2px -1px var(--tw-shadow-color,#0000001a);box-shadow:var(--tw-inset-shadow),var(--tw-inset-ring-shadow),var(--tw-ring-offset-shadow),var(--tw-ring-shadow),var(--tw-shadow)}.group-data-\[viewport\=false\]\/navigation-menu\:duration-200:is(:where(.group\/navigation-menu)[data-viewport=false] *){--tw-duration:.2s;transition-duration:.2s}@media (hover:hover){.peer-hover\/menu-button\:text-sidebar-accent-foreground:is(:where(.peer\/menu-button):hover~*){color:var(--sidebar-accent-foreground)}}.peer-disabled\:cursor-not-allowed:is(:where(.peer):disabled~*){cursor:not-allowed}.peer-disabled\:opacity-50:is(:where(.peer):disabled~*){opacity:.5}.peer-disabled\:opacity-70:is(:where(.peer):disabled~*){opacity:.7}.peer-data-\[active\=true\]\/menu-button\:text-sidebar-accent-foreground:is(:where(.peer\/menu-button)[data-active=true]~*){color:var(--sidebar-accent-foreground)}.peer-data-\[size\=default\]\/menu-button\:top-1\.5:is(:where(.peer\/menu-button)[data-size=default]~*){top:calc(var(--spacing)*1.5)}.peer-data-\[size\=lg\]\/menu-button\:top-2\.5:is(:where(.peer\/menu-button)[data-size=lg]~*){top:calc(var(--spacing)*2.5)}.peer-data-\[size\=sm\]\/menu-button\:top-1:is(:where(.peer\/menu-button)[data-size=sm]~*){top:calc(var(--spacing)*1)}.selection\:bg-primary ::selection{background-color:var(--primary)}.selection\:bg-primary::selection{background-color:var(--primary)}.selection\:text-primary-foreground ::selection{color:var(--primary-foreground)}.selection\:text-primary-foreground::selection{color:var(--primary-foreground)}.file\:inline-flex::file-selector-button{display:inline-flex}.file\:h-7::file-selector-button{height:calc(var(--spacing)*7)}.file\:border-0::file-selector-button{border-style:var(--tw-border-style);border-width:0}.file\:bg-transparent::file-selector-button{background-color:#0000}.file\:text-sm::file-selector-button{font-size:var(--text-sm);line-height:var(--tw-leading,var(--text-sm--line-height))}.file\:font-medium::file-selector-button{--tw-font-weight:var(--font-weight-medium);font-weight:var(--font-weight-medium)}.file\:text-foreground::file-selector-button{color:var(--foreground)}.placeholder\:text-lg::placeholder{font-size:var(--text-lg);line-height:var(--tw-leading,var(--text-lg--line-height))}.placeholder\:text-sm::placeholder{font-size:var(--text-sm);line-height:var(--tw-leading,var(--text-sm--line-height))}.placeholder\:leading-\[25\.26px\]::placeholder{--tw-leading:25.26px;line-height:25.26px}.placeholder\:text-\[\#a2a2a2c7\]::placeholder{color:#a2a2a2c7}.placeholder\:text-muted-foreground::placeholder{color:var(--muted-foreground)}.placeholder\:text-white\/70::placeholder{color:#ffffffb3}@supports (color:color-mix(in lab, red, red)){.placeholder\:text-white\/70::placeholder{color:color-mix(in oklab,var(--color-white)70%,transparent)}}.after\:absolute:after{content:var(--tw-content);position:absolute}.after\:-inset-2:after{content:var(--tw-content);inset:calc(var(--spacing)*-2)}.after\:inset-y-0:after{content:var(--tw-content);inset-block:calc(var(--spacing)*0)}.after\:left-1\/2:after{content:var(--tw-content);left:50%}.after\:w-1:after{content:var(--tw-content);width:calc(var(--spacing)*1)}.after\:w-\[2px\]:after{content:var(--tw-content);width:2px}.after\:-translate-x-1\/2:after{content:var(--tw-content);--tw-translate-x:calc(calc(1/2*100%)*-1);translate:var(--tw-translate-x)var(--tw-translate-y)}.after\:bg-foreground:after{content:var(--tw-content);background-color:var(--foreground)}.after\:opacity-0:after{content:var(--tw-content);opacity:0}.after\:transition-opacity:after{content:var(--tw-content);transition-property:opacity;transition-timing-function:var(--tw-ease,var(--default-transition-timing-function));transition-duration:var(--tw-duration,var(--default-transition-duration))}.group-data-\[collapsible\=offcanvas\]\:after\:left-full:is(:where(.group)[data-collapsible=offcanvas] *):after{content:var(--tw-content);left:100%}.group-data-\[orientation\=horizontal\]\/tabs\:after\:inset-x-0:is(:where(.group\/tabs)[data-orientation=horizontal] *):after{content:var(--tw-content);inset-inline:calc(var(--spacing)*0)}.group-data-\[orientation\=horizontal\]\/tabs\:after\:bottom-\[-5px\]:is(:where(.group\/tabs)[data-orientation=horizontal] *):after{content:var(--tw-content);bottom:-5px}.group-data-\[orientation\=horizontal\]\/tabs\:after\:h-0\.5:is(:where(.group\/tabs)[data-orientation=horizontal] *):after{content:var(--tw-content);height:calc(var(--spacing)*.5)}.group-data-\[orientation\=vertical\]\/tabs\:after\:inset-y-0:is(:where(.group\/tabs)[data-orientation=vertical] *):after{content:var(--tw-content);inset-block:calc(var(--spacing)*0)}.group-data-\[orientation\=vertical\]\/tabs\:after\:-right-1:is(:where(.group\/tabs)[data-orientation=vertical] *):after{content:var(--tw-content);right:calc(var(--spacing)*-1)}.group-data-\[orientation\=vertical\]\/tabs\:after\:w-0\.5:is(:where(.group\/tabs)[data-orientation=vertical] *):after{content:var(--tw-content);width:calc(var(--spacing)*.5)}.first\:rounded-l-md:first-child{border-top-left-radius:calc(var(--radius) - 2px);border-bottom-left-radius:calc(var(--radius) - 2px)}.first\:border-l:first-child{border-left-style:var(--tw-border-style);border-left-width:1px}.last\:mt-0:last-child{margin-top:calc(var(--spacing)*0)}.last\:rounded-r-md:last-child{border-top-right-radius:calc(var(--radius) - 2px);border-bottom-right-radius:calc(var(--radius) - 2px)}.last\:border-b-0:last-child{border-bottom-style:var(--tw-border-style);border-bottom-width:0}@media (hover:hover){.hover\:scale-105:hover{--tw-scale-x:105%;--tw-scale-y:105%;--tw-scale-z:105%;scale:var(--tw-scale-x)var(--tw-scale-y)}.hover\:rotate-90:hover{rotate:90deg}.hover\:cursor-pointer:hover{cursor:pointer}.hover\:border-\[0\.5px\]:hover{border-style:var(--tw-border-style);border-width:.5px}.hover\:border-gray-100:hover{border-color:var(--color-gray-100)}.hover\:border-transparent:hover{border-color:#0000}.hover\:bg-\[\#2a4170\]:hover{background-color:#2a4170}.hover\:bg-\[\#3d7fa8\]:hover{background-color:#3d7fa8}.hover\:bg-\[\#5a1f78\]:hover{background-color:#5a1f78}.hover\:bg-\[\#333\]:hover{background-color:#333}.hover\:bg-\[\#7928ca\]:hover{background-color:#7928ca}.hover\:bg-\[\#8724ea\]:hover{background-color:#8724ea}.hover\:bg-\[\#9333ea\]\/10:hover{background-color:oklab(55.7537% .134997 -.213369/.1)}.hover\:bg-\[\#101010\]:hover{background-color:#101010}.hover\:bg-\[\#222222\]:hover{background-color:#222}.hover\:bg-\[\#343434\]:hover{background-color:#343434}.hover\:bg-\[\#383838\]:hover{background-color:#383838}.hover\:bg-accent:hover{background-color:var(--accent)}.hover\:bg-black\/\[\.04\]:hover{background-color:#0000000a}@supports (color:color-mix(in lab, red, red)){.hover\:bg-black\/\[\.04\]:hover{background-color:color-mix(in oklab,var(--color-black)4%,transparent)}}.hover\:bg-blue-700:hover{background-color:var(--color-blue-700)}.hover\:bg-destructive\/90:hover{background-color:var(--destructive)}@supports (color:color-mix(in lab, red, red)){.hover\:bg-destructive\/90:hover{background-color:color-mix(in oklab,var(--destructive)90%,transparent)}}.hover\:bg-gray-100:hover{background-color:var(--color-gray-100)}.hover\:bg-gray-900:hover{background-color:var(--color-gray-900)}.hover\:bg-green-600:hover{background-color:var(--color-green-600)}.hover\:bg-muted:hover,.hover\:bg-muted\/50:hover{background-color:var(--muted)}@supports (color:color-mix(in lab, red, red)){.hover\:bg-muted\/50:hover{background-color:color-mix(in oklab,var(--muted)50%,transparent)}}.hover\:bg-primary\/90:hover{background-color:var(--primary)}@supports (color:color-mix(in lab, red, red)){.hover\:bg-primary\/90:hover{background-color:color-mix(in oklab,var(--primary)90%,transparent)}}.hover\:bg-purple-700:hover{background-color:var(--color-purple-700)}.hover\:bg-purple-800\/50:hover{background-color:#6e11b080}@supports (color:color-mix(in lab, red, red)){.hover\:bg-purple-800\/50:hover{background-color:color-mix(in oklab,var(--color-purple-800)50%,transparent)}}.hover\:bg-red-600:hover{background-color:var(--color-red-600)}.hover\:bg-secondary\/80:hover{background-color:var(--secondary)}@supports (color:color-mix(in lab, red, red)){.hover\:bg-secondary\/80:hover{background-color:color-mix(in oklab,var(--secondary)80%,transparent)}}.hover\:bg-sidebar-accent:hover{background-color:var(--sidebar-accent)}.hover\:bg-slate-50:hover{background-color:var(--color-slate-50)}.hover\:bg-slate-800:hover{background-color:var(--color-slate-800)}.hover\:bg-white:hover{background-color:var(--color-white)}.hover\:bg-white\/10:hover{background-color:#ffffff1a}@supports (color:color-mix(in lab, red, red)){.hover\:bg-white\/10:hover{background-color:color-mix(in oklab,var(--color-white)10%,transparent)}}.hover\:bg-white\/20:hover{background-color:#fff3}@supports (color:color-mix(in lab, red, red)){.hover\:bg-white\/20:hover{background-color:color-mix(in oklab,var(--color-white)20%,transparent)}}.hover\:bg-white\/30:hover{background-color:#ffffff4d}@supports (color:color-mix(in lab, red, red)){.hover\:bg-white\/30:hover{background-color:color-mix(in oklab,var(--color-white)30%,transparent)}}.hover\:bg-zinc-700:hover{background-color:var(--color-zinc-700)}.hover\:bg-zinc-800:hover{background-color:var(--color-zinc-800)}.hover\:from-blue-400:hover{--tw-gradient-from:var(--color-blue-400);--tw-gradient-stops:var(--tw-gradient-via-stops,var(--tw-gradient-position),var(--tw-gradient-from)var(--tw-gradient-from-position),var(--tw-gradient-to)var(--tw-gradient-to-position))}.hover\:from-blue-700:hover{--tw-gradient-from:var(--color-blue-700);--tw-gradient-stops:var(--tw-gradient-via-stops,var(--tw-gradient-position),var(--tw-gradient-from)var(--tw-gradient-from-position),var(--tw-gradient-to)var(--tw-gradient-to-position))}.hover\:from-purple-700:hover{--tw-gradient-from:var(--color-purple-700);--tw-gradient-stops:var(--tw-gradient-via-stops,var(--tw-gradient-position),var(--tw-gradient-from)var(--tw-gradient-from-position),var(--tw-gradient-to)var(--tw-gradient-to-position))}.hover\:from-yellow-400:hover{--tw-gradient-from:var(--color-yellow-400);--tw-gradient-stops:var(--tw-gradient-via-stops,var(--tw-gradient-position),var(--tw-gradient-from)var(--tw-gradient-from-position),var(--tw-gradient-to)var(--tw-gradient-to-position))}.hover\:from-yellow-500:hover{--tw-gradient-from:var(--color-yellow-500);--tw-gradient-stops:var(--tw-gradient-via-stops,var(--tw-gradient-position),var(--tw-gradient-from)var(--tw-gradient-from-position),var(--tw-gradient-to)var(--tw-gradient-to-position))}.hover\:via-pink-600:hover{--tw-gradient-via:var(--color-pink-600);--tw-gradient-via-stops:var(--tw-gradient-position),var(--tw-gradient-from)var(--tw-gradient-from-position),var(--tw-gradient-via)var(--tw-gradient-via-position),var(--tw-gradient-to)var(--tw-gradient-to-position);--tw-gradient-stops:var(--tw-gradient-via-stops)}.hover\:via-purple-400:hover{--tw-gradient-via:var(--color-purple-400);--tw-gradient-via-stops:var(--tw-gradient-position),var(--tw-gradient-from)var(--tw-gradient-from-position),var(--tw-gradient-via)var(--tw-gradient-via-position),var(--tw-gradient-to)var(--tw-gradient-to-position);--tw-gradient-stops:var(--tw-gradient-via-stops)}.hover\:via-yellow-300:hover{--tw-gradient-via:var(--color-yellow-300);--tw-gradient-via-stops:var(--tw-gradient-position),var(--tw-gradient-from)var(--tw-gradient-from-position),var(--tw-gradient-via)var(--tw-gradient-via-position),var(--tw-gradient-to)var(--tw-gradient-to-position);--tw-gradient-stops:var(--tw-gradient-via-stops)}.hover\:to-\[\#9333EA\]:hover{--tw-gradient-to:#9333ea;--tw-gradient-stops:var(--tw-gradient-via-stops,var(--tw-gradient-position),var(--tw-gradient-from)var(--tw-gradient-from-position),var(--tw-gradient-to)var(--tw-gradient-to-position))}.hover\:to-purple-700:hover{--tw-gradient-to:var(--color-purple-700);--tw-gradient-stops:var(--tw-gradient-via-stops,var(--tw-gradient-position),var(--tw-gradient-from)var(--tw-gradient-from-position),var(--tw-gradient-to)var(--tw-gradient-to-position))}.hover\:to-yellow-400:hover{--tw-gradient-to:var(--color-yellow-400);--tw-gradient-stops:var(--tw-gradient-via-stops,var(--tw-gradient-position),var(--tw-gradient-from)var(--tw-gradient-from-position),var(--tw-gradient-to)var(--tw-gradient-to-position))}.hover\:to-yellow-600:hover{--tw-gradient-to:var(--color-yellow-600);--tw-gradient-stops:var(--tw-gradient-via-stops,var(--tw-gradient-position),var(--tw-gradient-from)var(--tw-gradient-from-position),var(--tw-gradient-to)var(--tw-gradient-to-position))}.hover\:text-\[\#7928ca\]:hover{color:#7928ca}.hover\:text-\[\#9333ea\]:hover{color:#9333ea}.hover\:text-\[\#999999\]:hover{color:#999}.hover\:text-\[\#f3d872\]:hover{color:#f3d872}.hover\:text-accent-foreground:hover{color:var(--accent-foreground)}.hover\:text-black:hover{color:var(--color-black)}.hover\:text-blue-200:hover{color:var(--color-blue-200)}.hover\:text-blue-400:hover{color:var(--color-blue-400)}.hover\:text-foreground:hover{color:var(--foreground)}.hover\:text-muted-foreground:hover{color:var(--muted-foreground)}.hover\:text-purple-200:hover{color:var(--color-purple-200)}.hover\:text-purple-300:hover{color:var(--color-purple-300)}.hover\:text-sidebar-accent-foreground:hover{color:var(--sidebar-accent-foreground)}.hover\:text-white:hover{color:var(--color-white)}.hover\:text-yellow-200:hover{color:var(--color-yellow-200)}.hover\:text-yellow-300:hover{color:var(--color-yellow-300)}.hover\:text-zinc-400:hover{color:var(--color-zinc-400)}.hover\:underline:hover{text-decoration-line:underline}.hover\:opacity-60:hover{opacity:.6}.hover\:opacity-100:hover{opacity:1}.hover\:shadow-\[0_0_0_1px_hsl\(var\(--sidebar-accent\)\)\]:hover{--tw-shadow:0 0 0 1px var(--tw-shadow-color,hsl(var(--sidebar-accent)));box-shadow:var(--tw-inset-shadow),var(--tw-inset-ring-shadow),var(--tw-ring-offset-shadow),var(--tw-ring-shadow),var(--tw-shadow)}.hover\:shadow-lg:hover{--tw-shadow:0 10px 15px -3px var(--tw-shadow-color,#0000001a),0 4px 6px -4px var(--tw-shadow-color,#0000001a);box-shadow:var(--tw-inset-shadow),var(--tw-inset-ring-shadow),var(--tw-ring-offset-shadow),var(--tw-ring-shadow),var(--tw-shadow)}.hover\:shadow-xl:hover{--tw-shadow:0 20px 25px -5px var(--tw-shadow-color,#0000001a),0 8px 10px -6px var(--tw-shadow-color,#0000001a);box-shadow:var(--tw-inset-shadow),var(--tw-inset-ring-shadow),var(--tw-ring-offset-shadow),var(--tw-ring-shadow),var(--tw-shadow)}.hover\:ring-4:hover{--tw-ring-shadow:var(--tw-ring-inset,)0 0 0 calc(4px + var(--tw-ring-offset-width))var(--tw-ring-color,currentcolor);box-shadow:var(--tw-inset-shadow),var(--tw-inset-ring-shadow),var(--tw-ring-offset-shadow),var(--tw-ring-shadow),var(--tw-shadow)}.hover\:group-data-\[collapsible\=offcanvas\]\:bg-sidebar:hover:is(:where(.group)[data-collapsible=offcanvas] *){background-color:var(--sidebar)}.hover\:after\:bg-sidebar-border:hover:after{content:var(--tw-content);background-color:var(--sidebar-border)}}.focus\:z-10:focus{z-index:10}.focus\:border-none:focus{--tw-border-style:none;border-style:none}.focus\:border-indigo-300:focus{border-color:var(--color-indigo-300)}.focus\:bg-accent:focus{background-color:var(--accent)}.focus\:bg-purple-500\/20:focus{background-color:#ac4bff33}@supports (color:color-mix(in lab, red, red)){.focus\:bg-purple-500\/20:focus{background-color:color-mix(in oklab,var(--color-purple-500)20%,transparent)}}.focus\:bg-red-500\/10:focus{background-color:#fb2c361a}@supports (color:color-mix(in lab, red, red)){.focus\:bg-red-500\/10:focus{background-color:color-mix(in oklab,var(--color-red-500)10%,transparent)}}.focus\:text-accent-foreground:focus{color:var(--accent-foreground)}.focus\:text-red-500:focus{color:var(--color-red-500)}.focus\:text-white:focus{color:var(--color-white)}.focus\:ring:focus{--tw-ring-shadow:var(--tw-ring-inset,)0 0 0 calc(1px + var(--tw-ring-offset-width))var(--tw-ring-color,currentcolor);box-shadow:var(--tw-inset-shadow),var(--tw-inset-ring-shadow),var(--tw-ring-offset-shadow),var(--tw-ring-shadow),var(--tw-shadow)}.focus\:ring-0:focus{--tw-ring-shadow:var(--tw-ring-inset,)0 0 0 calc(0px + var(--tw-ring-offset-width))var(--tw-ring-color,currentcolor);box-shadow:var(--tw-inset-shadow),var(--tw-inset-ring-shadow),var(--tw-ring-offset-shadow),var(--tw-ring-shadow),var(--tw-shadow)}.focus\:ring-1:focus{--tw-ring-shadow:var(--tw-ring-inset,)0 0 0 calc(1px + var(--tw-ring-offset-width))var(--tw-ring-color,currentcolor);box-shadow:var(--tw-inset-shadow),var(--tw-inset-ring-shadow),var(--tw-ring-offset-shadow),var(--tw-ring-shadow),var(--tw-shadow)}.focus\:ring-2:focus{--tw-ring-shadow:var(--tw-ring-inset,)0 0 0 calc(2px + var(--tw-ring-offset-width))var(--tw-ring-color,currentcolor);box-shadow:var(--tw-inset-shadow),var(--tw-inset-ring-shadow),var(--tw-ring-offset-shadow),var(--tw-ring-shadow),var(--tw-shadow)}.focus\:ring-indigo-200:focus{--tw-ring-color:var(--color-indigo-200)}.focus\:ring-purple-600:focus{--tw-ring-color:var(--color-purple-600)}.focus\:ring-red-500:focus{--tw-ring-color:var(--color-red-500)}.focus\:ring-ring:focus{--tw-ring-color:var(--ring)}.focus\:ring-white:focus{--tw-ring-color:var(--color-white)}.focus\:ring-offset-2:focus{--tw-ring-offset-width:2px;--tw-ring-offset-shadow:var(--tw-ring-inset,)0 0 0 var(--tw-ring-offset-width)var(--tw-ring-offset-color)}.focus\:outline-hidden:focus{--tw-outline-style:none;outline-style:none}@media (forced-colors:active){.focus\:outline-hidden:focus{outline-offset:2px;outline:2px solid #0000}}.focus\:outline-none:focus{--tw-outline-style:none;outline-style:none}.focus-visible\:z-10:focus-visible{z-index:10}.focus-visible\:border-ring:focus-visible{border-color:var(--ring)}.focus-visible\:ring-0:focus-visible{--tw-ring-shadow:var(--tw-ring-inset,)0 0 0 calc(0px + var(--tw-ring-offset-width))var(--tw-ring-color,currentcolor);box-shadow:var(--tw-inset-shadow),var(--tw-inset-ring-shadow),var(--tw-ring-offset-shadow),var(--tw-ring-shadow),var(--tw-shadow)}.focus-visible\:ring-1:focus-visible{--tw-ring-shadow:var(--tw-ring-inset,)0 0 0 calc(1px + var(--tw-ring-offset-width))var(--tw-ring-color,currentcolor);box-shadow:var(--tw-inset-shadow),var(--tw-inset-ring-shadow),var(--tw-ring-offset-shadow),var(--tw-ring-shadow),var(--tw-shadow)}.focus-visible\:ring-2:focus-visible{--tw-ring-shadow:var(--tw-ring-inset,)0 0 0 calc(2px + var(--tw-ring-offset-width))var(--tw-ring-color,currentcolor);box-shadow:var(--tw-inset-shadow),var(--tw-inset-ring-shadow),var(--tw-ring-offset-shadow),var(--tw-ring-shadow),var(--tw-shadow)}.focus-visible\:ring-4:focus-visible{--tw-ring-shadow:var(--tw-ring-inset,)0 0 0 calc(4px + var(--tw-ring-offset-width))var(--tw-ring-color,currentcolor);box-shadow:var(--tw-inset-shadow),var(--tw-inset-ring-shadow),var(--tw-ring-offset-shadow),var(--tw-ring-shadow),var(--tw-shadow)}.focus-visible\:ring-\[3px\]:focus-visible{--tw-ring-shadow:var(--tw-ring-inset,)0 0 0 calc(3px + var(--tw-ring-offset-width))var(--tw-ring-color,currentcolor);box-shadow:var(--tw-inset-shadow),var(--tw-inset-ring-shadow),var(--tw-ring-offset-shadow),var(--tw-ring-shadow),var(--tw-shadow)}.focus-visible\:ring-destructive\/20:focus-visible{--tw-ring-color:var(--destructive)}@supports (color:color-mix(in lab, red, red)){.focus-visible\:ring-destructive\/20:focus-visible{--tw-ring-color:color-mix(in oklab,var(--destructive)20%,transparent)}}.focus-visible\:ring-purple-400:focus-visible{--tw-ring-color:var(--color-purple-400)}.focus-visible\:ring-ring:focus-visible,.focus-visible\:ring-ring\/50:focus-visible{--tw-ring-color:var(--ring)}@supports (color:color-mix(in lab, red, red)){.focus-visible\:ring-ring\/50:focus-visible{--tw-ring-color:color-mix(in oklab,var(--ring)50%,transparent)}}.focus-visible\:ring-offset-1:focus-visible{--tw-ring-offset-width:1px;--tw-ring-offset-shadow:var(--tw-ring-inset,)0 0 0 var(--tw-ring-offset-width)var(--tw-ring-offset-color)}.focus-visible\:ring-offset-2:focus-visible{--tw-ring-offset-width:2px;--tw-ring-offset-shadow:var(--tw-ring-inset,)0 0 0 var(--tw-ring-offset-width)var(--tw-ring-offset-color)}.focus-visible\:outline-hidden:focus-visible{--tw-outline-style:none;outline-style:none}@media (forced-colors:active){.focus-visible\:outline-hidden:focus-visible{outline-offset:2px;outline:2px solid #0000}}.focus-visible\:outline-1:focus-visible{outline-style:var(--tw-outline-style);outline-width:1px}.focus-visible\:outline-ring:focus-visible{outline-color:var(--ring)}.focus-visible\:outline-none:focus-visible{--tw-outline-style:none;outline-style:none}.active\:bg-sidebar-accent:active{background-color:var(--sidebar-accent)}.active\:text-sidebar-accent-foreground:active{color:var(--sidebar-accent-foreground)}.disabled\:pointer-events-none:disabled{pointer-events:none}.disabled\:cursor-not-allowed:disabled{cursor:not-allowed}.disabled\:opacity-50:disabled{opacity:.5}:where([data-side=left]) .in-data-\[side\=left\]\:cursor-w-resize{cursor:w-resize}:where([data-side=right]) .in-data-\[side\=right\]\:cursor-e-resize{cursor:e-resize}.has-focus\:border-ring:has(:focus){border-color:var(--ring)}.has-focus\:ring-\[3px\]:has(:focus){--tw-ring-shadow:var(--tw-ring-inset,)0 0 0 calc(3px + var(--tw-ring-offset-width))var(--tw-ring-color,currentcolor);box-shadow:var(--tw-inset-shadow),var(--tw-inset-ring-shadow),var(--tw-ring-offset-shadow),var(--tw-ring-shadow),var(--tw-shadow)}.has-focus\:ring-ring\/50:has(:focus){--tw-ring-color:var(--ring)}@supports (color:color-mix(in lab, red, red)){.has-focus\:ring-ring\/50:has(:focus){--tw-ring-color:color-mix(in oklab,var(--ring)50%,transparent)}}.has-disabled\:opacity-50:has(:disabled){opacity:.5}.has-data-\[slot\=alert-dialog-media\]\:grid-rows-\[auto_auto_1fr\]:has([data-slot=alert-dialog-media]){grid-template-rows:auto auto 1fr}.has-data-\[slot\=alert-dialog-media\]\:gap-x-6:has([data-slot=alert-dialog-media]){column-gap:calc(var(--spacing)*6)}.has-data-\[slot\=card-action\]\:grid-cols-\[1fr_auto\]:has([data-slot=card-action]){grid-template-columns:1fr auto}.has-data-\[state\=checked\]\:border-primary:has([data-state=checked]){border-color:var(--primary)}.has-data-\[state\=checked\]\:bg-primary\/5:has([data-state=checked]){background-color:var(--primary)}@supports (color:color-mix(in lab, red, red)){.has-data-\[state\=checked\]\:bg-primary\/5:has([data-state=checked]){background-color:color-mix(in oklab,var(--primary)5%,transparent)}}.has-data-\[variant\=inset\]\:bg-sidebar:has([data-variant=inset]){background-color:var(--sidebar)}.has-\[\[data-slot\=input-group-control\]\:focus-visible\]\:border-ring:has([data-slot=input-group-control]:focus-visible){border-color:var(--ring)}.has-\[\[data-slot\=input-group-control\]\:focus-visible\]\:ring-\[3px\]:has([data-slot=input-group-control]:focus-visible){--tw-ring-shadow:var(--tw-ring-inset,)0 0 0 calc(3px + var(--tw-ring-offset-width))var(--tw-ring-color,currentcolor);box-shadow:var(--tw-inset-shadow),var(--tw-inset-ring-shadow),var(--tw-ring-offset-shadow),var(--tw-ring-shadow),var(--tw-shadow)}.has-\[\[data-slot\=input-group-control\]\:focus-visible\]\:ring-ring\/50:has([data-slot=input-group-control]:focus-visible){--tw-ring-color:var(--ring)}@supports (color:color-mix(in lab, red, red)){.has-\[\[data-slot\=input-group-control\]\:focus-visible\]\:ring-ring\/50:has([data-slot=input-group-control]:focus-visible){--tw-ring-color:color-mix(in oklab,var(--ring)50%,transparent)}}.has-\[\[data-slot\]\[aria-invalid\=true\]\]\:border-destructive:has([data-slot][aria-invalid=true]){border-color:var(--destructive)}.has-\[\[data-slot\]\[aria-invalid\=true\]\]\:ring-destructive\/20:has([data-slot][aria-invalid=true]){--tw-ring-color:var(--destructive)}@supports (color:color-mix(in lab, red, red)){.has-\[\[data-slot\]\[aria-invalid\=true\]\]\:ring-destructive\/20:has([data-slot][aria-invalid=true]){--tw-ring-color:color-mix(in oklab,var(--destructive)20%,transparent)}}.has-\[\>\[data-align\=block-end\]\]\:h-auto:has(>[data-align=block-end]){height:auto}.has-\[\>\[data-align\=block-end\]\]\:flex-col:has(>[data-align=block-end]){flex-direction:column}.has-\[\>\[data-align\=block-start\]\]\:h-auto:has(>[data-align=block-start]){height:auto}.has-\[\>\[data-align\=block-start\]\]\:flex-col:has(>[data-align=block-start]){flex-direction:column}.has-\[\>\[data-slot\=button-group\]\]\:gap-2:has(>[data-slot=button-group]){gap:calc(var(--spacing)*2)}.has-\[\>\[data-slot\=checkbox-group\]\]\:gap-3:has(>[data-slot=checkbox-group]){gap:calc(var(--spacing)*3)}.has-\[\>\[data-slot\=field-content\]\]\:items-start:has(>[data-slot=field-content]){align-items:flex-start}.has-\[\>\[data-slot\=field\]\]\:w-full:has(>[data-slot=field]){width:100%}.has-\[\>\[data-slot\=field\]\]\:flex-col:has(>[data-slot=field]){flex-direction:column}.has-\[\>\[data-slot\=field\]\]\:rounded-md:has(>[data-slot=field]){border-radius:calc(var(--radius) - 2px)}.has-\[\>\[data-slot\=field\]\]\:border:has(>[data-slot=field]){border-style:var(--tw-border-style);border-width:1px}.has-\[\>\[data-slot\=radio-group\]\]\:gap-3:has(>[data-slot=radio-group]){gap:calc(var(--spacing)*3)}.has-\[\>button\]\:mr-\[-0\.45rem\]:has(>button){margin-right:-.45rem}.has-\[\>button\]\:ml-\[-0\.45rem\]:has(>button){margin-left:-.45rem}.has-\[\>kbd\]\:mr-\[-0\.35rem\]:has(>kbd){margin-right:-.35rem}.has-\[\>kbd\]\:ml-\[-0\.35rem\]:has(>kbd){margin-left:-.35rem}.has-\[\>svg\]\:grid-cols-\[calc\(var\(--spacing\)\*4\)_1fr\]:has(>svg){grid-template-columns:calc(var(--spacing)*4)1fr}.has-\[\>svg\]\:gap-x-3:has(>svg){column-gap:calc(var(--spacing)*3)}.has-\[\>svg\]\:p-0:has(>svg){padding:calc(var(--spacing)*0)}.has-\[\>svg\]\:px-1\.5:has(>svg){padding-inline:calc(var(--spacing)*1.5)}.has-\[\>svg\]\:px-2:has(>svg){padding-inline:calc(var(--spacing)*2)}.has-\[\>svg\]\:px-2\.5:has(>svg){padding-inline:calc(var(--spacing)*2.5)}.has-\[\>svg\]\:px-3:has(>svg){padding-inline:calc(var(--spacing)*3)}.has-\[\>svg\]\:px-4:has(>svg){padding-inline:calc(var(--spacing)*4)}.has-\[\>textarea\]\:h-auto:has(>textarea){height:auto}.aria-disabled\:pointer-events-none[aria-disabled=true]{pointer-events:none}.aria-disabled\:opacity-50[aria-disabled=true]{opacity:.5}.aria-invalid\:border-destructive[aria-invalid=true]{border-color:var(--destructive)}.aria-invalid\:ring-destructive\/20[aria-invalid=true]{--tw-ring-color:var(--destructive)}@supports (color:color-mix(in lab, red, red)){.aria-invalid\:ring-destructive\/20[aria-invalid=true]{--tw-ring-color:color-mix(in oklab,var(--destructive)20%,transparent)}}.aria-selected\:text-muted-foreground[aria-selected=true]{color:var(--muted-foreground)}.data-\[active\=true\]\:z-10[data-active=true]{z-index:10}.data-\[active\=true\]\:border-ring[data-active=true]{border-color:var(--ring)}.data-\[active\=true\]\:bg-accent\/50[data-active=true]{background-color:var(--accent)}@supports (color:color-mix(in lab, red, red)){.data-\[active\=true\]\:bg-accent\/50[data-active=true]{background-color:color-mix(in oklab,var(--accent)50%,transparent)}}.data-\[active\=true\]\:bg-sidebar-accent[data-active=true]{background-color:var(--sidebar-accent)}.data-\[active\=true\]\:font-medium[data-active=true]{--tw-font-weight:var(--font-weight-medium);font-weight:var(--font-weight-medium)}.data-\[active\=true\]\:text-accent-foreground[data-active=true]{color:var(--accent-foreground)}.data-\[active\=true\]\:text-sidebar-accent-foreground[data-active=true]{color:var(--sidebar-accent-foreground)}.data-\[active\=true\]\:ring-\[3px\][data-active=true]{--tw-ring-shadow:var(--tw-ring-inset,)0 0 0 calc(3px + var(--tw-ring-offset-width))var(--tw-ring-color,currentcolor);box-shadow:var(--tw-inset-shadow),var(--tw-inset-ring-shadow),var(--tw-ring-offset-shadow),var(--tw-ring-shadow),var(--tw-shadow)}.data-\[active\=true\]\:ring-ring\/50[data-active=true]{--tw-ring-color:var(--ring)}@supports (color:color-mix(in lab, red, red)){.data-\[active\=true\]\:ring-ring\/50[data-active=true]{--tw-ring-color:color-mix(in oklab,var(--ring)50%,transparent)}}@media (hover:hover){.data-\[active\=true\]\:hover\:bg-accent[data-active=true]:hover{background-color:var(--accent)}}.data-\[active\=true\]\:focus\:bg-accent[data-active=true]:focus{background-color:var(--accent)}.data-\[active\=true\]\:aria-invalid\:border-destructive[data-active=true][aria-invalid=true]{border-color:var(--destructive)}.data-\[active\=true\]\:aria-invalid\:ring-destructive\/20[data-active=true][aria-invalid=true]{--tw-ring-color:var(--destructive)}@supports (color:color-mix(in lab, red, red)){.data-\[active\=true\]\:aria-invalid\:ring-destructive\/20[data-active=true][aria-invalid=true]{--tw-ring-color:color-mix(in oklab,var(--destructive)20%,transparent)}}.data-\[disabled\]\:pointer-events-none[data-disabled]{pointer-events:none}.data-\[disabled\]\:opacity-50[data-disabled]{opacity:.5}.data-\[disabled\=true\]\:pointer-events-none[data-disabled=true]{pointer-events:none}.data-\[disabled\=true\]\:opacity-50[data-disabled=true]{opacity:.5}.data-\[error\=true\]\:text-destructive[data-error=true]{color:var(--destructive)}.data-\[inset\]\:pl-8[data-inset]{padding-left:calc(var(--spacing)*8)}.data-\[invalid\=true\]\:text-destructive[data-invalid=true]{color:var(--destructive)}.data-\[motion\=from-end\]\:slide-in-from-right-52[data-motion=from-end]{--tw-enter-translate-x:calc(52*var(--spacing))}.data-\[motion\=from-start\]\:slide-in-from-left-52[data-motion=from-start]{--tw-enter-translate-x:calc(52*var(--spacing)*-1)}.data-\[motion\=to-end\]\:slide-out-to-right-52[data-motion=to-end]{--tw-exit-translate-x:calc(52*var(--spacing))}.data-\[motion\=to-start\]\:slide-out-to-left-52[data-motion=to-start]{--tw-exit-translate-x:calc(52*var(--spacing)*-1)}.data-\[motion\^\=from-\]\:animate-in[data-motion^=from-]{animation:enter var(--tw-animation-duration,var(--tw-duration,.15s))var(--tw-ease,ease)var(--tw-animation-delay,0s)var(--tw-animation-iteration-count,1)var(--tw-animation-direction,normal)var(--tw-animation-fill-mode,none)}.data-\[motion\^\=from-\]\:fade-in[data-motion^=from-]{--tw-enter-opacity:0}.data-\[motion\^\=to-\]\:animate-out[data-motion^=to-]{animation:exit var(--tw-animation-duration,var(--tw-duration,.15s))var(--tw-ease,ease)var(--tw-animation-delay,0s)var(--tw-animation-iteration-count,1)var(--tw-animation-direction,normal)var(--tw-animation-fill-mode,none)}.data-\[motion\^\=to-\]\:fade-out[data-motion^=to-]{--tw-exit-opacity:0}.data-\[orientation\=horizontal\]\:h-1\.5[data-orientation=horizontal]{height:calc(var(--spacing)*1.5)}.data-\[orientation\=horizontal\]\:h-full[data-orientation=horizontal]{height:100%}.data-\[orientation\=horizontal\]\:h-px[data-orientation=horizontal]{height:1px}.data-\[orientation\=horizontal\]\:w-full[data-orientation=horizontal]{width:100%}.data-\[orientation\=horizontal\]\:flex-col[data-orientation=horizontal]{flex-direction:column}.data-\[orientation\=vertical\]\:h-auto[data-orientation=vertical]{height:auto}.data-\[orientation\=vertical\]\:h-full[data-orientation=vertical]{height:100%}.data-\[orientation\=vertical\]\:min-h-44[data-orientation=vertical]{min-height:calc(var(--spacing)*44)}.data-\[orientation\=vertical\]\:w-1\.5[data-orientation=vertical]{width:calc(var(--spacing)*1.5)}.data-\[orientation\=vertical\]\:w-auto[data-orientation=vertical]{width:auto}.data-\[orientation\=vertical\]\:w-full[data-orientation=vertical]{width:100%}.data-\[orientation\=vertical\]\:w-px[data-orientation=vertical]{width:1px}.data-\[orientation\=vertical\]\:flex-col[data-orientation=vertical]{flex-direction:column}.data-\[panel-group-direction\=vertical\]\:h-px[data-panel-group-direction=vertical]{height:1px}.data-\[panel-group-direction\=vertical\]\:w-full[data-panel-group-direction=vertical]{width:100%}.data-\[panel-group-direction\=vertical\]\:flex-col[data-panel-group-direction=vertical]{flex-direction:column}.data-\[panel-group-direction\=vertical\]\:after\:left-0[data-panel-group-direction=vertical]:after{content:var(--tw-content);left:calc(var(--spacing)*0)}.data-\[panel-group-direction\=vertical\]\:after\:h-1[data-panel-group-direction=vertical]:after{content:var(--tw-content);height:calc(var(--spacing)*1)}.data-\[panel-group-direction\=vertical\]\:after\:w-full[data-panel-group-direction=vertical]:after{content:var(--tw-content);width:100%}.data-\[panel-group-direction\=vertical\]\:after\:translate-x-0[data-panel-group-direction=vertical]:after{content:var(--tw-content);--tw-translate-x:calc(var(--spacing)*0);translate:var(--tw-translate-x)var(--tw-translate-y)}.data-\[panel-group-direction\=vertical\]\:after\:-translate-y-1\/2[data-panel-group-direction=vertical]:after{content:var(--tw-content);--tw-translate-y:calc(calc(1/2*100%)*-1);translate:var(--tw-translate-x)var(--tw-translate-y)}.data-\[placeholder\]\:text-muted-foreground[data-placeholder]{color:var(--muted-foreground)}.data-\[range-end\=true\]\:rounded-md[data-range-end=true]{border-radius:calc(var(--radius) - 2px)}.data-\[range-end\=true\]\:rounded-r-md[data-range-end=true]{border-top-right-radius:calc(var(--radius) - 2px);border-bottom-right-radius:calc(var(--radius) - 2px)}.data-\[range-end\=true\]\:bg-primary[data-range-end=true]{background-color:var(--primary)}.data-\[range-end\=true\]\:text-primary-foreground[data-range-end=true]{color:var(--primary-foreground)}.data-\[range-middle\=true\]\:rounded-none[data-range-middle=true]{border-radius:0}.data-\[range-middle\=true\]\:bg-accent[data-range-middle=true]{background-color:var(--accent)}.data-\[range-middle\=true\]\:text-accent-foreground[data-range-middle=true]{color:var(--accent-foreground)}.data-\[range-start\=true\]\:rounded-md[data-range-start=true]{border-radius:calc(var(--radius) - 2px)}.data-\[range-start\=true\]\:rounded-l-md[data-range-start=true]{border-top-left-radius:calc(var(--radius) - 2px);border-bottom-left-radius:calc(var(--radius) - 2px)}.data-\[range-start\=true\]\:bg-primary[data-range-start=true]{background-color:var(--primary)}.data-\[range-start\=true\]\:text-primary-foreground[data-range-start=true]{color:var(--primary-foreground)}.data-\[selected-single\=true\]\:bg-primary[data-selected-single=true]{background-color:var(--primary)}.data-\[selected-single\=true\]\:text-primary-foreground[data-selected-single=true]{color:var(--primary-foreground)}.data-\[selected\=true\]\:rounded-none[data-selected=true]{border-radius:0}.data-\[selected\=true\]\:bg-accent[data-selected=true]{background-color:var(--accent)}.data-\[selected\=true\]\:text-accent-foreground[data-selected=true]{color:var(--accent-foreground)}.data-\[side\=bottom\]\:translate-y-1[data-side=bottom]{--tw-translate-y:calc(var(--spacing)*1);translate:var(--tw-translate-x)var(--tw-translate-y)}.data-\[side\=bottom\]\:slide-in-from-top-2[data-side=bottom]{--tw-enter-translate-y:calc(2*var(--spacing)*-1)}.data-\[side\=left\]\:-translate-x-1[data-side=left]{--tw-translate-x:calc(var(--spacing)*-1);translate:var(--tw-translate-x)var(--tw-translate-y)}.data-\[side\=left\]\:slide-in-from-right-2[data-side=left]{--tw-enter-translate-x:calc(2*var(--spacing))}.data-\[side\=right\]\:translate-x-1[data-side=right]{--tw-translate-x:calc(var(--spacing)*1);translate:var(--tw-translate-x)var(--tw-translate-y)}.data-\[side\=right\]\:slide-in-from-left-2[data-side=right]{--tw-enter-translate-x:calc(2*var(--spacing)*-1)}.data-\[side\=top\]\:-translate-y-1[data-side=top]{--tw-translate-y:calc(var(--spacing)*-1);translate:var(--tw-translate-x)var(--tw-translate-y)}.data-\[side\=top\]\:slide-in-from-bottom-2[data-side=top]{--tw-enter-translate-y:calc(2*var(--spacing))}.data-\[size\=default\]\:h-9[data-size=default]{height:calc(var(--spacing)*9)}.data-\[size\=default\]\:h-\[1\.15rem\][data-size=default]{height:1.15rem}.data-\[size\=default\]\:w-8[data-size=default]{width:calc(var(--spacing)*8)}.data-\[size\=lg\]\:size-10[data-size=lg]{width:calc(var(--spacing)*10);height:calc(var(--spacing)*10)}.data-\[size\=sm\]\:size-6[data-size=sm]{width:calc(var(--spacing)*6);height:calc(var(--spacing)*6)}.data-\[size\=sm\]\:h-3\.5[data-size=sm]{height:calc(var(--spacing)*3.5)}.data-\[size\=sm\]\:h-8[data-size=sm]{height:calc(var(--spacing)*8)}.data-\[size\=sm\]\:w-6[data-size=sm]{width:calc(var(--spacing)*6)}.data-\[size\=sm\]\:max-w-xs[data-size=sm]{max-width:var(--container-xs)}:is(.\*\:data-\[slot\=alert-description\]\:text-destructive\/90>*)[data-slot=alert-description]{color:var(--destructive)}@supports (color:color-mix(in lab, red, red)){:is(.\*\:data-\[slot\=alert-description\]\:text-destructive\/90>*)[data-slot=alert-description]{color:color-mix(in oklab,var(--destructive)90%,transparent)}}:is(.\*\:data-\[slot\=avatar\]\:ring-2>*)[data-slot=avatar]{--tw-ring-shadow:var(--tw-ring-inset,)0 0 0 calc(2px + var(--tw-ring-offset-width))var(--tw-ring-color,currentcolor);box-shadow:var(--tw-inset-shadow),var(--tw-inset-ring-shadow),var(--tw-ring-offset-shadow),var(--tw-ring-shadow),var(--tw-shadow)}:is(.\*\:data-\[slot\=avatar\]\:ring-background>*)[data-slot=avatar]{--tw-ring-color:var(--background)}.data-\[slot\=checkbox-group\]\:gap-3[data-slot=checkbox-group]{gap:calc(var(--spacing)*3)}:is(.\*\*\:data-\[slot\=command-input-wrapper\]\:h-12 *)[data-slot=command-input-wrapper]{height:calc(var(--spacing)*12)}:is(.\*\*\:data-\[slot\=navigation-menu-link\]\:focus\:ring-0 *)[data-slot=navigation-menu-link]:focus{--tw-ring-shadow:var(--tw-ring-inset,)0 0 0 calc(0px + var(--tw-ring-offset-width))var(--tw-ring-color,currentcolor);box-shadow:var(--tw-inset-shadow),var(--tw-inset-ring-shadow),var(--tw-ring-offset-shadow),var(--tw-ring-shadow),var(--tw-shadow)}:is(.\*\*\:data-\[slot\=navigation-menu-link\]\:focus\:outline-none *)[data-slot=navigation-menu-link]:focus{--tw-outline-style:none;outline-style:none}:is(.\*\:data-\[slot\=select-value\]\:line-clamp-1>*)[data-slot=select-value]{-webkit-line-clamp:1;-webkit-box-orient:vertical;display:-webkit-box;overflow:hidden}:is(.\*\:data-\[slot\=select-value\]\:flex>*)[data-slot=select-value]{display:flex}:is(.\*\:data-\[slot\=select-value\]\:items-center>*)[data-slot=select-value]{align-items:center}:is(.\*\:data-\[slot\=select-value\]\:gap-2>*)[data-slot=select-value]{gap:calc(var(--spacing)*2)}.data-\[spacing\=0\]\:rounded-none[data-spacing="0"]{border-radius:0}.data-\[spacing\=0\]\:shadow-none[data-spacing="0"]{--tw-shadow:0 0 #0000;box-shadow:var(--tw-inset-shadow),var(--tw-inset-ring-shadow),var(--tw-ring-offset-shadow),var(--tw-ring-shadow),var(--tw-shadow)}.data-\[spacing\=0\]\:first\:rounded-l-md[data-spacing="0"]:first-child{border-top-left-radius:calc(var(--radius) - 2px);border-bottom-left-radius:calc(var(--radius) - 2px)}.data-\[spacing\=0\]\:last\:rounded-r-md[data-spacing="0"]:last-child{border-top-right-radius:calc(var(--radius) - 2px);border-bottom-right-radius:calc(var(--radius) - 2px)}.data-\[state\=active\]\:bg-background[data-state=active]{background-color:var(--background)}.data-\[state\=active\]\:text-foreground[data-state=active]{color:var(--foreground)}.data-\[state\=active\]\:text-white[data-state=active]{color:var(--color-white)}.data-\[state\=active\]\:shadow-sm[data-state=active],.group-data-\[variant\=default\]\/tabs-list\:data-\[state\=active\]\:shadow-sm:is(:where(.group\/tabs-list)[data-variant=default] *)[data-state=active]{--tw-shadow:0 1px 3px 0 var(--tw-shadow-color,#0000001a),0 1px 2px -1px var(--tw-shadow-color,#0000001a);box-shadow:var(--tw-inset-shadow),var(--tw-inset-ring-shadow),var(--tw-ring-offset-shadow),var(--tw-ring-shadow),var(--tw-shadow)}.group-data-\[variant\=line\]\/tabs-list\:data-\[state\=active\]\:bg-transparent:is(:where(.group\/tabs-list)[data-variant=line] *)[data-state=active]{background-color:#0000}.group-data-\[variant\=line\]\/tabs-list\:data-\[state\=active\]\:shadow-none:is(:where(.group\/tabs-list)[data-variant=line] *)[data-state=active]{--tw-shadow:0 0 #0000;box-shadow:var(--tw-inset-shadow),var(--tw-inset-ring-shadow),var(--tw-ring-offset-shadow),var(--tw-ring-shadow),var(--tw-shadow)}.group-data-\[variant\=line\]\/tabs-list\:data-\[state\=active\]\:after\:opacity-100:is(:where(.group\/tabs-list)[data-variant=line] *)[data-state=active]:after{content:var(--tw-content);opacity:1}@media (hover:hover){.data-\[state\=active\]\:hover\:text-white[data-state=active]:hover{color:var(--color-white)}}.data-\[state\=checked\]\:h-4[data-state=checked]{height:calc(var(--spacing)*4)}.data-\[state\=checked\]\:w-4[data-state=checked]{width:calc(var(--spacing)*4)}.data-\[state\=checked\]\:translate-x-\[calc\(100\%-2px\)\][data-state=checked]{--tw-translate-x:calc(100% - 2px);translate:var(--tw-translate-x)var(--tw-translate-y)}.data-\[state\=checked\]\:border-\[\#333333\][data-state=checked]{border-color:#333}.data-\[state\=checked\]\:border-primary[data-state=checked]{border-color:var(--primary)}.data-\[state\=checked\]\:bg-\[\#333333\][data-state=checked]{background-color:#333}.data-\[state\=checked\]\:bg-primary[data-state=checked]{background-color:var(--primary)}.data-\[state\=checked\]\:font-bold[data-state=checked]{--tw-font-weight:var(--font-weight-bold);font-weight:var(--font-weight-bold)}.data-\[state\=checked\]\:text-\[\#28a745\][data-state=checked]{color:#28a745}.data-\[state\=checked\]\:text-primary-foreground[data-state=checked]{color:var(--primary-foreground)}.data-\[state\=closed\]\:animate-accordion-up[data-state=closed]{animation:accordion-up var(--tw-animation-duration,var(--tw-duration,.2s))var(--tw-ease,ease-out)var(--tw-animation-delay,0s)var(--tw-animation-iteration-count,1)var(--tw-animation-direction,normal)var(--tw-animation-fill-mode,none)}.data-\[state\=closed\]\:animate-out[data-state=closed]{animation:exit var(--tw-animation-duration,var(--tw-duration,.15s))var(--tw-ease,ease)var(--tw-animation-delay,0s)var(--tw-animation-iteration-count,1)var(--tw-animation-direction,normal)var(--tw-animation-fill-mode,none)}.data-\[state\=closed\]\:duration-300[data-state=closed]{--tw-duration:.3s;transition-duration:.3s}.data-\[state\=closed\]\:fade-out-0[data-state=closed]{--tw-exit-opacity:0}.data-\[state\=closed\]\:zoom-out-95[data-state=closed]{--tw-exit-scale:.95}.data-\[state\=closed\]\:slide-out-to-bottom[data-state=closed]{--tw-exit-translate-y:100%}.data-\[state\=closed\]\:slide-out-to-left[data-state=closed]{--tw-exit-translate-x:-100%}.data-\[state\=closed\]\:slide-out-to-left-1\/2[data-state=closed]{--tw-exit-translate-x:calc(1/2*-100%)}.data-\[state\=closed\]\:slide-out-to-right[data-state=closed]{--tw-exit-translate-x:100%}.data-\[state\=closed\]\:slide-out-to-top[data-state=closed]{--tw-exit-translate-y:-100%}.data-\[state\=closed\]\:slide-out-to-top-\[48\%\][data-state=closed]{--tw-exit-translate-y:calc(48%*-1)}.group-data-\[viewport\=false\]\/navigation-menu\:data-\[state\=closed\]\:animate-out:is(:where(.group\/navigation-menu)[data-viewport=false] *)[data-state=closed]{animation:exit var(--tw-animation-duration,var(--tw-duration,.15s))var(--tw-ease,ease)var(--tw-animation-delay,0s)var(--tw-animation-iteration-count,1)var(--tw-animation-direction,normal)var(--tw-animation-fill-mode,none)}.group-data-\[viewport\=false\]\/navigation-menu\:data-\[state\=closed\]\:fade-out-0:is(:where(.group\/navigation-menu)[data-viewport=false] *)[data-state=closed]{--tw-exit-opacity:0}.group-data-\[viewport\=false\]\/navigation-menu\:data-\[state\=closed\]\:zoom-out-95:is(:where(.group\/navigation-menu)[data-viewport=false] *)[data-state=closed]{--tw-exit-scale:.95}.data-\[state\=hidden\]\:animate-out[data-state=hidden]{animation:exit var(--tw-animation-duration,var(--tw-duration,.15s))var(--tw-ease,ease)var(--tw-animation-delay,0s)var(--tw-animation-iteration-count,1)var(--tw-animation-direction,normal)var(--tw-animation-fill-mode,none)}.data-\[state\=hidden\]\:fade-out[data-state=hidden]{--tw-exit-opacity:0}.data-\[state\=on\]\:bg-accent[data-state=on]{background-color:var(--accent)}.data-\[state\=on\]\:text-accent-foreground[data-state=on]{color:var(--accent-foreground)}.data-\[state\=open\]\:animate-accordion-down[data-state=open]{animation:accordion-down var(--tw-animation-duration,var(--tw-duration,.2s))var(--tw-ease,ease-out)var(--tw-animation-delay,0s)var(--tw-animation-iteration-count,1)var(--tw-animation-direction,normal)var(--tw-animation-fill-mode,none)}.data-\[state\=open\]\:animate-in[data-state=open]{animation:enter var(--tw-animation-duration,var(--tw-duration,.15s))var(--tw-ease,ease)var(--tw-animation-delay,0s)var(--tw-animation-iteration-count,1)var(--tw-animation-direction,normal)var(--tw-animation-fill-mode,none)}.data-\[state\=open\]\:bg-accent[data-state=open],.data-\[state\=open\]\:bg-accent\/50[data-state=open]{background-color:var(--accent)}@supports (color:color-mix(in lab, red, red)){.data-\[state\=open\]\:bg-accent\/50[data-state=open]{background-color:color-mix(in oklab,var(--accent)50%,transparent)}}.data-\[state\=open\]\:bg-secondary[data-state=open]{background-color:var(--secondary)}.data-\[state\=open\]\:text-accent-foreground[data-state=open]{color:var(--accent-foreground)}.data-\[state\=open\]\:text-muted-foreground[data-state=open]{color:var(--muted-foreground)}.data-\[state\=open\]\:opacity-100[data-state=open]{opacity:1}.data-\[state\=open\]\:duration-500[data-state=open]{--tw-duration:.5s;transition-duration:.5s}.data-\[state\=open\]\:fade-in-0[data-state=open]{--tw-enter-opacity:0}.data-\[state\=open\]\:zoom-in-90[data-state=open]{--tw-enter-scale:.9}.data-\[state\=open\]\:zoom-in-95[data-state=open]{--tw-enter-scale:.95}.data-\[state\=open\]\:slide-in-from-bottom[data-state=open]{--tw-enter-translate-y:100%}.data-\[state\=open\]\:slide-in-from-left[data-state=open]{--tw-enter-translate-x:-100%}.data-\[state\=open\]\:slide-in-from-left-1\/2[data-state=open]{--tw-enter-translate-x:calc(1/2*-100%)}.data-\[state\=open\]\:slide-in-from-right[data-state=open]{--tw-enter-translate-x:100%}.data-\[state\=open\]\:slide-in-from-top[data-state=open]{--tw-enter-translate-y:-100%}.data-\[state\=open\]\:slide-in-from-top-\[48\%\][data-state=open]{--tw-enter-translate-y:calc(48%*-1)}.group-data-\[viewport\=false\]\/navigation-menu\:data-\[state\=open\]\:animate-in:is(:where(.group\/navigation-menu)[data-viewport=false] *)[data-state=open]{animation:enter var(--tw-animation-duration,var(--tw-duration,.15s))var(--tw-ease,ease)var(--tw-animation-delay,0s)var(--tw-animation-iteration-count,1)var(--tw-animation-direction,normal)var(--tw-animation-fill-mode,none)}.group-data-\[viewport\=false\]\/navigation-menu\:data-\[state\=open\]\:fade-in-0:is(:where(.group\/navigation-menu)[data-viewport=false] *)[data-state=open]{--tw-enter-opacity:0}.group-data-\[viewport\=false\]\/navigation-menu\:data-\[state\=open\]\:zoom-in-95:is(:where(.group\/navigation-menu)[data-viewport=false] *)[data-state=open]{--tw-enter-scale:.95}@media (hover:hover){.data-\[state\=open\]\:hover\:bg-accent[data-state=open]:hover{background-color:var(--accent)}.data-\[state\=open\]\:hover\:bg-sidebar-accent[data-state=open]:hover{background-color:var(--sidebar-accent)}.data-\[state\=open\]\:hover\:text-sidebar-accent-foreground[data-state=open]:hover{color:var(--sidebar-accent-foreground)}}.data-\[state\=open\]\:focus\:bg-accent[data-state=open]:focus{background-color:var(--accent)}.data-\[state\=selected\]\:bg-muted[data-state=selected]{background-color:var(--muted)}.data-\[state\=unchecked\]\:translate-x-0[data-state=unchecked]{--tw-translate-x:calc(var(--spacing)*0);translate:var(--tw-translate-x)var(--tw-translate-y)}.data-\[state\=unchecked\]\:bg-input[data-state=unchecked]{background-color:var(--input)}.data-\[state\=visible\]\:animate-in[data-state=visible]{animation:enter var(--tw-animation-duration,var(--tw-duration,.15s))var(--tw-ease,ease)var(--tw-animation-delay,0s)var(--tw-animation-iteration-count,1)var(--tw-animation-direction,normal)var(--tw-animation-fill-mode,none)}.data-\[state\=visible\]\:fade-in[data-state=visible]{--tw-enter-opacity:0}.data-\[variant\=destructive\]\:text-destructive[data-variant=destructive]{color:var(--destructive)}.data-\[variant\=destructive\]\:focus\:bg-destructive\/10[data-variant=destructive]:focus{background-color:var(--destructive)}@supports (color:color-mix(in lab, red, red)){.data-\[variant\=destructive\]\:focus\:bg-destructive\/10[data-variant=destructive]:focus{background-color:color-mix(in oklab,var(--destructive)10%,transparent)}}.data-\[variant\=destructive\]\:focus\:text-destructive[data-variant=destructive]:focus{color:var(--destructive)}.data-\[variant\=label\]\:text-sm[data-variant=label]{font-size:var(--text-sm);line-height:var(--tw-leading,var(--text-sm--line-height))}.data-\[variant\=legend\]\:text-base[data-variant=legend]{font-size:var(--text-base);line-height:var(--tw-leading,var(--text-base--line-height))}.data-\[variant\=line\]\:rounded-none[data-variant=line]{border-radius:0}.data-\[spacing\=0\]\:data-\[variant\=outline\]\:border-l-0[data-spacing="0"][data-variant=outline]{border-left-style:var(--tw-border-style);border-left-width:0}.data-\[spacing\=0\]\:data-\[variant\=outline\]\:first\:border-l[data-spacing="0"][data-variant=outline]:first-child{border-left-style:var(--tw-border-style);border-left-width:1px}.data-\[spacing\=default\]\:data-\[variant\=outline\]\:shadow-xs[data-spacing=default][data-variant=outline]{--tw-shadow:0 1px 2px 0 var(--tw-shadow-color,#0000000d);box-shadow:var(--tw-inset-shadow),var(--tw-inset-ring-shadow),var(--tw-ring-offset-shadow),var(--tw-ring-shadow),var(--tw-shadow)}.data-\[vaul-drawer-direction\=bottom\]\:inset-x-0[data-vaul-drawer-direction=bottom]{inset-inline:calc(var(--spacing)*0)}.data-\[vaul-drawer-direction\=bottom\]\:bottom-0[data-vaul-drawer-direction=bottom]{bottom:calc(var(--spacing)*0)}.data-\[vaul-drawer-direction\=bottom\]\:mt-24[data-vaul-drawer-direction=bottom]{margin-top:calc(var(--spacing)*24)}.data-\[vaul-drawer-direction\=bottom\]\:max-h-\[80vh\][data-vaul-drawer-direction=bottom]{max-height:80vh}.data-\[vaul-drawer-direction\=bottom\]\:rounded-t-lg[data-vaul-drawer-direction=bottom]{border-top-left-radius:var(--radius);border-top-right-radius:var(--radius)}.data-\[vaul-drawer-direction\=bottom\]\:border-t[data-vaul-drawer-direction=bottom]{border-top-style:var(--tw-border-style);border-top-width:1px}.data-\[vaul-drawer-direction\=left\]\:inset-y-0[data-vaul-drawer-direction=left]{inset-block:calc(var(--spacing)*0)}.data-\[vaul-drawer-direction\=left\]\:left-0[data-vaul-drawer-direction=left]{left:calc(var(--spacing)*0)}.data-\[vaul-drawer-direction\=left\]\:w-3\/4[data-vaul-drawer-direction=left]{width:75%}.data-\[vaul-drawer-direction\=left\]\:border-r[data-vaul-drawer-direction=left]{border-right-style:var(--tw-border-style);border-right-width:1px}.data-\[vaul-drawer-direction\=right\]\:inset-y-0[data-vaul-drawer-direction=right]{inset-block:calc(var(--spacing)*0)}.data-\[vaul-drawer-direction\=right\]\:right-0[data-vaul-drawer-direction=right]{right:calc(var(--spacing)*0)}.data-\[vaul-drawer-direction\=right\]\:w-3\/4[data-vaul-drawer-direction=right]{width:75%}.data-\[vaul-drawer-direction\=right\]\:border-l[data-vaul-drawer-direction=right]{border-left-style:var(--tw-border-style);border-left-width:1px}.data-\[vaul-drawer-direction\=top\]\:inset-x-0[data-vaul-drawer-direction=top]{inset-inline:calc(var(--spacing)*0)}.data-\[vaul-drawer-direction\=top\]\:top-0[data-vaul-drawer-direction=top]{top:calc(var(--spacing)*0)}.data-\[vaul-drawer-direction\=top\]\:mb-24[data-vaul-drawer-direction=top]{margin-bottom:calc(var(--spacing)*24)}.data-\[vaul-drawer-direction\=top\]\:max-h-\[80vh\][data-vaul-drawer-direction=top]{max-height:80vh}.data-\[vaul-drawer-direction\=top\]\:rounded-b-lg[data-vaul-drawer-direction=top]{border-bottom-right-radius:var(--radius);border-bottom-left-radius:var(--radius)}.data-\[vaul-drawer-direction\=top\]\:border-b[data-vaul-drawer-direction=top]{border-bottom-style:var(--tw-border-style);border-bottom-width:1px}.nth-last-2\:-mt-1:nth-last-child(2){margin-top:calc(var(--spacing)*-1)}@media not all and (min-width:912px){.max-\[912px\]\:w-\[66\%\]{width:66%}}@media not all and (min-width:882px){.max-\[882px\]\:w-\[63\%\]{width:63%}.max-\[882px\]\:p-4{padding:calc(var(--spacing)*4)}}@media not all and (min-width:860px){.max-\[860px\]\:w-\[93\%\]{width:93%}}@media not all and (min-width:786px){.max-\[786px\]\:p-0{padding:calc(var(--spacing)*0)}}@media not all and (min-width:768px){.max-\[768px\]\:w-\[96\.5\%\]{width:96.5%}}@media not all and (min-width:600px){.max-\[600px\]\:w-48{width:calc(var(--spacing)*48)}.max-\[600px\]\:w-\[100\%\]{width:100%}}@media not all and (min-width:450px){.max-\[450px\]\:w-32{width:calc(var(--spacing)*32)}}@media (min-width:700px){.min-\[700px\]\:text-nowrap{text-wrap:nowrap}}@media (min-width:768px){.min-\[768px\]\:w-\[100\%\]{width:100%}}@media (min-width:855px){.min-\[855px\]\:mr-3{margin-right:calc(var(--spacing)*3)}}@media (min-width:880px){.min-\[880px\]\:w-\[95\%\]{width:95%}.min-\[880px\]\:w-\[98\%\]{width:98%}}@media (min-width:882px){.min-\[882px\]\:hidden{display:none}.min-\[882px\]\:w-\[30\%\]{width:30%}.min-\[882px\]\:w-\[68\.5\%\]{width:68.5%}.min-\[882px\]\:w-\[70\%\]{width:70%}}@media (min-width:883px){.min-\[883px\]\:block{display:block}}@media (min-width:900px){.min-\[900px\]\:w-\[100px\]{width:100px}.min-\[900px\]\:truncate{text-overflow:ellipsis;white-space:nowrap;overflow:hidden}}@media (min-width:912px){.min-\[912px\]\:w-\[96\%\]{width:96%}.min-\[912px\]\:w-\[98\%\]{width:98%}}@media (min-width:1000px){.min-\[1000px\]\:w-\[135px\]{width:135px}}@media (min-width:1030px){.min-\[1030px\]\:w-\[70\%\]{width:70%}}@media (min-width:1200px){.min-\[1200px\]\:w-full{width:100%}}@media (min-width:40rem){.sm\:top-6{top:calc(var(--spacing)*6)}.sm\:right-6{right:calc(var(--spacing)*6)}.sm\:bottom-0{bottom:calc(var(--spacing)*0)}.sm\:col-span-3{grid-column:span 3/span 3}.sm\:col-span-9{grid-column:span 9/span 9}.sm\:m-\[2px\]{margin:2px}.sm\:mt-0{margin-top:calc(var(--spacing)*0)}.sm\:mt-1{margin-top:calc(var(--spacing)*1)}.sm\:mt-2\.5{margin-top:calc(var(--spacing)*2.5)}.sm\:mt-6{margin-top:calc(var(--spacing)*6)}.sm\:mt-\[26\.35px\]{margin-top:26.35px}.sm\:mb-0{margin-bottom:calc(var(--spacing)*0)}.sm\:mb-6{margin-bottom:calc(var(--spacing)*6)}.sm\:ml-auto{margin-left:auto}.sm\:block{display:block}.sm\:flex{display:flex}.sm\:hidden{display:none}.sm\:inline-block{display:inline-block}.sm\:h-10{height:calc(var(--spacing)*10)}.sm\:h-12{height:calc(var(--spacing)*12)}.sm\:h-48{height:calc(var(--spacing)*48)}.sm\:h-\[200px\]{height:200px}.sm\:max-h-\[240px\]{max-height:240px}.sm\:w-1\/4{width:25%}.sm\:w-1\/5{width:20%}.sm\:w-10{width:calc(var(--spacing)*10)}.sm\:w-12{width:calc(var(--spacing)*12)}.sm\:w-40{width:calc(var(--spacing)*40)}.sm\:w-96{width:calc(var(--spacing)*96)}.sm\:w-\[55\%\]{width:55%}.sm\:w-auto{width:auto}.sm\:w-full{width:100%}.sm\:max-w-60{max-width:calc(var(--spacing)*60)}.sm\:max-w-\[500px\]{max-width:500px}.sm\:max-w-lg{max-width:var(--container-lg)}.sm\:max-w-md{max-width:var(--container-md)}.sm\:max-w-sm{max-width:var(--container-sm)}.sm\:grid-cols-2{grid-template-columns:repeat(2,minmax(0,1fr))}.sm\:grid-cols-5{grid-template-columns:repeat(5,minmax(0,1fr))}.sm\:flex-col{flex-direction:column}.sm\:flex-row{flex-direction:row}.sm\:items-end{align-items:flex-end}.sm\:items-start{align-items:flex-start}.sm\:justify-between{justify-content:space-between}.sm\:justify-center{justify-content:center}.sm\:justify-end{justify-content:flex-end}.sm\:justify-start{justify-content:flex-start}.sm\:gap-2\.5{gap:calc(var(--spacing)*2.5)}.sm\:gap-16{gap:calc(var(--spacing)*16)}.sm\:gap-\[6px\]{gap:6px}:where(.sm\:space-x-8>:not(:last-child)){--tw-space-x-reverse:0;margin-inline-start:calc(calc(var(--spacing)*8)*var(--tw-space-x-reverse));margin-inline-end:calc(calc(var(--spacing)*8)*calc(1 - var(--tw-space-x-reverse)))}.sm\:self-end{align-self:flex-end}.sm\:rounded-\[26px\]{border-radius:26px}.sm\:rounded-lg{border-radius:var(--radius)}.sm\:p-8{padding:calc(var(--spacing)*8)}.sm\:px-0{padding-inline:calc(var(--spacing)*0)}.sm\:px-3{padding-inline:calc(var(--spacing)*3)}.sm\:px-6{padding-inline:calc(var(--spacing)*6)}.sm\:px-8{padding-inline:calc(var(--spacing)*8)}.sm\:px-10{padding-inline:calc(var(--spacing)*10)}.sm\:px-\[30px\]{padding-inline:30px}.sm\:py-2{padding-block:calc(var(--spacing)*2)}.sm\:py-3{padding-block:calc(var(--spacing)*3)}.sm\:py-10{padding-block:calc(var(--spacing)*10)}.sm\:py-12{padding-block:calc(var(--spacing)*12)}.sm\:py-14{padding-block:calc(var(--spacing)*14)}.sm\:pr-2\.5{padding-right:calc(var(--spacing)*2.5)}.sm\:pr-3{padding-right:calc(var(--spacing)*3)}.sm\:pr-5{padding-right:calc(var(--spacing)*5)}.sm\:pb-\[30px\]{padding-bottom:30px}.sm\:pl-2\.5{padding-left:calc(var(--spacing)*2.5)}.sm\:pl-3{padding-left:calc(var(--spacing)*3)}.sm\:pl-12{padding-left:calc(var(--spacing)*12)}.sm\:text-left{text-align:left}.sm\:text-2xl{font-size:var(--text-2xl);line-height:var(--tw-leading,var(--text-2xl--line-height))}.sm\:text-3xl{font-size:var(--text-3xl);line-height:var(--tw-leading,var(--text-3xl--line-height))}.sm\:text-4xl{font-size:var(--text-4xl);line-height:var(--tw-leading,var(--text-4xl--line-height))}.sm\:text-base{font-size:var(--text-base);line-height:var(--tw-leading,var(--text-base--line-height))}.sm\:text-sm{font-size:var(--text-sm);line-height:var(--tw-leading,var(--text-sm--line-height))}.sm\:text-xl{font-size:var(--text-xl);line-height:var(--tw-leading,var(--text-xl--line-height))}.sm\:text-\[11px\]{font-size:11px}.sm\:whitespace-nowrap{white-space:nowrap}.sm\:group-data-\[size\=default\]\/alert-dialog-content\:row-span-2:is(:where(.group\/alert-dialog-content)[data-size=default] *){grid-row:span 2/span 2}.sm\:group-data-\[size\=default\]\/alert-dialog-content\:place-items-start:is(:where(.group\/alert-dialog-content)[data-size=default] *){place-items:start}.sm\:group-data-\[size\=default\]\/alert-dialog-content\:text-left:is(:where(.group\/alert-dialog-content)[data-size=default] *){text-align:left}.sm\:group-data-\[size\=default\]\/alert-dialog-content\:group-has-data-\[slot\=alert-dialog-media\]\/alert-dialog-content\:col-start-2:is(:where(.group\/alert-dialog-content)[data-size=default] *):is(:where(.group\/alert-dialog-content):has([data-slot=alert-dialog-media]) *){grid-column-start:2}.sm\:group-data-\[size\=default\]\/alert-dialog-content\:has-data-\[slot\=alert-dialog-media\]\:grid-rows-\[auto_1fr\]:is(:where(.group\/alert-dialog-content)[data-size=default] *):has([data-slot=alert-dialog-media]){grid-template-rows:auto 1fr}.data-\[size\=default\]\:sm\:max-w-lg[data-size=default]{max-width:var(--container-lg)}.data-\[vaul-drawer-direction\=left\]\:sm\:max-w-sm[data-vaul-drawer-direction=left],.data-\[vaul-drawer-direction\=right\]\:sm\:max-w-sm[data-vaul-drawer-direction=right]{max-width:var(--container-sm)}}@media (min-width:48rem){.md\:absolute{position:absolute}.md\:static{position:static}.md\:top-6{top:calc(var(--spacing)*6)}.md\:right-6{right:calc(var(--spacing)*6)}.md\:col-span-1{grid-column:span 1/span 1}.md\:col-span-2{grid-column:span 2/span 2}.md\:mx-0{margin-inline:calc(var(--spacing)*0)}.md\:mt-0{margin-top:calc(var(--spacing)*0)}.md\:mt-7{margin-top:calc(var(--spacing)*7)}.md\:mt-\[13px\]{margin-top:13px}.md\:mt-\[17px\]{margin-top:17px}.md\:mr-3{margin-right:calc(var(--spacing)*3)}.md\:mb-0{margin-bottom:calc(var(--spacing)*0)}.md\:mb-5{margin-bottom:calc(var(--spacing)*5)}.md\:ml-2{margin-left:calc(var(--spacing)*2)}.md\:block{display:block}.md\:flex{display:flex}.md\:grid{display:grid}.md\:hidden{display:none}.md\:h-5{height:calc(var(--spacing)*5)}.md\:h-\[200px\]{height:200px}.md\:h-auto{height:auto}.md\:min-h-\[222px\]{min-height:222px}.md\:w-5{width:calc(var(--spacing)*5)}.md\:w-\[55\%\]{width:55%}.md\:w-\[158px\]{width:158px}.md\:w-\[500px\]{width:500px}.md\:w-\[var\(--radix-navigation-menu-viewport-width\)\]{width:var(--radix-navigation-menu-viewport-width)}.md\:w-auto{width:auto}.md\:max-w-\[742px\]{max-width:742px}.md\:max-w-sm{max-width:var(--container-sm)}.md\:grid-cols-2{grid-template-columns:repeat(2,minmax(0,1fr))}.md\:grid-cols-3{grid-template-columns:repeat(3,minmax(0,1fr))}.md\:grid-cols-4{grid-template-columns:repeat(4,minmax(0,1fr))}.md\:grid-cols-5{grid-template-columns:repeat(5,minmax(0,1fr))}.md\:flex-row{flex-direction:row}.md\:items-center{align-items:center}.md\:items-start{align-items:flex-start}.md\:justify-between{justify-content:space-between}.md\:justify-start{justify-content:flex-start}.md\:gap-1\.5{gap:calc(var(--spacing)*1.5)}.md\:gap-4{gap:calc(var(--spacing)*4)}.md\:p-4{padding:calc(var(--spacing)*4)}.md\:p-12{padding:calc(var(--spacing)*12)}.md\:text-center{text-align:center}.md\:text-left{text-align:left}.md\:text-start{text-align:start}.md\:text-4xl{font-size:var(--text-4xl);line-height:var(--tw-leading,var(--text-4xl--line-height))}.md\:text-5xl{font-size:var(--text-5xl);line-height:var(--tw-leading,var(--text-5xl--line-height))}.md\:text-base{font-size:var(--text-base);line-height:var(--tw-leading,var(--text-base--line-height))}.md\:text-sm{font-size:var(--text-sm);line-height:var(--tw-leading,var(--text-sm--line-height))}.md\:text-\[12px\]{font-size:12px}.md\:opacity-0{opacity:0}.md\:peer-data-\[variant\=inset\]\:m-2:is(:where(.peer)[data-variant=inset]~*){margin:calc(var(--spacing)*2)}.md\:peer-data-\[variant\=inset\]\:ml-0:is(:where(.peer)[data-variant=inset]~*){margin-left:calc(var(--spacing)*0)}.md\:peer-data-\[variant\=inset\]\:rounded-xl:is(:where(.peer)[data-variant=inset]~*){border-radius:calc(var(--radius) + 4px)}.md\:peer-data-\[variant\=inset\]\:shadow-sm:is(:where(.peer)[data-variant=inset]~*){--tw-shadow:0 1px 3px 0 var(--tw-shadow-color,#0000001a),0 1px 2px -1px var(--tw-shadow-color,#0000001a);box-shadow:var(--tw-inset-shadow),var(--tw-inset-ring-shadow),var(--tw-ring-offset-shadow),var(--tw-ring-shadow),var(--tw-shadow)}.md\:peer-data-\[variant\=inset\]\:peer-data-\[state\=collapsed\]\:ml-2:is(:where(.peer)[data-variant=inset]~*):is(:where(.peer)[data-state=collapsed]~*){margin-left:calc(var(--spacing)*2)}.md\:after\:hidden:after{content:var(--tw-content);display:none}}@media (min-width:64rem){.lg\:mx-3\.5{margin-inline:calc(var(--spacing)*3.5)}.lg\:my-0{margin-block:calc(var(--spacing)*0)}.lg\:mr-0{margin-right:calc(var(--spacing)*0)}.lg\:ml-\[15px\]{margin-left:15px}.lg\:flex{display:flex}.lg\:hidden{display:none}.lg\:w-\[40\%\]{width:40%}.lg\:w-\[100\%\]{width:100%}.lg\:grid-cols-3{grid-template-columns:repeat(3,minmax(0,1fr))}.lg\:grid-cols-4{grid-template-columns:repeat(4,minmax(0,1fr))}.lg\:grid-cols-6{grid-template-columns:repeat(6,minmax(0,1fr))}.lg\:items-center{align-items:center}.lg\:justify-between{justify-content:space-between}.lg\:to-purple-900\/60{--tw-gradient-to:#59168b99}@supports (color:color-mix(in lab, red, red)){.lg\:to-purple-900\/60{--tw-gradient-to:color-mix(in oklab,var(--color-purple-900)60%,transparent)}}.lg\:to-purple-900\/60{--tw-gradient-stops:var(--tw-gradient-via-stops,var(--tw-gradient-position),var(--tw-gradient-from)var(--tw-gradient-from-position),var(--tw-gradient-to)var(--tw-gradient-to-position))}.lg\:py-8{padding-block:calc(var(--spacing)*8)}.lg\:text-\[11px\]{font-size:11px}.lg\:opacity-40{opacity:.4}}@media (min-width:80rem){.xl\:mt-\[-15px\]{margin-top:-15px}.xl\:hidden{display:none}.xl\:inline-block{display:inline-block}.xl\:grid-cols-4{grid-template-columns:repeat(4,minmax(0,1fr))}.xl\:grid-cols-5{grid-template-columns:repeat(5,minmax(0,1fr))}.xl\:grid-cols-7{grid-template-columns:repeat(7,minmax(0,1fr))}.xl\:text-\[13px\]{font-size:13px}}@container field-group (min-width:28rem){.\@md\/field-group\:flex-row{flex-direction:row}.\@md\/field-group\:items-center{align-items:center}.\@md\/field-group\:has-\[\>\[data-slot\=field-content\]\]\:items-start:has(>[data-slot=field-content]){align-items:flex-start}}.dark\:border-input:is(.dark *){border-color:var(--input)}.dark\:border-white\/\[\.145\]:is(.dark *){border-color:#ffffff25}@supports (color:color-mix(in lab, red, red)){.dark\:border-white\/\[\.145\]:is(.dark *){border-color:color-mix(in oklab,var(--color-white)14.5%,transparent)}}.dark\:bg-black:is(.dark *){background-color:var(--color-black)}.dark\:bg-destructive\/60:is(.dark *){background-color:var(--destructive)}@supports (color:color-mix(in lab, red, red)){.dark\:bg-destructive\/60:is(.dark *){background-color:color-mix(in oklab,var(--destructive)60%,transparent)}}.dark\:bg-input\/30:is(.dark *){background-color:var(--input)}@supports (color:color-mix(in lab, red, red)){.dark\:bg-input\/30:is(.dark *){background-color:color-mix(in oklab,var(--input)30%,transparent)}}.dark\:bg-transparent:is(.dark *){background-color:#0000}.dark\:text-muted-foreground:is(.dark *){color:var(--muted-foreground)}.dark\:text-zinc-50:is(.dark *){color:var(--color-zinc-50)}.dark\:text-zinc-400:is(.dark *){color:var(--color-zinc-400)}.dark\:invert:is(.dark *){--tw-invert:invert(100%);filter:var(--tw-blur,)var(--tw-brightness,)var(--tw-contrast,)var(--tw-grayscale,)var(--tw-hue-rotate,)var(--tw-invert,)var(--tw-saturate,)var(--tw-sepia,)var(--tw-drop-shadow,)}@media (hover:hover){.dark\:hover\:bg-\[\#1a1a1a\]:is(.dark *):hover{background-color:#1a1a1a}.dark\:hover\:bg-\[\#ccc\]:is(.dark *):hover{background-color:#ccc}.dark\:hover\:bg-accent\/50:is(.dark *):hover{background-color:var(--accent)}@supports (color:color-mix(in lab, red, red)){.dark\:hover\:bg-accent\/50:is(.dark *):hover{background-color:color-mix(in oklab,var(--accent)50%,transparent)}}.dark\:hover\:bg-input\/50:is(.dark *):hover{background-color:var(--input)}@supports (color:color-mix(in lab, red, red)){.dark\:hover\:bg-input\/50:is(.dark *):hover{background-color:color-mix(in oklab,var(--input)50%,transparent)}}.dark\:hover\:text-accent-foreground:is(.dark *):hover{color:var(--accent-foreground)}.dark\:hover\:text-foreground:is(.dark *):hover{color:var(--foreground)}}.dark\:focus-visible\:ring-destructive\/40:is(.dark *):focus-visible{--tw-ring-color:var(--destructive)}@supports (color:color-mix(in lab, red, red)){.dark\:focus-visible\:ring-destructive\/40:is(.dark *):focus-visible{--tw-ring-color:color-mix(in oklab,var(--destructive)40%,transparent)}}.dark\:has-data-\[state\=checked\]\:bg-primary\/10:is(.dark *):has([data-state=checked]){background-color:var(--primary)}@supports (color:color-mix(in lab, red, red)){.dark\:has-data-\[state\=checked\]\:bg-primary\/10:is(.dark *):has([data-state=checked]){background-color:color-mix(in oklab,var(--primary)10%,transparent)}}.dark\:has-\[\[data-slot\]\[aria-invalid\=true\]\]\:ring-destructive\/40:is(.dark *):has([data-slot][aria-invalid=true]){--tw-ring-color:var(--destructive)}@supports (color:color-mix(in lab, red, red)){.dark\:has-\[\[data-slot\]\[aria-invalid\=true\]\]\:ring-destructive\/40:is(.dark *):has([data-slot][aria-invalid=true]){--tw-ring-color:color-mix(in oklab,var(--destructive)40%,transparent)}}.dark\:aria-invalid\:ring-destructive\/40:is(.dark *)[aria-invalid=true]{--tw-ring-color:var(--destructive)}@supports (color:color-mix(in lab, red, red)){.dark\:aria-invalid\:ring-destructive\/40:is(.dark *)[aria-invalid=true]{--tw-ring-color:color-mix(in oklab,var(--destructive)40%,transparent)}}.dark\:data-\[active\=true\]\:aria-invalid\:ring-destructive\/40:is(.dark *)[data-active=true][aria-invalid=true]{--tw-ring-color:var(--destructive)}@supports (color:color-mix(in lab, red, red)){.dark\:data-\[active\=true\]\:aria-invalid\:ring-destructive\/40:is(.dark *)[data-active=true][aria-invalid=true]{--tw-ring-color:color-mix(in oklab,var(--destructive)40%,transparent)}}.dark\:data-\[state\=active\]\:border-input:is(.dark *)[data-state=active]{border-color:var(--input)}.dark\:data-\[state\=active\]\:bg-input\/30:is(.dark *)[data-state=active]{background-color:var(--input)}@supports (color:color-mix(in lab, red, red)){.dark\:data-\[state\=active\]\:bg-input\/30:is(.dark *)[data-state=active]{background-color:color-mix(in oklab,var(--input)30%,transparent)}}.dark\:data-\[state\=active\]\:text-foreground:is(.dark *)[data-state=active]{color:var(--foreground)}.dark\:group-data-\[variant\=line\]\/tabs-list\:data-\[state\=active\]\:border-transparent:is(.dark *):is(:where(.group\/tabs-list)[data-variant=line] *)[data-state=active]{border-color:#0000}.dark\:group-data-\[variant\=line\]\/tabs-list\:data-\[state\=active\]\:bg-transparent:is(.dark *):is(:where(.group\/tabs-list)[data-variant=line] *)[data-state=active]{background-color:#0000}.dark\:data-\[state\=checked\]\:bg-primary:is(.dark *)[data-state=checked]{background-color:var(--primary)}.dark\:data-\[state\=checked\]\:bg-primary-foreground:is(.dark *)[data-state=checked]{background-color:var(--primary-foreground)}.dark\:data-\[state\=unchecked\]\:bg-foreground:is(.dark *)[data-state=unchecked]{background-color:var(--foreground)}.dark\:data-\[state\=unchecked\]\:bg-input\/80:is(.dark *)[data-state=unchecked]{background-color:var(--input)}@supports (color:color-mix(in lab, red, red)){.dark\:data-\[state\=unchecked\]\:bg-input\/80:is(.dark *)[data-state=unchecked]{background-color:color-mix(in oklab,var(--input)80%,transparent)}}.dark\:data-\[variant\=destructive\]\:focus\:bg-destructive\/20:is(.dark *)[data-variant=destructive]:focus{background-color:var(--destructive)}@supports (color:color-mix(in lab, red, red)){.dark\:data-\[variant\=destructive\]\:focus\:bg-destructive\/20:is(.dark *)[data-variant=destructive]:focus{background-color:color-mix(in oklab,var(--destructive)20%,transparent)}}.\[\&_\.recharts-cartesian-axis-tick_text\]\:fill-muted-foreground .recharts-cartesian-axis-tick text{fill:var(--muted-foreground)}.\[\&_\.recharts-cartesian-grid_line\[stroke\=\'\#ccc\'\]\]\:stroke-border\/50 .recharts-cartesian-grid line[stroke=\#ccc]{stroke:var(--border)}@supports (color:color-mix(in lab, red, red)){.\[\&_\.recharts-cartesian-grid_line\[stroke\=\'\#ccc\'\]\]\:stroke-border\/50 .recharts-cartesian-grid line[stroke=\#ccc]{stroke:color-mix(in oklab,var(--border)50%,transparent)}}.\[\&_\.recharts-curve\.recharts-tooltip-cursor\]\:stroke-border .recharts-curve.recharts-tooltip-cursor{stroke:var(--border)}.\[\&_\.recharts-dot\[stroke\=\'\#fff\'\]\]\:stroke-transparent .recharts-dot[stroke=\#fff]{stroke:#0000}.\[\&_\.recharts-layer\]\:outline-hidden .recharts-layer{--tw-outline-style:none;outline-style:none}@media (forced-colors:active){.\[\&_\.recharts-layer\]\:outline-hidden .recharts-layer{outline-offset:2px;outline:2px solid #0000}}.\[\&_\.recharts-polar-grid_\[stroke\=\'\#ccc\'\]\]\:stroke-border .recharts-polar-grid [stroke=\#ccc]{stroke:var(--border)}.\[\&_\.recharts-radial-bar-background-sector\]\:fill-muted .recharts-radial-bar-background-sector,.\[\&_\.recharts-rectangle\.recharts-tooltip-cursor\]\:fill-muted .recharts-rectangle.recharts-tooltip-cursor{fill:var(--muted)}.\[\&_\.recharts-reference-line_\[stroke\=\'\#ccc\'\]\]\:stroke-border .recharts-reference-line [stroke=\#ccc]{stroke:var(--border)}.\[\&_\.recharts-sector\]\:outline-hidden .recharts-sector{--tw-outline-style:none;outline-style:none}@media (forced-colors:active){.\[\&_\.recharts-sector\]\:outline-hidden .recharts-sector{outline-offset:2px;outline:2px solid #0000}}.\[\&_\.recharts-sector\[stroke\=\'\#fff\'\]\]\:stroke-transparent .recharts-sector[stroke=\#fff]{stroke:#0000}.\[\&_\.recharts-surface\]\:outline-hidden .recharts-surface{--tw-outline-style:none;outline-style:none}@media (forced-colors:active){.\[\&_\.recharts-surface\]\:outline-hidden .recharts-surface{outline-offset:2px;outline:2px solid #0000}}.\[\&_\[cmdk-group-heading\]\]\:px-2 [cmdk-group-heading]{padding-inline:calc(var(--spacing)*2)}.\[\&_\[cmdk-group-heading\]\]\:py-1\.5 [cmdk-group-heading]{padding-block:calc(var(--spacing)*1.5)}.\[\&_\[cmdk-group-heading\]\]\:text-xs [cmdk-group-heading]{font-size:var(--text-xs);line-height:var(--tw-leading,var(--text-xs--line-height))}.\[\&_\[cmdk-group-heading\]\]\:font-medium [cmdk-group-heading]{--tw-font-weight:var(--font-weight-medium);font-weight:var(--font-weight-medium)}.\[\&_\[cmdk-group-heading\]\]\:text-muted-foreground [cmdk-group-heading]{color:var(--muted-foreground)}.\[\&_\[cmdk-group\]\]\:px-2 [cmdk-group]{padding-inline:calc(var(--spacing)*2)}.\[\&_\[cmdk-group\]\:not\(\[hidden\]\)_\~\[cmdk-group\]\]\:pt-0 [cmdk-group]:not([hidden])~[cmdk-group]{padding-top:calc(var(--spacing)*0)}.\[\&_\[cmdk-input-wrapper\]_svg\]\:h-5 [cmdk-input-wrapper] svg{height:calc(var(--spacing)*5)}.\[\&_\[cmdk-input-wrapper\]_svg\]\:w-5 [cmdk-input-wrapper] svg{width:calc(var(--spacing)*5)}.\[\&_\[cmdk-input\]\]\:h-12 [cmdk-input]{height:calc(var(--spacing)*12)}.\[\&_\[cmdk-item\]\]\:px-2 [cmdk-item]{padding-inline:calc(var(--spacing)*2)}.\[\&_\[cmdk-item\]\]\:py-3 [cmdk-item]{padding-block:calc(var(--spacing)*3)}.\[\&_\[cmdk-item\]_svg\]\:h-5 [cmdk-item] svg{height:calc(var(--spacing)*5)}.\[\&_\[cmdk-item\]_svg\]\:w-5 [cmdk-item] svg{width:calc(var(--spacing)*5)}.\[\&_img\]\:size-full img{width:100%;height:100%}.\[\&_img\]\:object-cover img{object-fit:cover}.\[\&_p\]\:leading-relaxed p{--tw-leading:var(--leading-relaxed);line-height:var(--leading-relaxed)}.\[\&_svg\]\:pointer-events-none svg{pointer-events:none}.\[\&_svg\]\:shrink-0 svg{flex-shrink:0}.\[\&_svg\:not\(\[class\*\=\'size-\'\]\)\]\:size-3 svg:not([class*=size-]){width:calc(var(--spacing)*3);height:calc(var(--spacing)*3)}.\[\&_svg\:not\(\[class\*\=\'size-\'\]\)\]\:size-4 svg:not([class*=size-]){width:calc(var(--spacing)*4);height:calc(var(--spacing)*4)}.\[\&_svg\:not\(\[class\*\=\'size-\'\]\)\]\:size-6 svg:not([class*=size-]){width:calc(var(--spacing)*6);height:calc(var(--spacing)*6)}.\[\&_svg\:not\(\[class\*\=\'text-\'\]\)\]\:text-muted-foreground svg:not([class*=text-]){color:var(--muted-foreground)}.\[\&_tr\]\:border-b tr{border-bottom-style:var(--tw-border-style);border-bottom-width:1px}.\[\&_tr\:last-child\]\:border-0 tr:last-child{border-style:var(--tw-border-style);border-width:0}.\[\&\+\[data-slot\=item-content\]\]\:flex-none+[data-slot=item-content]{flex:none}.\[\&\:first-child\[data-selected\=true\]_button\]\:rounded-l-md:first-child[data-selected=true] button{border-top-left-radius:calc(var(--radius) - 2px);border-bottom-left-radius:calc(var(--radius) - 2px)}.\[\&\:has\(\[role\=checkbox\]\)\]\:pr-0:has([role=checkbox]){padding-right:calc(var(--spacing)*0)}.\[\.border-b\]\:pb-3.border-b{padding-bottom:calc(var(--spacing)*3)}.\[\.border-b\]\:pb-6.border-b{padding-bottom:calc(var(--spacing)*6)}.\[\.border-t\]\:pt-3.border-t{padding-top:calc(var(--spacing)*3)}.\[\.border-t\]\:pt-6.border-t{padding-top:calc(var(--spacing)*6)}:is(.rtl\:\*\*\:\[\.rdp-button\\_next\>svg\]\:rotate-180:where(:dir(rtl),[dir=rtl],[dir=rtl] *) *):is(.rdp-button_next>svg),:is(.rtl\:\*\*\:\[\.rdp-button\\_previous\>svg\]\:rotate-180:where(:dir(rtl),[dir=rtl],[dir=rtl] *) *):is(.rdp-button_previous>svg){rotate:180deg}.\[a\]\:transition-colors:is(a){transition-property:color,background-color,border-color,outline-color,text-decoration-color,fill,stroke,--tw-gradient-from,--tw-gradient-via,--tw-gradient-to;transition-timing-function:var(--tw-ease,var(--default-transition-timing-function));transition-duration:var(--tw-duration,var(--default-transition-duration))}@media (hover:hover){.\[a\]\:hover\:bg-accent\/50:is(a):hover{background-color:var(--accent)}@supports (color:color-mix(in lab, red, red)){.\[a\]\:hover\:bg-accent\/50:is(a):hover{background-color:color-mix(in oklab,var(--accent)50%,transparent)}}}:is(.\*\:\[span\]\:last\:flex>*):is(span):last-child{display:flex}:is(.\*\:\[span\]\:last\:items-center>*):is(span):last-child{align-items:center}:is(.\*\:\[span\]\:last\:gap-2>*):is(span):last-child{gap:calc(var(--spacing)*2)}:is(.data-\[variant\=destructive\]\:\*\:\[svg\]\:\!text-destructive[data-variant=destructive]>*):is(svg){color:var(--destructive)!important}:is(.\*\:\[svg\:not\(\[class\*\=\'size-\'\]\)\]\:size-8>*):is(svg:not([class*=size-])){width:calc(var(--spacing)*8);height:calc(var(--spacing)*8)}.\[\&\:last-child\[data-selected\=true\]_button\]\:rounded-r-md:last-child[data-selected=true] button{border-top-right-radius:calc(var(--radius) - 2px);border-bottom-right-radius:calc(var(--radius) - 2px)}.\[\&\:nth-child\(2\)\[data-selected\=true\]_button\]\:rounded-l-md:nth-child(2)[data-selected=true] button{border-top-left-radius:calc(var(--radius) - 2px);border-bottom-left-radius:calc(var(--radius) - 2px)}.\[\&\>\*\]\:w-full>*{width:100%}.\[\&\>\*\]\:focus-visible\:relative>:focus-visible{position:relative}.\[\&\>\*\]\:focus-visible\:z-10>:focus-visible{z-index:10}.\[\&\>\*\]\:data-\[slot\=field\]\:p-4>[data-slot=field]{padding:calc(var(--spacing)*4)}@container field-group (min-width:28rem){.\@md\/field-group\:\[\&\>\*\]\:w-auto>*{width:auto}}.\[\&\>\*\:not\(\:first-child\)\]\:rounded-t-none>:not(:first-child){border-top-left-radius:0;border-top-right-radius:0}.\[\&\>\*\:not\(\:first-child\)\]\:rounded-l-none>:not(:first-child){border-top-left-radius:0;border-bottom-left-radius:0}.\[\&\>\*\:not\(\:first-child\)\]\:border-t-0>:not(:first-child){border-top-style:var(--tw-border-style);border-top-width:0}.\[\&\>\*\:not\(\:first-child\)\]\:border-l-0>:not(:first-child){border-left-style:var(--tw-border-style);border-left-width:0}.\[\&\>\*\:not\(\:last-child\)\]\:rounded-r-none>:not(:last-child){border-top-right-radius:0;border-bottom-right-radius:0}.\[\&\>\*\:not\(\:last-child\)\]\:rounded-b-none>:not(:last-child){border-bottom-right-radius:0;border-bottom-left-radius:0}.\[\&\>\.sr-only\]\:w-auto>.sr-only{width:auto}.\[\&\>\[data-slot\=field-group\]\]\:gap-4>[data-slot=field-group]{gap:calc(var(--spacing)*4)}.\[\&\>\[data-slot\=field-label\]\]\:flex-auto>[data-slot=field-label]{flex:auto}@container field-group (min-width:28rem){.\@md\/field-group\:\[\&\>\[data-slot\=field-label\]\]\:flex-auto>[data-slot=field-label]{flex:auto}}.has-\[select\[aria-hidden\=true\]\:last-child\]\:\[\&\>\[data-slot\=select-trigger\]\:last-of-type\]\:rounded-r-md:has(:is(select[aria-hidden=true]:last-child))>[data-slot=select-trigger]:last-of-type{border-top-right-radius:calc(var(--radius) - 2px);border-bottom-right-radius:calc(var(--radius) - 2px)}.\[\&\>\[data-slot\=select-trigger\]\:not\(\[class\*\=\'w-\'\]\)\]\:w-fit>[data-slot=select-trigger]:not([class*=w-]){width:fit-content}.\[\&\>\[role\=checkbox\]\]\:translate-y-\[2px\]>[role=checkbox]{--tw-translate-y:2px;translate:var(--tw-translate-x)var(--tw-translate-y)}.has-\[\>\[data-slot\=field-content\]\]\:\[\&\>\[role\=checkbox\]\,\[role\=radio\]\]\:mt-px:has(>[data-slot=field-content])>[role=checkbox],.has-\[\>\[data-slot\=field-content\]\]\:\[\&\>\[role\=checkbox\]\,\[role\=radio\]\]\:mt-px:has(>[data-slot=field-content]) [role=radio]{margin-top:1px}@container field-group (min-width:28rem){.\@md\/field-group\:has-\[\>\[data-slot\=field-content\]\]\:\[\&\>\[role\=checkbox\]\,\[role\=radio\]\]\:mt-px:has(>[data-slot=field-content])>[role=checkbox],.\@md\/field-group\:has-\[\>\[data-slot\=field-content\]\]\:\[\&\>\[role\=checkbox\]\,\[role\=radio\]\]\:mt-px:has(>[data-slot=field-content]) [role=radio]{margin-top:1px}}.\[\&\>a\]\:underline>a{text-decoration-line:underline}.\[\&\>a\]\:underline-offset-4>a{text-underline-offset:4px}.\[\&\>a\:hover\]\:text-primary>a:hover{color:var(--primary)}.\[\&\>button\]\:hidden>button{display:none}.\[\&\>input\]\:flex-1>input{flex:1}.has-\[\>\[data-align\=block-end\]\]\:\[\&\>input\]\:pt-3:has(>[data-align=block-end])>input{padding-top:calc(var(--spacing)*3)}.has-\[\>\[data-align\=block-start\]\]\:\[\&\>input\]\:pb-3:has(>[data-align=block-start])>input{padding-bottom:calc(var(--spacing)*3)}.has-\[\>\[data-align\=inline-end\]\]\:\[\&\>input\]\:pr-2:has(>[data-align=inline-end])>input{padding-right:calc(var(--spacing)*2)}.has-\[\>\[data-align\=inline-start\]\]\:\[\&\>input\]\:pl-2:has(>[data-align=inline-start])>input{padding-left:calc(var(--spacing)*2)}.\[\&\>kbd\]\:rounded-\[calc\(var\(--radius\)-5px\)\]>kbd{border-radius:calc(var(--radius) - 5px)}.\[\&\>span\]\:text-xs>span{font-size:var(--text-xs);line-height:var(--tw-leading,var(--text-xs--line-height))}.\[\&\>span\]\:opacity-70>span{opacity:.7}.\[\&\>span\:last-child\]\:truncate>span:last-child{text-overflow:ellipsis;white-space:nowrap;overflow:hidden}.\[\&\>svg\]\:pointer-events-none>svg{pointer-events:none}.\[\&\>svg\]\:size-3>svg{width:calc(var(--spacing)*3);height:calc(var(--spacing)*3)}.\[\&\>svg\]\:size-3\.5>svg{width:calc(var(--spacing)*3.5);height:calc(var(--spacing)*3.5)}.\[\&\>svg\]\:size-4>svg{width:calc(var(--spacing)*4);height:calc(var(--spacing)*4)}.\[\&\>svg\]\:h-2\.5>svg{height:calc(var(--spacing)*2.5)}.\[\&\>svg\]\:h-3>svg{height:calc(var(--spacing)*3)}.\[\&\>svg\]\:w-2\.5>svg{width:calc(var(--spacing)*2.5)}.\[\&\>svg\]\:w-3>svg{width:calc(var(--spacing)*3)}.\[\&\>svg\]\:shrink-0>svg{flex-shrink:0}.\[\&\>svg\]\:translate-y-0\.5>svg{--tw-translate-y:calc(var(--spacing)*.5);translate:var(--tw-translate-x)var(--tw-translate-y)}.\[\&\>svg\]\:text-current>svg{color:currentColor}.\[\&\>svg\]\:text-muted-foreground>svg{color:var(--muted-foreground)}.\[\&\>svg\]\:text-sidebar-accent-foreground>svg{color:var(--sidebar-accent-foreground)}.group-has-data-\[size\=lg\]\/avatar-group\:\[\&\>svg\]\:size-5:is(:where(.group\/avatar-group):has([data-size=lg]) *)>svg{width:calc(var(--spacing)*5);height:calc(var(--spacing)*5)}.group-has-data-\[size\=sm\]\/avatar-group\:\[\&\>svg\]\:size-3:is(:where(.group\/avatar-group):has([data-size=sm]) *)>svg{width:calc(var(--spacing)*3);height:calc(var(--spacing)*3)}.group-data-\[size\=default\]\/avatar\:\[\&\>svg\]\:size-2:is(:where(.group\/avatar)[data-size=default] *)>svg,.group-data-\[size\=lg\]\/avatar\:\[\&\>svg\]\:size-2:is(:where(.group\/avatar)[data-size=lg] *)>svg{width:calc(var(--spacing)*2);height:calc(var(--spacing)*2)}.group-data-\[size\=sm\]\/avatar\:\[\&\>svg\]\:hidden:is(:where(.group\/avatar)[data-size=sm] *)>svg{display:none}.\[\&\>svg\:not\(\[class\*\=\'size-\'\]\)\]\:size-3\.5>svg:not([class*=size-]){width:calc(var(--spacing)*3.5);height:calc(var(--spacing)*3.5)}.\[\&\>svg\:not\(\[class\*\=\'size-\'\]\)\]\:size-4>svg:not([class*=size-]){width:calc(var(--spacing)*4);height:calc(var(--spacing)*4)}.\[\&\>tr\]\:last\:border-b-0>tr:last-child{border-bottom-style:var(--tw-border-style);border-bottom-width:0}.\[\&\[data-panel-group-direction\=vertical\]\>div\]\:rotate-90[data-panel-group-direction=vertical]>div{rotate:90deg}.\[\&\[data-state\=open\]\>svg\]\:rotate-180[data-state=open]>svg{rotate:180deg}[data-side=left][data-collapsible=offcanvas] .\[\[data-side\=left\]\[data-collapsible\=offcanvas\]_\&\]\:-right-2{right:calc(var(--spacing)*-2)}[data-side=left][data-state=collapsed] .\[\[data-side\=left\]\[data-state\=collapsed\]_\&\]\:cursor-e-resize{cursor:e-resize}[data-side=right][data-collapsible=offcanvas] .\[\[data-side\=right\]\[data-collapsible\=offcanvas\]_\&\]\:-left-2{left:calc(var(--spacing)*-2)}[data-side=right][data-state=collapsed] .\[\[data-side\=right\]\[data-state\=collapsed\]_\&\]\:cursor-w-resize{cursor:w-resize}[data-slot=card-content] .\[\[data-slot\=card-content\]_\&\]\:bg-transparent,[data-slot=popover-content] .\[\[data-slot\=popover-content\]_\&\]\:bg-transparent{background-color:#0000}[data-slot=tooltip-content] .\[\[data-slot\=tooltip-content\]_\&\]\:bg-background\/20{background-color:var(--background)}@supports (color:color-mix(in lab, red, red)){[data-slot=tooltip-content] .\[\[data-slot\=tooltip-content\]_\&\]\:bg-background\/20{background-color:color-mix(in oklab,var(--background)20%,transparent)}}[data-slot=tooltip-content] .\[\[data-slot\=tooltip-content\]_\&\]\:text-background{color:var(--background)}[data-slot=tooltip-content] .dark\:\[\[data-slot\=tooltip-content\]_\&\]\:bg-background\/10:is(.dark *){background-color:var(--background)}@supports (color:color-mix(in lab, red, red)){[data-slot=tooltip-content] .dark\:\[\[data-slot\=tooltip-content\]_\&\]\:bg-background\/10:is(.dark *){background-color:color-mix(in oklab,var(--background)10%,transparent)}}[data-variant=legend]+.\[\[data-variant\=legend\]\+\&\]\:-mt-1\.5{margin-top:calc(var(--spacing)*-1.5)}@media (hover:hover){a.\[a\&\]\:hover\:bg-accent:hover{background-color:var(--accent)}a.\[a\&\]\:hover\:bg-destructive\/90:hover{background-color:var(--destructive)}@supports (color:color-mix(in lab, red, red)){a.\[a\&\]\:hover\:bg-destructive\/90:hover{background-color:color-mix(in oklab,var(--destructive)90%,transparent)}}a.\[a\&\]\:hover\:bg-primary\/90:hover{background-color:var(--primary)}@supports (color:color-mix(in lab, red, red)){a.\[a\&\]\:hover\:bg-primary\/90:hover{background-color:color-mix(in oklab,var(--primary)90%,transparent)}}a.\[a\&\]\:hover\:bg-secondary\/90:hover{background-color:var(--secondary)}@supports (color:color-mix(in lab, red, red)){a.\[a\&\]\:hover\:bg-secondary\/90:hover{background-color:color-mix(in oklab,var(--secondary)90%,transparent)}}a.\[a\&\]\:hover\:text-accent-foreground:hover{color:var(--accent-foreground)}a.\[a\&\]\:hover\:underline:hover{text-decoration-line:underline}}}@property --tw-animation-delay{syntax:"*";inherits:false;initial-value:0s}@property --tw-animation-direction{syntax:"*";inherits:false;initial-value:normal}@property --tw-animation-duration{syntax:"*";inherits:false}@property --tw-animation-fill-mode{syntax:"*";inherits:false;initial-value:none}@property --tw-animation-iteration-count{syntax:"*";inherits:false;initial-value:1}@property --tw-enter-blur{syntax:"*";inherits:false;initial-value:0}@property --tw-enter-opacity{syntax:"*";inherits:false;initial-value:1}@property --tw-enter-rotate{syntax:"*";inherits:false;initial-value:0}@property --tw-enter-scale{syntax:"*";inherits:false;initial-value:1}@property --tw-enter-translate-x{syntax:"*";inherits:false;initial-value:0}@property --tw-enter-translate-y{syntax:"*";inherits:false;initial-value:0}@property --tw-exit-blur{syntax:"*";inherits:false;initial-value:0}@property --tw-exit-opacity{syntax:"*";inherits:false;initial-value:1}@property --tw-exit-rotate{syntax:"*";inherits:false;initial-value:0}@property --tw-exit-scale{syntax:"*";inherits:false;initial-value:1}@property --tw-exit-translate-x{syntax:"*";inherits:false;initial-value:0}@property --tw-exit-translate-y{syntax:"*";inherits:false;initial-value:0}:root{--radius:.625rem;--background:oklch(100% 0 0);--foreground:oklch(12.9% .042 264.695);--card:oklch(100% 0 0);--card-foreground:oklch(12.9% .042 264.695);--popover:oklch(100% 0 0);--popover-foreground:oklch(12.9% .042 264.695);--primary:oklch(20.8% .042 265.755);--primary-foreground:oklch(98.4% .003 247.858);--secondary:oklch(96.8% .007 247.896);--secondary-foreground:oklch(20.8% .042 265.755);--muted:oklch(96.8% .007 247.896);--muted-foreground:oklch(55.4% .046 257.417);--accent:oklch(96.8% .007 247.896);--accent-foreground:oklch(20.8% .042 265.755);--destructive:oklch(57.7% .245 27.325);--border:oklch(92.9% .013 255.508);--input:oklch(92.9% .013 255.508);--ring:oklch(70.4% .04 256.788);--chart-1:oklch(64.6% .222 41.116);--chart-2:oklch(60% .118 184.704);--chart-3:oklch(39.8% .07 227.392);--chart-4:oklch(82.8% .189 84.429);--chart-5:oklch(76.9% .188 70.08);--sidebar:oklch(98.4% .003 247.858);--sidebar-foreground:oklch(12.9% .042 264.695);--sidebar-primary:oklch(20.8% .042 265.755);--sidebar-primary-foreground:oklch(98.4% .003 247.858);--sidebar-accent:oklch(96.8% .007 247.896);--sidebar-accent-foreground:oklch(20.8% .042 265.755);--sidebar-border:oklch(92.9% .013 255.508);--sidebar-ring:oklch(70.4% .04 256.788)}.dark{--background:oklch(12.9% .042 264.695);--foreground:oklch(98.4% .003 247.858);--card:oklch(20.8% .042 265.755);--card-foreground:oklch(98.4% .003 247.858);--popover:oklch(20.8% .042 265.755);--popover-foreground:oklch(98.4% .003 247.858);--primary:oklch(92.9% .013 255.508);--primary-foreground:oklch(20.8% .042 265.755);--secondary:oklch(27.9% .041 260.031);--secondary-foreground:oklch(98.4% .003 247.858);--muted:oklch(27.9% .041 260.031);--muted-foreground:oklch(70.4% .04 256.788);--accent:oklch(27.9% .041 260.031);--accent-foreground:oklch(98.4% .003 247.858);--destructive:oklch(70.4% .191 22.216);--border:oklch(100% 0 0/.1);--input:oklch(100% 0 0/.15);--ring:oklch(55.1% .027 264.364);--chart-1:oklch(48.8% .243 264.376);--chart-2:oklch(69.6% .17 162.48);--chart-3:oklch(76.9% .188 70.08);--chart-4:oklch(62.7% .265 303.9);--chart-5:oklch(64.5% .246 16.439);--sidebar:oklch(20.8% .042 265.755);--sidebar-foreground:oklch(98.4% .003 247.858);--sidebar-primary:oklch(48.8% .243 264.376);--sidebar-primary-foreground:oklch(98.4% .003 247.858);--sidebar-accent:oklch(27.9% .041 260.031);--sidebar-accent-foreground:oklch(98.4% .003 247.858);--sidebar-border:oklch(100% 0 0/.1);--sidebar-ring:oklch(55.1% .027 264.364)}@property --tw-translate-x{syntax:"*";inherits:false;initial-value:0}@property --tw-translate-y{syntax:"*";inherits:false;initial-value:0}@property --tw-translate-z{syntax:"*";inherits:false;initial-value:0}@property --tw-scale-x{syntax:"*";inherits:false;initial-value:1}@property --tw-scale-y{syntax:"*";inherits:false;initial-value:1}@property --tw-scale-z{syntax:"*";inherits:false;initial-value:1}@property --tw-rotate-x{syntax:"*";inherits:false}@property --tw-rotate-y{syntax:"*";inherits:false}@property --tw-rotate-z{syntax:"*";inherits:false}@property --tw-skew-x{syntax:"*";inherits:false}@property --tw-skew-y{syntax:"*";inherits:false}@property --tw-pan-x{syntax:"*";inherits:false}@property --tw-pan-y{syntax:"*";inherits:false}@property --tw-pinch-zoom{syntax:"*";inherits:false}@property --tw-space-y-reverse{syntax:"*";inherits:false;initial-value:0}@property --tw-space-x-reverse{syntax:"*";inherits:false;initial-value:0}@property --tw-divide-x-reverse{syntax:"*";inherits:false;initial-value:0}@property --tw-border-style{syntax:"*";inherits:false;initial-value:solid}@property --tw-divide-y-reverse{syntax:"*";inherits:false;initial-value:0}@property --tw-gradient-position{syntax:"*";inherits:false}@property --tw-gradient-from{syntax:"<color>";inherits:false;initial-value:#0000}@property --tw-gradient-via{syntax:"<color>";inherits:false;initial-value:#0000}@property --tw-gradient-to{syntax:"<color>";inherits:false;initial-value:#0000}@property --tw-gradient-stops{syntax:"*";inherits:false}@property --tw-gradient-via-stops{syntax:"*";inherits:false}@property --tw-gradient-from-position{syntax:"<length-percentage>";inherits:false;initial-value:0%}@property --tw-gradient-via-position{syntax:"<length-percentage>";inherits:false;initial-value:50%}@property --tw-gradient-to-position{syntax:"<length-percentage>";inherits:false;initial-value:100%}@property --tw-leading{syntax:"*";inherits:false}@property --tw-font-weight{syntax:"*";inherits:false}@property --tw-tracking{syntax:"*";inherits:false}@property --tw-ordinal{syntax:"*";inherits:false}@property --tw-slashed-zero{syntax:"*";inherits:false}@property --tw-numeric-figure{syntax:"*";inherits:false}@property --tw-numeric-spacing{syntax:"*";inherits:false}@property --tw-numeric-fraction{syntax:"*";inherits:false}@property --tw-shadow{syntax:"*";inherits:false;initial-value:0 0 #0000}@property --tw-shadow-color{syntax:"*";inherits:false}@property --tw-shadow-alpha{syntax:"<percentage>";inherits:false;initial-value:100%}@property --tw-inset-shadow{syntax:"*";inherits:false;initial-value:0 0 #0000}@property --tw-inset-shadow-color{syntax:"*";inherits:false}@property --tw-inset-shadow-alpha{syntax:"<percentage>";inherits:false;initial-value:100%}@property --tw-ring-color{syntax:"*";inherits:false}@property --tw-ring-shadow{syntax:"*";inherits:false;initial-value:0 0 #0000}@property --tw-inset-ring-color{syntax:"*";inherits:false}@property --tw-inset-ring-shadow{syntax:"*";inherits:false;initial-value:0 0 #0000}@property --tw-ring-inset{syntax:"*";inherits:false}@property --tw-ring-offset-width{syntax:"<length>";inherits:false;initial-value:0}@property --tw-ring-offset-color{syntax:"*";inherits:false;initial-value:#fff}@property --tw-ring-offset-shadow{syntax:"*";inherits:false;initial-value:0 0 #0000}@property --tw-outline-style{syntax:"*";inherits:false;initial-value:solid}@property --tw-blur{syntax:"*";inherits:false}@property --tw-brightness{syntax:"*";inherits:false}@property --tw-contrast{syntax:"*";inherits:false}@property --tw-grayscale{syntax:"*";inherits:false}@property --tw-hue-rotate{syntax:"*";inherits:false}@property --tw-invert{syntax:"*";inherits:false}@property --tw-opacity{syntax:"*";inherits:false}@property --tw-saturate{syntax:"*";inherits:false}@property --tw-sepia{syntax:"*";inherits:false}@property --tw-drop-shadow{syntax:"*";inherits:false}@property --tw-drop-shadow-color{syntax:"*";inherits:false}@property --tw-drop-shadow-alpha{syntax:"<percentage>";inherits:false;initial-value:100%}@property --tw-drop-shadow-size{syntax:"*";inherits:false}@property --tw-backdrop-blur{syntax:"*";inherits:false}@property --tw-backdrop-brightness{syntax:"*";inherits:false}@property --tw-backdrop-contrast{syntax:"*";inherits:false}@property --tw-backdrop-grayscale{syntax:"*";inherits:false}@property --tw-backdrop-hue-rotate{syntax:"*";inherits:false}@property --tw-backdrop-invert{syntax:"*";inherits:false}@property --tw-backdrop-opacity{syntax:"*";inherits:false}@property --tw-backdrop-saturate{syntax:"*";inherits:false}@property --tw-backdrop-sepia{syntax:"*";inherits:false}@property --tw-duration{syntax:"*";inherits:false}@property --tw-ease{syntax:"*";inherits:false}@property --tw-content{syntax:"*";inherits:false;initial-value:""}@keyframes spin{to{transform:rotate(360deg)}}@keyframes pulse{50%{opacity:.5}}@keyframes bounce{0%,to{animation-timing-function:cubic-bezier(.8,0,1,1);transform:translateY(-25%)}50%{animation-timing-function:cubic-bezier(0,0,.2,1);transform:none}}@keyframes enter{0%{opacity:var(--tw-enter-opacity,1);transform:translate3d(var(--tw-enter-translate-x,0),var(--tw-enter-translate-y,0),0)scale3d(var(--tw-enter-scale,1),var(--tw-enter-scale,1),var(--tw-enter-scale,1))rotate(var(--tw-enter-rotate,0));filter:blur(var(--tw-enter-blur,0))}}@keyframes exit{to{opacity:var(--tw-exit-opacity,1);transform:translate3d(var(--tw-exit-translate-x,0),var(--tw-exit-translate-y,0),0)scale3d(var(--tw-exit-scale,1),var(--tw-exit-scale,1),var(--tw-exit-scale,1))rotate(var(--tw-exit-rotate,0));filter:blur(var(--tw-exit-blur,0))}}@keyframes accordion-down{0%{height:0}to{height:var(--radix-accordion-content-height,var(--bits-accordion-content-height,var(--reka-accordion-content-height,var(--kb-accordion-content-height,var(--ngp-accordion-content-height,auto)))))}}@keyframes accordion-up{0%{height:var(--radix-accordion-content-height,var(--bits-accordion-content-height,var(--reka-accordion-content-height,var(--kb-accordion-content-height,var(--ngp-accordion-content-height,auto)))))}to{height:0}}@keyframes caret-blink{0%,70%,to{opacity:1}20%,50%{opacity:0}}
> 3 |
    | ^



Import trace:
  Client Component Browser:
    ./src/app/globals.css [Client Component Browser]
    ./src/app/layout.tsx [Server Component]

https://nextjs.org/docs/messages/module-not-found


    at <unknown> (./src/app/globals.css:3:49136)
    at <unknown> (https://nextjs.org/docs/messages/module-not-found)
ΓÇëELIFECYCLEΓÇë Command failed with exit code 1.
